Component: ARM Compiler 5.06 update 7 (build 960) Tool: armlink [4d3601]

==============================================================================

Section Cross References

    startup_stm32f405xx.o(RESET) refers to startup_stm32f405xx.o(STACK) for __initial_sp
    startup_stm32f405xx.o(RESET) refers to startup_stm32f405xx.o(.text) for Reset_Handler
    startup_stm32f405xx.o(RESET) refers to stm32f4xx_it.o(i.NMI_Handler) for NMI_Handler
    startup_stm32f405xx.o(RESET) refers to stm32f4xx_it.o(i.HardFault_Handler) for HardFault_Handler
    startup_stm32f405xx.o(RESET) refers to stm32f4xx_it.o(i.MemManage_Handler) for MemManage_Handler
    startup_stm32f405xx.o(RESET) refers to stm32f4xx_it.o(i.BusFault_Handler) for BusFault_Handler
    startup_stm32f405xx.o(RESET) refers to stm32f4xx_it.o(i.UsageFault_Handler) for UsageFault_Handler
    startup_stm32f405xx.o(RESET) refers to stm32f4xx_it.o(i.SVC_Handler) for SVC_Handler
    startup_stm32f405xx.o(RESET) refers to stm32f4xx_it.o(i.DebugMon_Handler) for DebugMon_Handler
    startup_stm32f405xx.o(RESET) refers to stm32f4xx_it.o(i.PendSV_Handler) for PendSV_Handler
    startup_stm32f405xx.o(RESET) refers to stm32f4xx_it.o(i.SysTick_Handler) for SysTick_Handler
    startup_stm32f405xx.o(RESET) refers to stm32f4xx_it.o(i.CAN1_RX0_IRQHandler) for CAN1_RX0_IRQHandler
    startup_stm32f405xx.o(RESET) refers to stm32f4xx_it.o(i.USART1_IRQHandler) for USART1_IRQHandler
    startup_stm32f405xx.o(RESET) refers to stm32f4xx_it.o(i.TIM8_TRG_COM_TIM14_IRQHandler) for TIM8_TRG_COM_TIM14_IRQHandler
    startup_stm32f405xx.o(RESET) refers to stm32f4xx_it.o(i.TIM6_DAC_IRQHandler) for TIM6_DAC_IRQHandler
    startup_stm32f405xx.o(RESET) refers to stm32f4xx_it.o(i.DMA2_Stream2_IRQHandler) for DMA2_Stream2_IRQHandler
    startup_stm32f405xx.o(RESET) refers to stm32f4xx_it.o(i.CAN2_RX0_IRQHandler) for CAN2_RX0_IRQHandler
    startup_stm32f405xx.o(.text) refers to system_stm32f4xx.o(i.SystemInit) for SystemInit
    startup_stm32f405xx.o(.text) refers to entry.o(.ARM.Collect$$$$00000000) for __main
    main.o(i.HAL_TIM_PeriodElapsedCallback) refers to stm32f4xx_hal.o(i.HAL_IncTick) for HAL_IncTick
    main.o(i.HAL_TIM_PeriodElapsedCallback) refers to chassis.o(i.chassis_whole) for chassis_whole
    main.o(i.SystemClock_Config) refers to memseta.o(.text) for __aeabi_memclr4
    main.o(i.SystemClock_Config) refers to stm32f4xx_hal_rcc.o(i.HAL_RCC_OscConfig) for HAL_RCC_OscConfig
    main.o(i.SystemClock_Config) refers to stm32f4xx_hal_rcc.o(i.HAL_RCC_ClockConfig) for HAL_RCC_ClockConfig
    main.o(i.main) refers to stm32f4xx_hal.o(i.HAL_Init) for HAL_Init
    main.o(i.main) refers to main.o(i.SystemClock_Config) for SystemClock_Config
    main.o(i.main) refers to gpio.o(i.MX_GPIO_Init) for MX_GPIO_Init
    main.o(i.main) refers to dma.o(i.MX_DMA_Init) for MX_DMA_Init
    main.o(i.main) refers to can.o(i.MX_CAN1_Init) for MX_CAN1_Init
    main.o(i.main) refers to can.o(i.MX_CAN2_Init) for MX_CAN2_Init
    main.o(i.main) refers to usart.o(i.MX_USART1_UART_Init) for MX_USART1_UART_Init
    main.o(i.main) refers to usart.o(i.MX_USART6_UART_Init) for MX_USART6_UART_Init
    main.o(i.main) refers to tim.o(i.MX_TIM6_Init) for MX_TIM6_Init
    main.o(i.main) refers to can.o(i.CAN_Init) for CAN_Init
    main.o(i.main) refers to uartidle.o(i.USART1_Init) for USART1_Init
    main.o(i.main) refers to tim.o(i.TIM_Init) for TIM_Init
    main.o(i.main) refers to chassis.o(i.CHASSIS_INITIALIZA) for CHASSIS_INITIALIZA
    gpio.o(i.MX_GPIO_Init) refers to memseta.o(.text) for __aeabi_memclr4
    gpio.o(i.MX_GPIO_Init) refers to stm32f4xx_hal_gpio.o(i.HAL_GPIO_Init) for HAL_GPIO_Init
    can.o(i.CAN1_Tx) refers to stm32f4xx_hal_can.o(i.HAL_CAN_AddTxMessage) for HAL_CAN_AddTxMessage
    can.o(i.CAN1_Tx) refers to can.o(.bss) for .bss
    can.o(i.CAN2_Tx) refers to stm32f4xx_hal_can.o(i.HAL_CAN_AddTxMessage) for HAL_CAN_AddTxMessage
    can.o(i.CAN2_Tx) refers to can.o(.bss) for .bss
    can.o(i.CAN_Init) refers to stm32f4xx_hal_can.o(i.HAL_CAN_ActivateNotification) for HAL_CAN_ActivateNotification
    can.o(i.CAN_Init) refers to stm32f4xx_hal_can.o(i.HAL_CAN_Start) for HAL_CAN_Start
    can.o(i.CAN_Init) refers to can.o(.bss) for .bss
    can.o(i.CAN_Receive) refers to stm32f4xx_hal_can.o(i.HAL_CAN_GetRxMessage) for HAL_CAN_GetRxMessage
    can.o(i.CAN_Receive) refers to can.o(.bss) for .bss
    can.o(i.HAL_CAN_MspDeInit) refers to stm32f4xx_hal_gpio.o(i.HAL_GPIO_DeInit) for HAL_GPIO_DeInit
    can.o(i.HAL_CAN_MspDeInit) refers to stm32f4xx_hal_cortex.o(i.HAL_NVIC_DisableIRQ) for HAL_NVIC_DisableIRQ
    can.o(i.HAL_CAN_MspDeInit) refers to can.o(.data) for .data
    can.o(i.HAL_CAN_MspInit) refers to memseta.o(.text) for __aeabi_memclr4
    can.o(i.HAL_CAN_MspInit) refers to stm32f4xx_hal_gpio.o(i.HAL_GPIO_Init) for HAL_GPIO_Init
    can.o(i.HAL_CAN_MspInit) refers to stm32f4xx_hal_cortex.o(i.HAL_NVIC_SetPriority) for HAL_NVIC_SetPriority
[...]
    ../Src/dma.c                             0x00000000   Number         0  dma.o ABSOLUTE
    ../Src/gpio.c                            0x00000000   Number         0  gpio.o ABSOLUTE
    ../Src/main.c                            0x00000000   Number         0  main.o ABSOLUTE
    ../Src/stm32f4xx_hal_msp.c               0x00000000   Number         0  stm32f4xx_hal_msp.o ABSOLUTE
    ../Src/stm32f4xx_hal_timebase_tim.c      0x00000000   Number         0  stm32f4xx_hal_timebase_tim.o ABSOLUTE
    ../Src/stm32f4xx_it.c                    0x00000000   Number         0  stm32f4xx_it.o ABSOLUTE
    ../Src/system_stm32f4xx.c                0x00000000   Number         0  system_stm32f4xx.o ABSOLUTE
    ../Src/tim.c                             0x00000000   Number         0  tim.o ABSOLUTE
    ../Src/usart.c                           0x00000000   Number         0  usart.o ABSOLUTE
    ../clib/microlib/division.c              0x00000000   Number         0  uldiv.o ABSOLUTE
    ../clib/microlib/errno.c                 0x00000000   Number         0  errno.o ABSOLUTE
    ../clib/microlib/init/entry.s            0x00000000   Number         0  entry.o ABSOLUTE
    ../clib/microlib/init/entry.s            0x00000000   Number         0  entry9b.o ABSOLUTE
    ../clib/microlib/init/entry.s            0x00000000   Number         0  entry9a.o ABSOLUTE
    ../clib/microlib/init/entry.s            0x00000000   Number         0  entry8b.o ABSOLUTE
    ../clib/microlib/init/entry.s            0x00000000   Number         0  entry8a.o ABSOLUTE
    ../clib/microlib/init/entry.s            0x00000000   Number         0  entry7b.o ABSOLUTE
    ../clib/microlib/init/entry.s            0x00000000   Number         0  entry7a.o ABSOLUTE
    ../clib/microlib/init/entry.s            0x00000000   Number         0  entry5.o ABSOLUTE
    ../clib/microlib/init/entry.s            0x00000000   Number         0  entry2.o ABSOLUTE
    ../clib/microlib/init/entry.s            0x00000000   Number         0  entry10a.o ABSOLUTE
    ../clib/microlib/init/entry.s            0x00000000   Number         0  entry12b.o ABSOLUTE
    ../clib/microlib/init/entry.s            0x00000000   Number         0  entry12a.o ABSOLUTE
    ../clib/microlib/init/entry.s            0x00000000   Number         0  entry11b.o ABSOLUTE
    ../clib/microlib/init/entry.s            0x00000000   Number         0  entry11a.o ABSOLUTE
    ../clib/microlib/init/entry.s            0x00000000   Number         0  entry10b.o ABSOLUTE
    ../clib/microlib/longlong.c              0x00000000   Number         0  llsshr.o ABSOLUTE
    ../clib/microlib/longlong.c              0x00000000   Number         0  llushr.o ABSOLUTE
    ../clib/microlib/longlong.c              0x00000000   Number         0  llshl.o ABSOLUTE
    ../clib/microlib/string/memcpy.c         0x00000000   Number         0  memcpya.o ABSOLUTE
    ../clib/microlib/string/memcpy.c         0x00000000   Number         0  memcpyb.o ABSOLUTE
    ../clib/microlib/string/memset.c         0x00000000   Number         0  memseta.o ABSOLUTE
    ../clib/microlib/stubs.s                 0x00000000   Number         0  iusefp.o ABSOLUTE
    ../fplib/microlib/d2f.c                  0x00000000   Number         0  d2f.o ABSOLUTE
    ../fplib/microlib/f2d.c                  0x00000000   Number         0  f2d.o ABSOLUTE
    ../fplib/microlib/fpadd.c                0x00000000   Number         0  dadd.o ABSOLUTE
    ../fplib/microlib/fpdiv.c                0x00000000   Number         0  ddiv.o ABSOLUTE
    ../fplib/microlib/fpepilogue.c           0x00000000   Number         0  fepilogue.o ABSOLUTE
    ../fplib/microlib/fpepilogue.c           0x00000000   Number         0  depilogue.o ABSOLUTE
    ../fplib/microlib/fpfix.c                0x00000000   Number         0  dfixi.o ABSOLUTE
    ../fplib/microlib/fpflt.c                0x00000000   Number         0  dfltui.o ABSOLUTE
    ../fplib/microlib/fpflt.c                0x00000000   Number         0  dflti.o ABSOLUTE
    ../fplib/microlib/fpmul.c                0x00000000   Number         0  dmul.o ABSOLUTE
    ../fplib/microlib/fpneg.c                0x00000000   Number         0  dneg.o ABSOLUTE
    ../fplib/microlib/fpsqrt.c               0x00000000   Number         0  dsqrt.o ABSOLUTE
    ../mathlib/cos.c                         0x00000000   Number         0  cos_x.o ABSOLUTE
    ../mathlib/cos.c                         0x00000000   Number         0  cos.o ABSOLUTE
    ../mathlib/cos_i.c                       0x00000000   Number         0  cos_i.o ABSOLUTE
    ../mathlib/dunder.c                      0x00000000   Number         0  dunder.o ABSOLUTE
    ../mathlib/fabs.c                        0x00000000   Number         0  fabs.o ABSOLUTE
    ../mathlib/fpclassify.c                  0x00000000   Number         0  fpclassify.o ABSOLUTE
    ../mathlib/poly.c                        0x00000000   Number         0  poly.o ABSOLUTE
    ../mathlib/rred.c                        0x00000000   Number         0  rred.o ABSOLUTE
    ../mathlib/sin.c                         0x00000000   Number         0  sin.o ABSOLUTE
    ../mathlib/sin.c                         0x00000000   Number         0  sin_x.o ABSOLUTE
    ../mathlib/sin_i.c                       0x00000000   Number         0  sin_i.o ABSOLUTE
    ../mathlib/sin_i.c                       0x00000000   Number         0  sin_i_x.o ABSOLUTE
    ../mathlib/sqrt.c                        0x00000000   Number         0  sqrt_x.o ABSOLUTE
    ../mathlib/sqrt.c                        0x00000000   Number         0  sqrt.o ABSOLUTE
    ..\Drivers\Motor\motor.c                 0x00000000   Number         0  motor.o ABSOLUTE
    ..\Drivers\PID\PID.c                     0x00000000   Number         0  pid.o ABSOLUTE
    ..\Drivers\RC\rc.c                       0x00000000   Number         0  rc.o ABSOLUTE
    ..\Drivers\Referee_system\Referee_system.c 0x00000000   Number         0  referee_system.o ABSOLUTE
    ..\Drivers\STM32F4xx_HAL_Driver\Src\stm32f4xx_hal.c 0x00000000   Number         0  stm32f4xx_hal.o ABSOLUTE
    ..\Drivers\STM32F4xx_HAL_Driver\Src\stm32f4xx_hal_can.c 0x00000000   Number         0  stm32f4xx_hal_can.o ABSOLUTE
    ..\Drivers\STM32F4xx_HAL_Driver\Src\stm32f4xx_hal_cortex.c 0x00000000   Number         0  stm32f4xx_hal_cortex.o ABSOLUTE
    ..\Drivers\STM32F4xx_HAL_Driver\Src\stm32f4xx_hal_dma.c 0x00000000   Number         0  stm32f4xx_hal_dma.o ABSOLUTE
    ..\Drivers\STM32F4xx_HAL_Driver\Src\stm32f4xx_hal_dma_ex.c 0x00000000   Number         0  stm32f4xx_hal_dma_ex.o ABSOLUTE
    ..\Drivers\STM32F4xx_HAL_Driver\Src\stm32f4xx_hal_exti.c 0x00000000   Number         0  stm32f4xx_hal_exti.o ABSOLUTE
    ..\Drivers\STM32F4xx_HAL_Driver\Src\stm32f4xx_hal_flash.c 0x00000000   Number         0  stm32f4xx_hal_flash.o ABSOLUTE
    ..\Drivers\STM32F4xx_HAL_Driver\Src\stm32f4xx_hal_flash_ex.c 0x00000000   Number         0  stm32f4xx_hal_flash_ex.o ABSOLUTE
    ..\Drivers\STM32F4xx_HAL_Driver\Src\stm32f4xx_hal_flash_ramfunc.c 0x00000000   Number         0  stm32f4xx_hal_flash_ramfunc.o ABSOLUTE
    ..\Drivers\STM32F4xx_HAL_Driver\Src\stm32f4xx_hal_gpio.c 0x00000000   Number         0  stm32f4xx_hal_gpio.o ABSOLUTE
    ..\Drivers\STM32F4xx_HAL_Driver\Src\stm32f4xx_hal_pwr.c 0x00000000   Number         0  stm32f4xx_hal_pwr.o ABSOLUTE
    ..\Drivers\STM32F4xx_HAL_Driver\Src\stm32f4xx_hal_pwr_ex.c 0x00000000   Number         0  stm32f4xx_hal_pwr_ex.o ABSOLUTE
    ..\Drivers\STM32F4xx_HAL_Driver\Src\stm32f4xx_hal_rcc.c 0x00000000   Number         0  stm32f4xx_hal_rcc.o ABSOLUTE
    ..\Drivers\STM32F4xx_HAL_Driver\Src\stm32f4xx_hal_rcc_ex.c 0x00000000   Number         0  stm32f4xx_hal_rcc_ex.o ABSOLUTE
    ..\Drivers\STM32F4xx_HAL_Driver\Src\stm32f4xx_hal_tim.c 0x00000000   Number         0  stm32f4xx_hal_tim.o ABSOLUTE
    ..\Drivers\STM32F4xx_HAL_Driver\Src\stm32f4xx_hal_tim_ex.c 0x00000000   Number         0  stm32f4xx_hal_tim_ex.o ABSOLUTE
    ..\Drivers\STM32F4xx_HAL_Driver\Src\stm32f4xx_hal_uart.c 0x00000000   Number         0  stm32f4xx_hal_uart.o ABSOLUTE
    ..\Drivers\UART_IDLE\uartidle.c          0x00000000   Number         0  uartidle.o ABSOLUTE
    ..\Drivers\chassis\chassis.c             0x00000000   Number         0  chassis.o ABSOLUTE
    ..\Drivers\vofa\vofa.c                   0x00000000   Number         0  vofa.o ABSOLUTE
    ..\Src\can.c                             0x00000000   Number         0  can.o ABSOLUTE
    ..\Src\dma.c                             0x00000000   Number         0  dma.o ABSOLUTE
    ..\Src\gpio.c                            0x00000000   Number         0  gpio.o ABSOLUTE
    ..\Src\main.c                            0x00000000   Number         0  main.o ABSOLUTE
    ..\Src\stm32f4xx_hal_msp.c               0x00000000   Number         0  stm32f4xx_hal_msp.o ABSOLUTE
    ..\Src\stm32f4xx_hal_timebase_tim.c      0x00000000   Number         0  stm32f4xx_hal_timebase_tim.o ABSOLUTE
    ..\Src\stm32f4xx_it.c                    0x00000000   Number         0  stm32f4xx_it.o ABSOLUTE
    ..\Src\system_stm32f4xx.c                0x00000000   Number         0  system_stm32f4xx.o ABSOLUTE
    ..\Src\tim.c                             0x00000000   Number         0  tim.o ABSOLUTE
    ..\Src\usart.c                           0x00000000   Number         0  usart.o ABSOLUTE
    ..\\Drivers\\Motor\\motor.c              0x00000000   Number         0  motor.o ABSOLUTE
    ..\\Drivers\\PID\\PID.c                  0x00000000   Number         0  pid.o ABSOLUTE
    ..\\Drivers\\RC\\rc.c                    0x00000000   Number         0  rc.o ABSOLUTE
    ..\\Drivers\\Referee_system\\Referee_system.c 0x00000000   Number         0  referee_system.o ABSOLUTE
    ..\\Drivers\\UART_IDLE\\uartidle.c       0x00000000   Number         0  uartidle.o ABSOLUTE
    ..\\Drivers\\chassis\\chassis.c          0x00000000   Number         0  chassis.o ABSOLUTE
    ..\\Drivers\\vofa\\vofa.c                0x00000000   Number         0  vofa.o ABSOLUTE
    cdcmple.s                                0x00000000   Number         0  cdcmple.o ABSOLUTE
    dc.s                                     0x00000000   Number         0  dc.o ABSOLUTE
    handlers.s                               0x00000000   Number         0  handlers.o ABSOLUTE
    init.s                                   0x00000000   Number         0  init.o ABSOLUTE
    startup_stm32f405xx.s                    0x00000000   Number         0  startup_stm32f405xx.o ABSOLUTE
    RESET                                    0x08000000   Section      392  startup_stm32f405xx.o(RESET)
    .ARM.Collect$$$$00000000                 0x08000188   Section        0  entry.o(.ARM.Collect$$$$00000000)
    .ARM.Collect$$$$00000001                 0x08000188   Section        4  entry2.o(.ARM.Collect$$$$00000001)
    .ARM.Collect$$$$00000004                 0x0800018c   Section        4  entry5.o(.ARM.Collect$$$$00000004)
    .ARM.Collect$$$$00000008                 0x08000190   Section        0  entry7b.o(.ARM.Collect$$$$00000008)
    .ARM.Collect$$$$0000000A                 0x08000190   Section        0  entry8b.o(.ARM.Collect$$$$0000000A)
    .ARM.Collect$$$$0000000B                 0x08000190   Section        8  entry9a.o(.ARM.Collect$$$$0000000B)
    .ARM.Collect$$$$0000000E                 0x08000198   Section        4  entry12b.o(.ARM.Collect$$$$0000000E)
    .ARM.Collect$$$$0000000F                 0x0800019c   Section        0  entry10a.o(.ARM.Collect$$$$0000000F)
    .ARM.Collect$$$$00000011                 0x0800019c   Section        0  entry11a.o(.ARM.Collect$$$$00000011)
    .ARM.Collect$$$$00002712                 0x0800019c   Section        4  entry2.o(.ARM.Collect$$$$00002712)
    __lit__00000000                          0x0800019c   Data           4  entry2.o(.ARM.Collect$$$$00002712)
    .text                                    0x080001a0   Section       36  startup_stm32f405xx.o(.text)
    $v0                                      0x080001a0   Number         0  startup_stm32f405xx.o(.text)
    .text                                    0x080001c4   Section        0  uldiv.o(.text)
    .text                                    0x08000226   Section        0  memcpya.o(.text)
    .text                                    0x0800024a   Section        0  memseta.o(.text)
    .text                                    0x0800026e   Section        0  dadd.o(.text)
    .text                                    0x080003bc   Section        0  dmul.o(.text)
    .text                                    0x080004a0   Section        0  ddiv.o(.text)
    .text                                    0x0800057e   Section        0  f2d.o(.text)
    .text                                    0x080005a4   Section        0  d2f.o(.text)
    .text                                    0x080005dc   Section        0  llshl.o(.text)
    .text                                    0x080005fa   Section        0  llushr.o(.text)
    .text                                    0x0800061a   Section        0  llsshr.o(.text)
    .text                                    0x0800063e   Section        0  fepilogue.o(.text)
    .text                                    0x0800063e   Section        0  iusefp.o(.text)
    .text                                    0x080006ac   Section        0  depilogue.o(.text)
    .text                                    0x08000768   Section       36  init.o(.text)
    .text                                    0x0800078c   Section        0  dflti.o(.text)
    .text                                    0x080007ae   Section        0  dfltui.o(.text)
    .text                                    0x080007c8   Section        0  dfixi.o(.text)
    i.BusFault_Handler                       0x08000806   Section        0  stm32f4xx_it.o(i.BusFault_Handler)
    i.CAN1_RX0_IRQHandler                    0x08000808   Section        0  stm32f4xx_it.o(i.CAN1_RX0_IRQHandler)
    i.CAN1_Tx                                0x08000814   Section        0  can.o(i.CAN1_Tx)
    i.CAN2_RX0_IRQHandler                    0x08000878   Section        0  stm32f4xx_it.o(i.CAN2_RX0_IRQHandler)
    i.CAN_Init                               0x08000884   Section        0  can.o(i.CAN_Init)
    i.CAN_Receive                            0x080008b0   Section        0  can.o(i.CAN_Receive)
    i.CHASSIS_FOLLOW                         0x080008f4   Section        0  chassis.o(i.CHASSIS_FOLLOW)
    i.CHASSIS_INITIALIZA                     0x08000970   Section        0  chassis.o(i.CHASSIS_INITIALIZA)
    i.CHASSIS_OFFICE                         0x08000a94   Section        0  chassis.o(i.CHASSIS_OFFICE)
    i.DMA2_Stream2_IRQHandler                0x08000abc   Section        0  stm32f4xx_it.o(i.DMA2_Stream2_IRQHandler)
    i.DMA_CalcBaseAndBitshift                0x08000ac8   Section        0  stm32f4xx_hal_dma.o(i.DMA_CalcBaseAndBitshift)
    DMA_CalcBaseAndBitshift                  0x08000ac9   Thumb Code    34  stm32f4xx_hal_dma.o(i.DMA_CalcBaseAndBitshift)
    i.DMA_CheckFifoParam                     0x08000af0   Section        0  stm32f4xx_hal_dma.o(i.DMA_CheckFifoParam)
    DMA_CheckFifoParam                       0x08000af1   Thumb Code    84  stm32f4xx_hal_dma.o(i.DMA_CheckFifoParam)
    i.DebugMon_Handler                       0x08000b44   Section        0  stm32f4xx_it.o(i.DebugMon_Handler)
    i.Determine_ID                           0x08000b48   Section        0  referee_system.o(i.Determine_ID)
    i.Error_Handler                          0x08000c50   Section        0  main.o(i.Error_Handler)
    i.Get_CRC16_Check_Sum                    0x08000c54   Section        0  referee_system.o(i.Get_CRC16_Check_Sum)
    i.Get_CRC8_Check_Sum                     0x08000c80   Section        0  referee_system.o(i.Get_CRC8_Check_Sum)
    i.HAL_CAN_ActivateNotification           0x08000c9c   Section        0  stm32f4xx_hal_can.o(i.HAL_CAN_ActivateNotification)
    i.HAL_CAN_AddTxMessage                   0x08000cc0   Section        0  stm32f4xx_hal_can.o(i.HAL_CAN_AddTxMessage)
    i.HAL_CAN_ConfigFilter                   0x08000d90   Section        0  stm32f4xx_hal_can.o(i.HAL_CAN_ConfigFilter)
    i.HAL_CAN_ErrorCallback                  0x08000e9c   Section        0  stm32f4xx_hal_can.o(i.HAL_CAN_ErrorCallback)
    i.HAL_CAN_GetRxMessage                   0x08000e9e   Section        0  stm32f4xx_hal_can.o(i.HAL_CAN_GetRxMessage)
    i.HAL_CAN_IRQHandler                     0x08000f92   Section        0  stm32f4xx_hal_can.o(i.HAL_CAN_IRQHandler)
    i.HAL_CAN_Init                           0x0800118e   Section        0  stm32f4xx_hal_can.o(i.HAL_CAN_Init)
    i.HAL_CAN_MspInit                        0x080012a8   Section        0  can.o(i.HAL_CAN_MspInit)
    i.HAL_CAN_RxFifo0FullCallback            0x080013a8   Section        0  stm32f4xx_hal_can.o(i.HAL_CAN_RxFifo0FullCallback)
    i.HAL_CAN_RxFifo0MsgPendingCallback      0x080013aa   Section        0  can.o(i.HAL_CAN_RxFifo0MsgPendingCallback)
    i.HAL_CAN_RxFifo1FullCallback            0x080013b8   Section        0  stm32f4xx_hal_can.o(i.HAL_CAN_RxFifo1FullCallback)
    i.HAL_CAN_RxFifo1MsgPendingCallback      0x080013ba   Section        0  stm32f4xx_hal_can.o(i.HAL_CAN_RxFifo1MsgPendingCallback)
    i.HAL_CAN_SleepCallback                  0x080013bc   Section        0  stm32f4xx_hal_can.o(i.HAL_CAN_SleepCallback)
    i.HAL_CAN_Start                          0x080013c0   Section        0  stm32f4xx_hal_can.o(i.HAL_CAN_Start)
    i.HAL_CAN_TxMailbox0AbortCallback        0x08001418   Section        0  stm32f4xx_hal_can.o(i.HAL_CAN_TxMailbox0AbortCallback)
    i.HAL_CAN_TxMailbox0CompleteCallback     0x0800141a   Section        0  stm32f4xx_hal_can.o(i.HAL_CAN_TxMailbox0CompleteCallback)
    i.HAL_CAN_TxMailbox1AbortCallback        0x0800141c   Section        0  stm32f4xx_hal_can.o(i.HAL_CAN_TxMailbox1AbortCallback)
    i.HAL_CAN_TxMailbox1CompleteCallback     0x0800141e   Section        0  stm32f4xx_hal_can.o(i.HAL_CAN_TxMailbox1CompleteCallback)
    i.HAL_CAN_TxMailbox2AbortCallback        0x08001420   Section        0  stm32f4xx_hal_can.o(i.HAL_CAN_TxMailbox2AbortCallback)
    i.HAL_CAN_TxMailbox2CompleteCallback     0x08001422   Section        0  stm32f4xx_hal_can.o(i.HAL_CAN_TxMailbox2CompleteCallback)
    i.HAL_CAN_WakeUpFromRxMsgCallback        0x08001424   Section        0  stm32f4xx_hal_can.o(i.HAL_CAN_WakeUpFromRxMsgCallback)
    i.HAL_DMA_Abort                          0x08001426   Section        0  stm32f4xx_hal_dma.o(i.HAL_DMA_Abort)
    i.HAL_DMA_Abort_IT                       0x080014b8   Section        0  stm32f4xx_hal_dma.o(i.HAL_DMA_Abort_IT)
    i.HAL_DMA_IRQHandler                     0x080014dc   Section        0  stm32f4xx_hal_dma.o(i.HAL_DMA_IRQHandler)
    i.HAL_DMA_Init                           0x0800167c   Section        0  stm32f4xx_hal_dma.o(i.HAL_DMA_Init)
    i.HAL_GPIO_Init                          0x08001750   Section        0  stm32f4xx_hal_gpio.o(i.HAL_GPIO_Init)
    i.HAL_GetTick                            0x08001940   Section        0  stm32f4xx_hal.o(i.HAL_GetTick)
    i.HAL_IncTick                            0x0800194c   Section        0  stm32f4xx_hal.o(i.HAL_IncTick)
    i.HAL_Init                               0x0800195c   Section        0  stm32f4xx_hal.o(i.HAL_Init)
    i.HAL_InitTick                           0x08001990   Section        0  stm32f4xx_hal_timebase_tim.o(i.HAL_InitTick)
    i.HAL_MspInit                            0x08001a28   Section        0  stm32f4xx_hal_msp.o(i.HAL_MspInit)
    i.HAL_NVIC_EnableIRQ                     0x08001a58   Section        0  stm32f4xx_hal_cortex.o(i.HAL_NVIC_EnableIRQ)
    i.HAL_NVIC_SetPriority                   0x08001a74   Section        0  stm32f4xx_hal_cortex.o(i.HAL_NVIC_SetPriority)
    i.HAL_NVIC_SetPriorityGrouping           0x08001ab4   Section        0  stm32f4xx_hal_cortex.o(i.HAL_NVIC_SetPriorityGrouping)
    i.HAL_RCC_ClockConfig                    0x08001ad8   Section        0  stm32f4xx_hal_rcc.o(i.HAL_RCC_ClockConfig)
    i.HAL_RCC_GetClockConfig                 0x08001c0c   Section        0  stm32f4xx_hal_rcc.o(i.HAL_RCC_GetClockConfig)
    i.HAL_RCC_GetPCLK1Freq                   0x08001c4c   Section        0  stm32f4xx_hal_rcc.o(i.HAL_RCC_GetPCLK1Freq)
    i.HAL_RCC_GetPCLK2Freq                   0x08001c6c   Section        0  stm32f4xx_hal_rcc.o(i.HAL_RCC_GetPCLK2Freq)
    i.HAL_RCC_GetSysClockFreq                0x08001c8c   Section        0  stm32f4xx_hal_rcc.o(i.HAL_RCC_GetSysClockFreq)
    i.HAL_RCC_OscConfig                      0x08001cf0   Section        0  stm32f4xx_hal_rcc.o(i.HAL_RCC_OscConfig)
    i.HAL_TIMEx_BreakCallback                0x0800205c   Section        0  stm32f4xx_hal_tim_ex.o(i.HAL_TIMEx_BreakCallback)
    i.HAL_TIMEx_CommutCallback               0x0800205e   Section        0  stm32f4xx_hal_tim_ex.o(i.HAL_TIMEx_CommutCallback)
    i.HAL_TIMEx_MasterConfigSynchronization  0x08002060   Section        0  stm32f4xx_hal_tim_ex.o(i.HAL_TIMEx_MasterConfigSynchronization)
    i.HAL_TIM_Base_Init                      0x080020f0   Section        0  stm32f4xx_hal_tim.o(i.HAL_TIM_Base_Init)
    i.HAL_TIM_Base_MspInit                   0x0800214c   Section        0  tim.o(i.HAL_TIM_Base_MspInit)
    i.HAL_TIM_Base_Start_IT                  0x08002188   Section        0  stm32f4xx_hal_tim.o(i.HAL_TIM_Base_Start_IT)
    i.HAL_TIM_IC_CaptureCallback             0x08002208   Section        0  stm32f4xx_hal_tim.o(i.HAL_TIM_IC_CaptureCallback)
    i.HAL_TIM_IRQHandler                     0x0800220a   Section        0  stm32f4xx_hal_tim.o(i.HAL_TIM_IRQHandler)
    i.HAL_TIM_OC_DelayElapsedCallback        0x0800233a   Section        0  stm32f4xx_hal_tim.o(i.HAL_TIM_OC_DelayElapsedCallback)
    i.HAL_TIM_PWM_PulseFinishedCallback      0x0800233c   Section        0  stm32f4xx_hal_tim.o(i.HAL_TIM_PWM_PulseFinishedCallback)
    i.HAL_TIM_PeriodElapsedCallback          0x08002340   Section        0  main.o(i.HAL_TIM_PeriodElapsedCallback)
    i.HAL_TIM_TriggerCallback                0x08002360   Section        0  stm32f4xx_hal_tim.o(i.HAL_TIM_TriggerCallback)
    i.HAL_UARTEx_RxEventCallback             0x08002362   Section        0  stm32f4xx_hal_uart.o(i.HAL_UARTEx_RxEventCallback)
    i.HAL_UART_ErrorCallback                 0x08002364   Section        0  stm32f4xx_hal_uart.o(i.HAL_UART_ErrorCallback)
    i.HAL_UART_IRQHandler                    0x08002368   Section        0  stm32f4xx_hal_uart.o(i.HAL_UART_IRQHandler)
    i.HAL_UART_Init                          0x080025d8   Section        0  stm32f4xx_hal_uart.o(i.HAL_UART_Init)
    i.HAL_UART_MspInit                       0x0800263c   Section        0  usart.o(i.HAL_UART_MspInit)
    i.HAL_UART_RxCpltCallback                0x08002734   Section        0  stm32f4xx_hal_uart.o(i.HAL_UART_RxCpltCallback)
    i.HAL_UART_TxCpltCallback                0x08002736   Section        0  stm32f4xx_hal_uart.o(i.HAL_UART_TxCpltCallback)
    i.HANG_SHOT_EXECUTE                      0x08002738   Section        0  chassis.o(i.HANG_SHOT_EXECUTE)
    i.HardFault_Handler                      0x0800274c   Section        0  stm32f4xx_it.o(i.HardFault_Handler)
    i.IDLE_UART_IRQHandler                   0x08002750   Section        0  uartidle.o(i.IDLE_UART_IRQHandler)
    i.JUDEG_CHASSIS_ONLINE                   0x080027a8   Section        0  chassis.o(i.JUDEG_CHASSIS_ONLINE)
    i.JUDEG_MODE_KEY                         0x080027c8   Section        0  chassis.o(i.JUDEG_MODE_KEY)
    i.JUDGE_MODE_RC                          0x080027fc   Section        0  chassis.o(i.JUDGE_MODE_RC)
    i.Judege_read_data                       0x08002b34   Section        0  referee_system.o(i.Judege_read_data)
    i.KEY_CONTROL                            0x08002d0c   Section        0  chassis.o(i.KEY_CONTROL)
    i.MODE_TOGGLE                            0x08002d80   Section        0  chassis.o(i.MODE_TOGGLE)
    i.MOVE_CONTROL                           0x08002da0   Section        0  chassis.o(i.MOVE_CONTROL)
    i.MSP_motor                              0x08002e20   Section        0  motor.o(i.MSP_motor)
    i.MX_CAN1_Init                           0x08002efc   Section        0  can.o(i.MX_CAN1_Init)
    i.MX_CAN2_Init                           0x08002f5c   Section        0  can.o(i.MX_CAN2_Init)
    i.MX_DMA_Init                            0x08002fbc   Section        0  dma.o(i.MX_DMA_Init)
    i.MX_GPIO_Init                           0x08002fe8   Section        0  gpio.o(i.MX_GPIO_Init)
    i.MX_TIM6_Init                           0x08003058   Section        0  tim.o(i.MX_TIM6_Init)
    i.MX_USART1_UART_Init                    0x0800309c   Section        0  usart.o(i.MX_USART1_UART_Init)
    i.MX_USART6_UART_Init                    0x080030d4   Section        0  usart.o(i.MX_USART6_UART_Init)
    i.MemManage_Handler                      0x0800310c   Section        0  stm32f4xx_it.o(i.MemManage_Handler)
    i.NMI_Handler                            0x0800310e   Section        0  stm32f4xx_it.o(i.NMI_Handler)
    i.PID_realize                            0x08003110   Section        0  pid.o(i.PID_realize)
    i.PLUCK                                  0x080031e4   Section        0  chassis.o(i.PLUCK)
    i.PendSV_Handler                         0x08003238   Section        0  stm32f4xx_it.o(i.PendSV_Handler)
    i.SMALL_SPIN_TOPS                        0x0800323c   Section        0  chassis.o(i.SMALL_SPIN_TOPS)
    i.SPEED_CONTROL                          0x080033e8   Section        0  chassis.o(i.SPEED_CONTROL)
    i.SVC_Handler                            0x08003458   Section        0  stm32f4xx_it.o(i.SVC_Handler)
    i.SysTick_Handler                        0x0800345a   Section        0  stm32f4xx_it.o(i.SysTick_Handler)
    i.SystemClock_Config                     0x0800345c   Section        0  main.o(i.SystemClock_Config)
    i.SystemInit                             0x080034f4   Section        0  system_stm32f4xx.o(i.SystemInit)
    i.TIM6_DAC_IRQHandler                    0x08003504   Section        0  stm32f4xx_it.o(i.TIM6_DAC_IRQHandler)
    i.TIM8_TRG_COM_TIM14_IRQHandler          0x08003510   Section        0  stm32f4xx_it.o(i.TIM8_TRG_COM_TIM14_IRQHandler)
    i.TIM_Base_SetConfig                     0x0800351c   Section        0  stm32f4xx_hal_tim.o(i.TIM_Base_SetConfig)
    i.TIM_Init                               0x080035f4   Section        0  tim.o(i.TIM_Init)
    i.UART_DMAAbortOnError                   0x08003600   Section        0  stm32f4xx_hal_uart.o(i.UART_DMAAbortOnError)
    UART_DMAAbortOnError                     0x08003601   Thumb Code    16  stm32f4xx_hal_uart.o(i.UART_DMAAbortOnError)
    i.UART_EndRxTransfer                     0x08003610   Section        0  stm32f4xx_hal_uart.o(i.UART_EndRxTransfer)
    UART_EndRxTransfer                       0x08003611   Thumb Code    78  stm32f4xx_hal_uart.o(i.UART_EndRxTransfer)
    i.UART_Receive_IT                        0x0800365e   Section        0  stm32f4xx_hal_uart.o(i.UART_Receive_IT)
    UART_Receive_IT                          0x0800365f   Thumb Code   194  stm32f4xx_hal_uart.o(i.UART_Receive_IT)
    i.UART_SetConfig                         0x08003720   Section        0  stm32f4xx_hal_uart.o(i.UART_SetConfig)
    UART_SetConfig                           0x08003721   Thumb Code   258  stm32f4xx_hal_uart.o(i.UART_SetConfig)
    i.USART1_IRQHandler                      0x0800382c   Section        0  stm32f4xx_it.o(i.USART1_IRQHandler)
    i.USART1_Init                            0x08003844   Section        0  uartidle.o(i.USART1_Init)
    i.UsageFault_Handler                     0x080038c4   Section        0  stm32f4xx_it.o(i.UsageFault_Handler)
    i.Verify_CRC16_Check_Sum                 0x080038c8   Section        0  referee_system.o(i.Verify_CRC16_Check_Sum)
    i.Verify_CRC8_Check_Sum                  0x08003904   Section        0  referee_system.o(i.Verify_CRC8_Check_Sum)
    i.__ARM_fpclassify                       0x0800392a   Section        0  fpclassify.o(i.__ARM_fpclassify)
    i.__NVIC_SetPriority                     0x0800395a   Section        0  stm32f4xx_hal_cortex.o(i.__NVIC_SetPriority)
    __NVIC_SetPriority                       0x0800395b   Thumb Code    32  stm32f4xx_hal_cortex.o(i.__NVIC_SetPriority)
    i.__hardfp_cos                           0x08003980   Section        0  cos.o(i.__hardfp_cos)
    i.__hardfp_sin                           0x08003a48   Section        0  sin.o(i.__hardfp_sin)
    i.__ieee754_rem_pio2                     0x08003b10   Section        0  rred.o(i.__ieee754_rem_pio2)
    i.__kernel_cos                           0x08003f48   Section        0  cos_i.o(i.__kernel_cos)
    i.__kernel_poly                          0x080040b8   Section        0  poly.o(i.__kernel_poly)
    i.__kernel_sin                           0x080041b0   Section        0  sin_i.o(i.__kernel_sin)
    i.__mathlib_dbl_infnan                   0x080042e0   Section        0  dunder.o(i.__mathlib_dbl_infnan)
    i.__mathlib_dbl_invalid                  0x080042f8   Section        0  dunder.o(i.__mathlib_dbl_invalid)
    i.__mathlib_dbl_underflow                0x08004318   Section        0  dunder.o(i.__mathlib_dbl_underflow)
    i.__scatterload_copy                     0x08004338   Section       14  handlers.o(i.__scatterload_copy)
    i.__scatterload_null                     0x08004346   Section        2  handlers.o(i.__scatterload_null)
    i.__scatterload_zeroinit                 0x08004348   Section       14  handlers.o(i.__scatterload_zeroinit)
    i.__set_errno                            0x08004358   Section        0  errno.o(i.__set_errno)
    i.chassis_can1_tx                        0x08004364   Section        0  chassis.o(i.chassis_can1_tx)
    i.chassis_control                        0x080044a4   Section        0  chassis.o(i.chassis_control)
    i.chassis_whole                          0x080044c4   Section        0  chassis.o(i.chassis_whole)
    i.fabs                                   0x080044de   Section        0  fabs.o(i.fabs)
    i.get_first_last                         0x080044f8   Section        0  motor.o(i.get_first_last)
    i.get_motor                              0x08004524   Section        0  motor.o(i.get_motor)
    i.main                                   0x0800453c   Section        0  main.o(i.main)
    i.motor_angle                            0x08004574   Section        0  motor.o(i.motor_angle)
    i.office_control                         0x080045ec   Section        0  chassis.o(i.office_control)
    .constdata                               0x080045fa   Section        8  stm32f4xx_hal_dma.o(.constdata)
    flagBitshiftOffset                       0x080045fa   Data           8  stm32f4xx_hal_dma.o(.constdata)
    .constdata                               0x08004602   Section      768  referee_system.o(.constdata)
    .constdata                               0x08004902   Section       16  system_stm32f4xx.o(.constdata)
    .constdata                               0x08004912   Section        8  system_stm32f4xx.o(.constdata)
    .constdata                               0x08004920   Section       48  cos_i.o(.constdata)
    C                                        0x08004920   Data          48  cos_i.o(.constdata)
    .constdata                               0x08004950   Section      200  rred.o(.constdata)
    pio2s                                    0x08004950   Data          48  rred.o(.constdata)
    twooverpi                                0x08004980   Data         152  rred.o(.constdata)
    .constdata                               0x08004a18   Section       40  sin_i.o(.constdata)
    S                                        0x08004a18   Data          40  sin_i.o(.constdata)
    .data                                    0x20000000   Section        4  can.o(.data)
    HAL_RCC_CAN1_CLK_ENABLED                 0x20000000   Data           4  can.o(.data)
    .data                                    0x20000004   Section       12  stm32f4xx_hal.o(.data)
    .data                                    0x20000010   Section        8  referee_system.o(.data)
    .data                                    0x20000018   Section        4  system_stm32f4xx.o(.data)
    .data                                    0x2000001c   Section        4  errno.o(.data)
    _errno                                   0x2000001c   Data           4  errno.o(.data)
    .bss                                     0x20000020   Section      224  can.o(.bss)
    .bss                                     0x20000100   Section       72  tim.o(.bss)
    .bss                                     0x20000148   Section      240  usart.o(.bss)
    .bss                                     0x20000238   Section       72  stm32f4xx_hal_timebase_tim.o(.bss)
    .bss                                     0x20000280   Section      616  pid.o(.bss)
    .bss                                     0x200004e8   Section      168  motor.o(.bss)
    .bss                                     0x20000590   Section      554  referee_system.o(.bss)
    .bss                                     0x200007ba   Section      200  referee_system.o(.bss)
    .bss                                     0x20000882   Section       36  rc.o(.bss)
    .bss                                     0x200008a8   Section      100  chassis.o(.bss)
    STACK                                    0x20000910   Section     1024  startup_stm32f405xx.o(STACK)

    Global Symbols

    Symbol Name                              Value     Ov Type        Size  Object(Section)

    BuildAttributes$$THM_ISAv4$E$P$D$K$B$S$7EM$VFPi3$EXTD16$VFPS$VFMA$PE$A:L22UL41UL21$X:L11$S22US41US21$IEEE1$IW$USESV6$~STKCKD$USESV7$~SHL$OTIME$ROPI$IEEEX$EBA8$MICROLIB$REQ8$PRES8$EABIv2 0x00000000   Number         0  anon$$obj.o ABSOLUTE
    __ARM_use_no_argv                        0x00000000   Number         0  main.o ABSOLUTE
    __arm_fini_                               - Undefined Weak Reference
    __cpp_initialize__aeabi_                  - Undefined Weak Reference
    __cxa_finalize                            - Undefined Weak Reference
    __decompress                              - Undefined Weak Reference
    _clock_init                               - Undefined Weak Reference
    _microlib_exit                            - Undefined Weak Reference
    __Vectors_Size                           0x00000188   Number         0  startup_stm32f405xx.o ABSOLUTE
    __Vectors                                0x08000000   Data           4  startup_stm32f405xx.o(RESET)
    __Vectors_End                            0x08000188   Data           0  startup_stm32f405xx.o(RESET)
    __main                                   0x08000189   Thumb Code     0  entry.o(.ARM.Collect$$$$00000000)
    _main_stk                                0x08000189   Thumb Code     0  entry2.o(.ARM.Collect$$$$00000001)
    _main_scatterload                        0x0800018d   Thumb Code     0  entry5.o(.ARM.Collect$$$$00000004)
    __main_after_scatterload                 0x08000191   Thumb Code     0  entry5.o(.ARM.Collect$$$$00000004)
    _main_clock                              0x08000191   Thumb Code     0  entry7b.o(.ARM.Collect$$$$00000008)
    _main_cpp_init                           0x08000191   Thumb Code     0  entry8b.o(.ARM.Collect$$$$0000000A)
    _main_init                               0x08000191   Thumb Code     0  entry9a.o(.ARM.Collect$$$$0000000B)
    __rt_lib_shutdown_fini                   0x08000199   Thumb Code     0  entry12b.o(.ARM.Collect$$$$0000000E)
    __rt_final_cpp                           0x0800019d   Thumb Code     0  entry10a.o(.ARM.Collect$$$$0000000F)
    __rt_final_exit                          0x0800019d   Thumb Code     0  entry11a.o(.ARM.Collect$$$$00000011)
    Reset_Handler                            0x080001a1   Thumb Code     8  startup_stm32f405xx.o(.text)
    ADC_IRQHandler                           0x080001bb   Thumb Code     0  startup_stm32f405xx.o(.text)
    CAN1_RX1_IRQHandler                      0x080001bb   Thumb Code     0  startup_stm32f405xx.o(.text)
    CAN1_SCE_IRQHandler                      0x080001bb   Thumb Code     0  startup_stm32f405xx.o(.text)
    CAN1_TX_IRQHandler                       0x080001bb   Thumb Code     0  startup_stm32f405xx.o(.text)
    CAN2_RX1_IRQHandler                      0x080001bb   Thumb Code     0  startup_stm32f405xx.o(.text)
    CAN2_SCE_IRQHandler                      0x080001bb   Thumb Code     0  startup_stm32f405xx.o(.text)
    CAN2_TX_IRQHandler                       0x080001bb   Thumb Code     0  startup_stm32f405xx.o(.text)
    DMA1_Stream0_IRQHandler                  0x080001bb   Thumb Code     0  startup_stm32f405xx.o(.text)
    DMA1_Stream1_IRQHandler                  0x080001bb   Thumb Code     0  startup_stm32f405xx.o(.text)
    DMA1_Stream2_IRQHandler                  0x080001bb   Thumb Code     0  startup_stm32f405xx.o(.text)
    DMA1_Stream3_IRQHandler                  0x080001bb   Thumb Code     0  startup_stm32f405xx.o(.text)
    DMA1_Stream4_IRQHandler                  0x080001bb   Thumb Code     0  startup_stm32f405xx.o(.text)
    DMA1_Stream5_IRQHandler                  0x080001bb   Thumb Code     0  startup_stm32f405xx.o(.text)
    DMA1_Stream6_IRQHandler                  0x080001bb   Thumb Code     0  startup_stm32f405xx.o(.text)
    DMA1_Stream7_IRQHandler                  0x080001bb   Thumb Code     0  startup_stm32f405xx.o(.text)
    DMA2_Stream0_IRQHandler                  0x080001bb   Thumb Code     0  startup_stm32f405xx.o(.text)
    DMA2_Stream1_IRQHandler                  0x080001bb   Thumb Code     0  startup_stm32f405xx.o(.text)
    DMA2_Stream3_IRQHandler                  0x080001bb   Thumb Code     0  startup_stm32f405xx.o(.text)
    DMA2_Stream4_IRQHandler                  0x080001bb   Thumb Code     0  startup_stm32f405xx.o(.text)
    DMA2_Stream5_IRQHandler                  0x080001bb   Thumb Code     0  startup_stm32f405xx.o(.text)
    DMA2_Stream6_IRQHandler                  0x080001bb   Thumb Code     0  startup_stm32f405xx.o(.text)
    DMA2_Stream7_IRQHandler                  0x080001bb   Thumb Code     0  startup_stm32f405xx.o(.text)
    EXTI0_IRQHandler                         0x080001bb   Thumb Code     0  startup_stm32f405xx.o(.text)
    EXTI15_10_IRQHandler                     0x080001bb   Thumb Code     0  startup_stm32f405xx.o(.text)
    EXTI1_IRQHandler                         0x080001bb   Thumb Code     0  startup_stm32f405xx.o(.text)
    EXTI2_IRQHandler                         0x080001bb   Thumb Code     0  startup_stm32f405xx.o(.text)
    EXTI3_IRQHandler                         0x080001bb   Thumb Code     0  startup_stm32f405xx.o(.text)
    EXTI4_IRQHandler                         0x080001bb   Thumb Code     0  startup_stm32f405xx.o(.text)
    EXTI9_5_IRQHandler                       0x080001bb   Thumb Code     0  startup_stm32f405xx.o(.text)
    FLASH_IRQHandler                         0x080001bb   Thumb Code     0  startup_stm32f405xx.o(.text)
    FMC_IRQHandler                           0x080001bb   Thumb Code     0  startup_stm32f405xx.o(.text)
    FPU_IRQHandler                           0x080001bb   Thumb Code     0  startup_stm32f405xx.o(.text)
    HASH_RNG_IRQHandler                      0x080001bb   Thumb Code     0  startup_stm32f405xx.o(.text)
    I2C1_ER_IRQHandler                       0x080001bb   Thumb Code     0  startup_stm32f405xx.o(.text)
    I2C1_EV_IRQHandler                       0x080001bb   Thumb Code     0  startup_stm32f405xx.o(.text)
    I2C2_ER_IRQHandler                       0x080001bb   Thumb Code     0  startup_stm32f405xx.o(.text)
    I2C2_EV_IRQHandler                       0x080001bb   Thumb Code     0  startup_stm32f405xx.o(.text)
    I2C3_ER_IRQHandler                       0x080001bb   Thumb Code     0  startup_stm32f405xx.o(.text)
    I2C3_EV_IRQHandler                       0x080001bb   Thumb Code     0  startup_stm32f405xx.o(.text)
    OTG_FS_IRQHandler                        0x080001bb   Thumb Code     0  startup_stm32f405xx.o(.text)
    OTG_FS_WKUP_IRQHandler                   0x080001bb   Thumb Code     0  startup_stm32f405xx.o(.text)
    OTG_HS_EP1_IN_IRQHandler                 0x080001bb   Thumb Code     0  startup_stm32f405xx.o(.text)
    OTG_HS_EP1_OUT_IRQHandler                0x080001bb   Thumb Code     0  startup_stm32f405xx.o(.text)
    OTG_HS_IRQHandler                        0x080001bb   Thumb Code     0  startup_stm32f405xx.o(.text)
    OTG_HS_WKUP_IRQHandler                   0x080001bb   Thumb Code     0  startup_stm32f405xx.o(.text)
    PVD_IRQHandler                           0x080001bb   Thumb Code     0  startup_stm32f405xx.o(.text)
    RCC_IRQHandler                           0x080001bb   Thumb Code     0  startup_stm32f405xx.o(.text)
    RTC_Alarm_IRQHandler                     0x080001bb   Thumb Code     0  startup_stm32f405xx.o(.text)
    RTC_WKUP_IRQHandler                      0x080001bb   Thumb Code     0  startup_stm32f405xx.o(.text)
    SDIO_IRQHandler                          0x080001bb   Thumb Code     0  startup_stm32f405xx.o(.text)
    SPI1_IRQHandler                          0x080001bb   Thumb Code     0  startup_stm32f405xx.o(.text)
    SPI2_IRQHandler                          0x080001bb   Thumb Code     0  startup_stm32f405xx.o(.text)
    SPI3_IRQHandler                          0x080001bb   Thumb Code     0  startup_stm32f405xx.o(.text)
    TAMP_STAMP_IRQHandler                    0x080001bb   Thumb Code     0  startup_stm32f405xx.o(.text)
    TIM1_BRK_TIM9_IRQHandler                 0x080001bb   Thumb Code     0  startup_stm32f405xx.o(.text)
    TIM1_CC_IRQHandler                       0x080001bb   Thumb Code     0  startup_stm32f405xx.o(.text)
    TIM1_TRG_COM_TIM11_IRQHandler            0x080001bb   Thumb Code     0  startup_stm32f405xx.o(.text)
    TIM1_UP_TIM10_IRQHandler                 0x080001bb   Thumb Code     0  startup_stm32f405xx.o(.text)
    TIM2_IRQHandler                          0x080001bb   Thumb Code     0  startup_stm32f405xx.o(.text)
    TIM3_IRQHandler                          0x080001bb   Thumb Code     0  startup_stm32f405xx.o(.text)
    TIM4_IRQHandler                          0x080001bb   Thumb Code     0  startup_stm32f405xx.o(.text)
    TIM5_IRQHandler                          0x080001bb   Thumb Code     0  startup_stm32f405xx.o(.text)
    TIM7_IRQHandler                          0x080001bb   Thumb Code     0  startup_stm32f405xx.o(.text)
    TIM8_BRK_TIM12_IRQHandler                0x080001bb   Thumb Code     0  startup_stm32f405xx.o(.text)
    TIM8_CC_IRQHandler                       0x080001bb   Thumb Code     0  startup_stm32f405xx.o(.text)
    TIM8_UP_TIM13_IRQHandler                 0x080001bb   Thumb Code     0  startup_stm32f405xx.o(.text)
    UART4_IRQHandler                         0x080001bb   Thumb Code     0  startup_stm32f405xx.o(.text)
    UART5_IRQHandler                         0x080001bb   Thumb Code     0  startup_stm32f405xx.o(.text)
    USART2_IRQHandler                        0x080001bb   Thumb Code     0  startup_stm32f405xx.o(.text)
    USART3_IRQHandler                        0x080001bb   Thumb Code     0  startup_stm32f405xx.o(.text)
    USART6_IRQHandler                        0x080001bb   Thumb Code     0  startup_stm32f405xx.o(.text)
    WWDG_IRQHandler                          0x080001bb   Thumb Code     0  startup_stm32f405xx.o(.text)
    __aeabi_uldivmod                         0x080001c5   Thumb Code    98  uldiv.o(.text)
    __aeabi_memcpy                           0x08000227   Thumb Code    36  memcpya.o(.text)
    __aeabi_memcpy4                          0x08000227   Thumb Code     0  memcpya.o(.text)
    __aeabi_memcpy8                          0x08000227   Thumb Code     0  memcpya.o(.text)
    __aeabi_memset                           0x0800024b   Thumb Code    14  memseta.o(.text)
    __aeabi_memset4                          0x0800024b   Thumb Code     0  memseta.o(.text)
    __aeabi_memset8                          0x0800024b   Thumb Code     0  memseta.o(.text)
    __aeabi_memclr                           0x08000259   Thumb Code     4  memseta.o(.text)
    __aeabi_memclr4                          0x08000259   Thumb Code     0  memseta.o(.text)
    __aeabi_memclr8                          0x08000259   Thumb Code     0  memseta.o(.text)
    _memset$wrapper                          0x0800025d   Thumb Code    18  memseta.o(.text)
    __aeabi_dadd                             0x0800026f   Thumb Code   322  dadd.o(.text)
    __aeabi_dsub                             0x080003b1   Thumb Code     6  dadd.o(.text)
    __aeabi_drsub                            0x080003b7   Thumb Code     6  dadd.o(.text)
    __aeabi_dmul                             0x080003bd   Thumb Code   228  dmul.o(.text)
    __aeabi_ddiv                             0x080004a1   Thumb Code   222  ddiv.o(.text)
    __aeabi_f2d                              0x0800057f   Thumb Code    38  f2d.o(.text)
    __aeabi_d2f                              0x080005a5   Thumb Code    56  d2f.o(.text)
    __aeabi_llsl                             0x080005dd   Thumb Code    30  llshl.o(.text)
    _ll_shift_l                              0x080005dd   Thumb Code     0  llshl.o(.text)
    __aeabi_llsr                             0x080005fb   Thumb Code    32  llushr.o(.text)
    _ll_ushift_r                             0x080005fb   Thumb Code     0  llushr.o(.text)
    __aeabi_lasr                             0x0800061b   Thumb Code    36  llsshr.o(.text)
    _ll_sshift_r                             0x0800061b   Thumb Code     0  llsshr.o(.text)
    __I$use$fp                               0x0800063f   Thumb Code     0  iusefp.o(.text)
    _float_round                             0x0800063f   Thumb Code    18  fepilogue.o(.text)
    _float_epilogue                          0x08000651   Thumb Code    92  fepilogue.o(.text)
    _double_round                            0x080006ad   Thumb Code    30  depilogue.o(.text)
    _double_epilogue                         0x080006cb   Thumb Code   156  depilogue.o(.text)
    __scatterload                            0x08000769   Thumb Code    28  init.o(.text)
    __scatterload_rt2                        0x08000769   Thumb Code     0  init.o(.text)
    __aeabi_i2d                              0x0800078d   Thumb Code    34  dflti.o(.text)
    __aeabi_ui2d                             0x080007af   Thumb Code    26  dfltui.o(.text)
    __aeabi_d2iz                             0x080007c9   Thumb Code    62  dfixi.o(.text)
    BusFault_Handler                         0x08000807   Thumb Code     2  stm32f4xx_it.o(i.BusFault_Handler)
    CAN1_RX0_IRQHandler                      0x08000809   Thumb Code     6  stm32f4xx_it.o(i.CAN1_RX0_IRQHandler)
    CAN1_Tx                                  0x08000815   Thumb Code    96  can.o(i.CAN1_Tx)
    CAN2_RX0_IRQHandler                      0x08000879   Thumb Code     6  stm32f4xx_it.o(i.CAN2_RX0_IRQHandler)
    CAN_Init                                 0x08000885   Thumb Code    38  can.o(i.CAN_Init)
    CAN_Receive                              0x080008b1   Thumb Code    56  can.o(i.CAN_Receive)
    CHASSIS_FOLLOW                           0x080008f5   Thumb Code   110  chassis.o(i.CHASSIS_FOLLOW)
    CHASSIS_INITIALIZA                       0x08000971   Thumb Code   254  chassis.o(i.CHASSIS_INITIALIZA)
    CHASSIS_OFFICE                           0x08000a95   Thumb Code    36  chassis.o(i.CHASSIS_OFFICE)
    DMA2_Stream2_IRQHandler                  0x08000abd   Thumb Code     6  stm32f4xx_it.o(i.DMA2_Stream2_IRQHandler)
    DebugMon_Handler                         0x08000b45   Thumb Code     2  stm32f4xx_it.o(i.DebugMon_Handler)
    Determine_ID                             0x08000b49   Thumb Code   258  referee_system.o(i.Determine_ID)
    Error_Handler                            0x08000c51   Thumb Code     4  main.o(i.Error_Handler)
    Get_CRC16_Check_Sum                      0x08000c55   Thumb Code    38  referee_system.o(i.Get_CRC16_Check_Sum)
    Get_CRC8_Check_Sum                       0x08000c81   Thumb Code    24  referee_system.o(i.Get_CRC8_Check_Sum)
    HAL_CAN_ActivateNotification             0x08000c9d   Thumb Code    36  stm32f4xx_hal_can.o(i.HAL_CAN_ActivateNotification)
    HAL_CAN_AddTxMessage                     0x08000cc1   Thumb Code   208  stm32f4xx_hal_can.o(i.HAL_CAN_AddTxMessage)
    HAL_CAN_ConfigFilter                     0x08000d91   Thumb Code   262  stm32f4xx_hal_can.o(i.HAL_CAN_ConfigFilter)
    HAL_CAN_ErrorCallback                    0x08000e9d   Thumb Code     2  stm32f4xx_hal_can.o(i.HAL_CAN_ErrorCallback)
    HAL_CAN_GetRxMessage                     0x08000e9f   Thumb Code   244  stm32f4xx_hal_can.o(i.HAL_CAN_GetRxMessage)
    HAL_CAN_IRQHandler                       0x08000f93   Thumb Code   508  stm32f4xx_hal_can.o(i.HAL_CAN_IRQHandler)
    HAL_CAN_Init                             0x0800118f   Thumb Code   282  stm32f4xx_hal_can.o(i.HAL_CAN_Init)
    HAL_CAN_MspInit                          0x080012a9   Thumb Code   232  can.o(i.HAL_CAN_MspInit)
    HAL_CAN_RxFifo0FullCallback              0x080013a9   Thumb Code     2  stm32f4xx_hal_can.o(i.HAL_CAN_RxFifo0FullCallback)
    HAL_CAN_RxFifo0MsgPendingCallback        0x080013ab   Thumb Code    14  can.o(i.HAL_CAN_RxFifo0MsgPendingCallback)
    HAL_CAN_RxFifo1FullCallback              0x080013b9   Thumb Code     2  stm32f4xx_hal_can.o(i.HAL_CAN_RxFifo1FullCallback)
    HAL_CAN_RxFifo1MsgPendingCallback        0x080013bb   Thumb Code     2  stm32f4xx_hal_can.o(i.HAL_CAN_RxFifo1MsgPendingCallback)
    HAL_CAN_SleepCallback                    0x080013bd   Thumb Code     2  stm32f4xx_hal_can.o(i.HAL_CAN_SleepCallback)
    HAL_CAN_Start                            0x080013c1   Thumb Code    88  stm32f4xx_hal_can.o(i.HAL_CAN_Start)
    HAL_CAN_TxMailbox0AbortCallback          0x08001419   Thumb Code     2  stm32f4xx_hal_can.o(i.HAL_CAN_TxMailbox0AbortCallback)
    HAL_CAN_TxMailbox0CompleteCallback       0x0800141b   Thumb Code     2  stm32f4xx_hal_can.o(i.HAL_CAN_TxMailbox0CompleteCallback)
    HAL_CAN_TxMailbox1AbortCallback          0x0800141d   Thumb Code     2  stm32f4xx_hal_can.o(i.HAL_CAN_TxMailbox1AbortCallback)
    HAL_CAN_TxMailbox1CompleteCallback       0x0800141f   Thumb Code     2  stm32f4xx_hal_can.o(i.HAL_CAN_TxMailbox1CompleteCallback)
    HAL_CAN_TxMailbox2AbortCallback          0x08001421   Thumb Code     2  stm32f4xx_hal_can.o(i.HAL_CAN_TxMailbox2AbortCallback)
    HAL_CAN_TxMailbox2CompleteCallback       0x08001423   Thumb Code     2  stm32f4xx_hal_can.o(i.HAL_CAN_TxMailbox2CompleteCallback)
    HAL_CAN_WakeUpFromRxMsgCallback          0x08001425   Thumb Code     2  stm32f4xx_hal_can.o(i.HAL_CAN_WakeUpFromRxMsgCallback)
    HAL_DMA_Abort                            0x08001427   Thumb Code   146  stm32f4xx_hal_dma.o(i.HAL_DMA_Abort)
    HAL_DMA_Abort_IT                         0x080014b9   Thumb Code    36  stm32f4xx_hal_dma.o(i.HAL_DMA_Abort_IT)
    HAL_DMA_IRQHandler                       0x080014dd   Thumb Code   412  stm32f4xx_hal_dma.o(i.HAL_DMA_IRQHandler)
    HAL_DMA_Init                             0x0800167d   Thumb Code   206  stm32f4xx_hal_dma.o(i.HAL_DMA_Init)
    HAL_GPIO_Init                            0x08001751   Thumb Code   450  stm32f4xx_hal_gpio.o(i.HAL_GPIO_Init)
    HAL_GetTick                              0x08001941   Thumb Code     6  stm32f4xx_hal.o(i.HAL_GetTick)
    HAL_IncTick                              0x0800194d   Thumb Code    12  stm32f4xx_hal.o(i.HAL_IncTick)
    HAL_Init                                 0x0800195d   Thumb Code    48  stm32f4xx_hal.o(i.HAL_Init)
    HAL_InitTick                             0x08001991   Thumb Code   132  stm32f4xx_hal_timebase_tim.o(i.HAL_InitTick)
    HAL_MspInit                              0x08001a29   Thumb Code    42  stm32f4xx_hal_msp.o(i.HAL_MspInit)
    HAL_NVIC_EnableIRQ                       0x08001a59   Thumb Code    26  stm32f4xx_hal_cortex.o(i.HAL_NVIC_EnableIRQ)
    HAL_NVIC_SetPriority                     0x08001a75   Thumb Code    60  stm32f4xx_hal_cortex.o(i.HAL_NVIC_SetPriority)
    HAL_NVIC_SetPriorityGrouping             0x08001ab5   Thumb Code    26  stm32f4xx_hal_cortex.o(i.HAL_NVIC_SetPriorityGrouping)
    HAL_RCC_ClockConfig                      0x08001ad9   Thumb Code   288  stm32f4xx_hal_rcc.o(i.HAL_RCC_ClockConfig)
    HAL_RCC_GetClockConfig                   0x08001c0d   Thumb Code    54  stm32f4xx_hal_rcc.o(i.HAL_RCC_GetClockConfig)
    HAL_RCC_GetPCLK1Freq                     0x08001c4d   Thumb Code    20  stm32f4xx_hal_rcc.o(i.HAL_RCC_GetPCLK1Freq)
    HAL_RCC_GetPCLK2Freq                     0x08001c6d   Thumb Code    20  stm32f4xx_hal_rcc.o(i.HAL_RCC_GetPCLK2Freq)
    HAL_RCC_GetSysClockFreq                  0x08001c8d   Thumb Code    88  stm32f4xx_hal_rcc.o(i.HAL_RCC_GetSysClockFreq)
    HAL_RCC_OscConfig                        0x08001cf1   Thumb Code   856  stm32f4xx_hal_rcc.o(i.HAL_RCC_OscConfig)
    HAL_TIMEx_BreakCallback                  0x0800205d   Thumb Code     2  stm32f4xx_hal_tim_ex.o(i.HAL_TIMEx_BreakCallback)
    HAL_TIMEx_CommutCallback                 0x0800205f   Thumb Code     2  stm32f4xx_hal_tim_ex.o(i.HAL_TIMEx_CommutCallback)
    HAL_TIMEx_MasterConfigSynchronization    0x08002061   Thumb Code   116  stm32f4xx_hal_tim_ex.o(i.HAL_TIMEx_MasterConfigSynchronization)
    HAL_TIM_Base_Init                        0x080020f1   Thumb Code    90  stm32f4xx_hal_tim.o(i.HAL_TIM_Base_Init)
    HAL_TIM_Base_MspInit                     0x0800214d   Thumb Code    50  tim.o(i.HAL_TIM_Base_MspInit)
    HAL_TIM_Base_Start_IT                    0x08002189   Thumb Code   100  stm32f4xx_hal_tim.o(i.HAL_TIM_Base_Start_IT)
    HAL_TIM_IC_CaptureCallback               0x08002209   Thumb Code     2  stm32f4xx_hal_tim.o(i.HAL_TIM_IC_CaptureCallback)
    HAL_TIM_IRQHandler                       0x0800220b   Thumb Code   304  stm32f4xx_hal_tim.o(i.HAL_TIM_IRQHandler)
    HAL_TIM_OC_DelayElapsedCallback          0x0800233b   Thumb Code     2  stm32f4xx_hal_tim.o(i.HAL_TIM_OC_DelayElapsedCallback)
    HAL_TIM_PWM_PulseFinishedCallback        0x0800233d   Thumb Code     2  stm32f4xx_hal_tim.o(i.HAL_TIM_PWM_PulseFinishedCallback)
    HAL_TIM_PeriodElapsedCallback            0x08002341   Thumb Code    24  main.o(i.HAL_TIM_PeriodElapsedCallback)
    HAL_TIM_TriggerCallback                  0x08002361   Thumb Code     2  stm32f4xx_hal_tim.o(i.HAL_TIM_TriggerCallback)
    HAL_UARTEx_RxEventCallback               0x08002363   Thumb Code     2  stm32f4xx_hal_uart.o(i.HAL_UARTEx_RxEventCallback)
    HAL_UART_ErrorCallback                   0x08002365   Thumb Code     2  stm32f4xx_hal_uart.o(i.HAL_UART_ErrorCallback)
    HAL_UART_IRQHandler                      0x08002369   Thumb Code   618  stm32f4xx_hal_uart.o(i.HAL_UART_IRQHandler)
    HAL_UART_Init                            0x080025d9   Thumb Code   100  stm32f4xx_hal_uart.o(i.HAL_UART_Init)
    HAL_UART_MspInit                         0x0800263d   Thumb Code   218  usart.o(i.HAL_UART_MspInit)
    HAL_UART_RxCpltCallback                  0x08002735   Thumb Code     2  stm32f4xx_hal_uart.o(i.HAL_UART_RxCpltCallback)
    HAL_UART_TxCpltCallback                  0x08002737   Thumb Code     2  stm32f4xx_hal_uart.o(i.HAL_UART_TxCpltCallback)
    HANG_SHOT_EXECUTE                        0x08002739   Thumb Code    14  chassis.o(i.HANG_SHOT_EXECUTE)
    HardFault_Handler                        0x0800274d   Thumb Code     2  stm32f4xx_it.o(i.HardFault_Handler)
    IDLE_UART_IRQHandler                     0x08002751   Thumb Code    78  uartidle.o(i.IDLE_UART_IRQHandler)
    JUDEG_CHASSIS_ONLINE                     0x080027a9   Thumb Code    24  chassis.o(i.JUDEG_CHASSIS_ONLINE)
    JUDEG_MODE_KEY                           0x080027c9   Thumb Code    42  chassis.o(i.JUDEG_MODE_KEY)
    JUDGE_MODE_RC                            0x080027fd   Thumb Code   780  chassis.o(i.JUDGE_MODE_RC)
    Judege_read_data                         0x08002b35   Thumb Code   462  referee_system.o(i.Judege_read_data)
    KEY_CONTROL                              0x08002d0d   Thumb Code   104  chassis.o(i.KEY_CONTROL)
    MODE_TOGGLE                              0x08002d81   Thumb Code    22  chassis.o(i.MODE_TOGGLE)
    MOVE_CONTROL                             0x08002da1   Thumb Code   116  chassis.o(i.MOVE_CONTROL)
    MSP_motor                                0x08002e21   Thumb Code   200  motor.o(i.MSP_motor)
    MX_CAN1_Init                             0x08002efd   Thumb Code    86  can.o(i.MX_CAN1_Init)
    MX_CAN2_Init                             0x08002f5d   Thumb Code    88  can.o(i.MX_CAN2_Init)
    MX_DMA_Init                              0x08002fbd   Thumb Code    40  dma.o(i.MX_DMA_Init)
    MX_GPIO_Init                             0x08002fe9   Thumb Code   102  gpio.o(i.MX_GPIO_Init)
    MX_TIM6_Init                             0x08003059   Thumb Code    60  tim.o(i.MX_TIM6_Init)
    MX_USART1_UART_Init                      0x0800309d   Thumb Code    48  usart.o(i.MX_USART1_UART_Init)
    MX_USART6_UART_Init                      0x080030d5   Thumb Code    48  usart.o(i.MX_USART6_UART_Init)
    MemManage_Handler                        0x0800310d   Thumb Code     2  stm32f4xx_it.o(i.MemManage_Handler)
    NMI_Handler                              0x0800310f   Thumb Code     2  stm32f4xx_it.o(i.NMI_Handler)
    PID_realize                              0x08003111   Thumb Code   204  pid.o(i.PID_realize)
    PLUCK                                    0x080031e5   Thumb Code    68  chassis.o(i.PLUCK)
    PendSV_Handler                           0x08003239   Thumb Code     2  stm32f4xx_it.o(i.PendSV_Handler)
    SMALL_SPIN_TOPS                          0x0800323d   Thumb Code   408  chassis.o(i.SMALL_SPIN_TOPS)
    SPEED_CONTROL                            0x080033e9   Thumb Code   100  chassis.o(i.SPEED_CONTROL)
    SVC_Handler                              0x08003459   Thumb Code     2  stm32f4xx_it.o(i.SVC_Handler)
    SysTick_Handler                          0x0800345b   Thumb Code     2  stm32f4xx_it.o(i.SysTick_Handler)
    SystemClock_Config                       0x0800345d   Thumb Code   142  main.o(i.SystemClock_Config)
    SystemInit                               0x080034f5   Thumb Code    12  system_stm32f4xx.o(i.SystemInit)
    TIM6_DAC_IRQHandler                      0x08003505   Thumb Code     6  stm32f4xx_it.o(i.TIM6_DAC_IRQHandler)
    TIM8_TRG_COM_TIM14_IRQHandler            0x08003511   Thumb Code     6  stm32f4xx_it.o(i.TIM8_TRG_COM_TIM14_IRQHandler)
    TIM_Base_SetConfig                       0x0800351d   Thumb Code   170  stm32f4xx_hal_tim.o(i.TIM_Base_SetConfig)
    TIM_Init                                 0x080035f5   Thumb Code     6  tim.o(i.TIM_Init)
    USART1_IRQHandler                        0x0800382d   Thumb Code    18  stm32f4xx_it.o(i.USART1_IRQHandler)
    USART1_Init                              0x08003845   Thumb Code   120  uartidle.o(i.USART1_Init)
    UsageFault_Handler                       0x080038c5   Thumb Code     2  stm32f4xx_it.o(i.UsageFault_Handler)
    Verify_CRC16_Check_Sum                   0x080038c9   Thumb Code    54  referee_system.o(i.Verify_CRC16_Check_Sum)
    Verify_CRC8_Check_Sum                    0x08003905   Thumb Code    38  referee_system.o(i.Verify_CRC8_Check_Sum)
    __ARM_fpclassify                         0x0800392b   Thumb Code    48  fpclassify.o(i.__ARM_fpclassify)
    __hardfp_cos                             0x08003981   Thumb Code   180  cos.o(i.__hardfp_cos)
    __hardfp_sin                             0x08003a49   Thumb Code   180  sin.o(i.__hardfp_sin)
    __ieee754_rem_pio2                       0x08003b11   Thumb Code   938  rred.o(i.__ieee754_rem_pio2)
    __kernel_cos                             0x08003f49   Thumb Code   322  cos_i.o(i.__kernel_cos)
    __kernel_poly                            0x080040b9   Thumb Code   248  poly.o(i.__kernel_poly)
    __kernel_sin                             0x080041b1   Thumb Code   280  sin_i.o(i.__kernel_sin)
    __mathlib_dbl_infnan                     0x080042e1   Thumb Code    20  dunder.o(i.__mathlib_dbl_infnan)
    __mathlib_dbl_invalid                    0x080042f9   Thumb Code    24  dunder.o(i.__mathlib_dbl_invalid)
    __mathlib_dbl_underflow                  0x08004319   Thumb Code    24  dunder.o(i.__mathlib_dbl_underflow)
    __scatterload_copy                       0x08004339   Thumb Code    14  handlers.o(i.__scatterload_copy)
    __scatterload_null                       0x08004347   Thumb Code     2  handlers.o(i.__scatterload_null)
    __scatterload_zeroinit                   0x08004349   Thumb Code    14  handlers.o(i.__scatterload_zeroinit)
    __set_errno                              0x08004359   Thumb Code     6  errno.o(i.__set_errno)
    chassis_can1_tx                          0x08004365   Thumb Code   308  chassis.o(i.chassis_can1_tx)
    chassis_control                          0x080044a5   Thumb Code    28  chassis.o(i.chassis_control)
    chassis_whole                            0x080044c5   Thumb Code    26  chassis.o(i.chassis_whole)
    fabs                                     0x080044df   Thumb Code    24  fabs.o(i.fabs)
    get_first_last                           0x080044f9   Thumb Code    40  motor.o(i.get_first_last)
    get_motor                                0x08004525   Thumb Code    24  motor.o(i.get_motor)
    main                                     0x0800453d   Thumb Code    54  main.o(i.main)
    motor_angle                              0x08004575   Thumb Code   114  motor.o(i.motor_angle)
    office_control                           0x080045ed   Thumb Code    14  chassis.o(i.office_control)
    CRC8_TAB                                 0x08004602   Data         256  referee_system.o(.constdata)
    wCRC_Table                               0x08004702   Data         512  referee_system.o(.constdata)
    AHBPrescTable                            0x08004902   Data          16  system_stm32f4xx.o(.constdata)
    APBPrescTable                            0x08004912   Data           8  system_stm32f4xx.o(.constdata)
    Region$$Table$$Base                      0x08004a40   Number         0  anon$$obj.o(Region$$Table)
    Region$$Table$$Limit                     0x08004a60   Number         0  anon$$obj.o(Region$$Table)
    uwTickFreq                               0x20000004   Data           1  stm32f4xx_hal.o(.data)
    uwTickPrio                               0x20000008   Data           4  stm32f4xx_hal.o(.data)
    uwTick                                   0x2000000c   Data           4  stm32f4xx_hal.o(.data)
    Judge_Data_TF                            0x20000010   Data           1  referee_system.o(.data)
    CRC_INIT                                 0x20000012   Data           2  referee_system.o(.data)
    update_figure_flag                       0x20000014   Data           4  referee_system.o(.data)
    SystemCoreClock                          0x20000018   Data           4  system_stm32f4xx.o(.data)
    CAN                                      0x20000020   Data         144  can.o(.bss)
    hcan1                                    0x200000b0   Data          40  can.o(.bss)
    hcan2                                    0x200000d8   Data          40  can.o(.bss)
    htim6                                    0x20000100   Data          72  tim.o(.bss)
    huart1                                   0x20000148   Data          72  usart.o(.bss)
    huart6                                   0x20000190   Data          72  usart.o(.bss)
    hdma_usart1_rx                           0x200001d8   Data          96  usart.o(.bss)
    htim14                                   0x20000238   Data          72  stm32f4xx_hal_timebase_tim.o(.bss)
    pid                                      0x20000280   Data         616  pid.o(.bss)
    Motor                                    0x200004e8   Data         168  motor.o(.bss)
    REF                                      0x20000590   Data         234  referee_system.o(.bss)
    CliendTxBuffer                           0x2000067a   Data         200  referee_system.o(.bss)
    tx_client_graphic_figure                 0x20000742   Data         120  referee_system.o(.bss)
    Judge_Buffer                             0x200007ba   Data         200  referee_system.o(.bss)
    RC_Ctl                                   0x20000882   Data          36  rc.o(.bss)
    Chassis                                  0x200008a8   Data          68  chassis.o(.bss)
    initial_give_power                       0x200008ec   Data          16  chassis.o(.bss)
    scaled_give_power                        0x200008fc   Data          16  chassis.o(.bss)
    __initial_sp                             0x20000d10   Data           0  startup_stm32f405xx.o(STACK)



==============================================================================

Memory Map of the image

  Image Entry point : 0x08000189

  Load Region LR_IROM1 (Base: 0x08000000, Size: 0x00004a80, Max: 0x00100000, ABSOLUTE)

    Execution Region ER_IROM1 (Exec base: 0x08000000, Load base: 0x08000000, Size: 0x00004a60, Max: 0x00100000, ABSOLUTE)

    Exec Addr    Load Addr    Size         Type   Attr      Idx    E Section Name        Object

    0x08000000   0x08000000   0x00000188   Data   RO            3    RESET               startup_stm32f405xx.o
    0x08000188   0x08000188   0x00000000   Code   RO         3813  * .ARM.Collect$$$$00000000  mc_w.l(entry.o)
    0x08000188   0x08000188   0x00000004   Code   RO         3862    .ARM.Collect$$$$00000001  mc_w.l(entry2.o)
    0x0800018c   0x0800018c   0x00000004   Code   RO         3865    .ARM.Collect$$$$00000004  mc_w.l(entry5.o)
    0x08000190   0x08000190   0x00000000   Code   RO         3867    .ARM.Collect$$$$00000008  mc_w.l(entry7b.o)
    0x08000190   0x08000190   0x00000000   Code   RO         3869    .ARM.Collect$$$$0000000A  mc_w.l(entry8b.o)
    0x08000190   0x08000190   0x00000008   Code   RO         3870    .ARM.Collect$$$$0000000B  mc_w.l(entry9a.o)
    0x08000198   0x08000198   0x00000004   Code   RO         3877    .ARM.Collect$$$$0000000E  mc_w.l(entry12b.o)
    0x0800019c   0x0800019c   0x00000000   Code   RO         3872    .ARM.Collect$$$$0000000F  mc_w.l(entry10a.o)
    0x0800019c   0x0800019c   0x00000000   Code   RO         3874    .ARM.Collect$$$$00000011  mc_w.l(entry11a.o)
    0x0800019c   0x0800019c   0x00000004   Code   RO         3863    .ARM.Collect$$$$00002712  mc_w.l(entry2.o)
    0x080001a0   0x080001a0   0x00000024   Code   RO            4    .text               startup_stm32f405xx.o
    0x080001c4   0x080001c4   0x00000062   Code   RO         3816    .text               mc_w.l(uldiv.o)
    0x08000226   0x08000226   0x00000024   Code   RO         3818    .text               mc_w.l(memcpya.o)
    0x0800024a   0x0800024a   0x00000024   Code   RO         3820    .text               mc_w.l(memseta.o)
    0x0800026e   0x0800026e   0x0000014e   Code   RO         3824    .text               mf_w.l(dadd.o)
    0x080003bc   0x080003bc   0x000000e4   Code   RO         3826    .text               mf_w.l(dmul.o)
    0x080004a0   0x080004a0   0x000000de   Code   RO         3828    .text               mf_w.l(ddiv.o)
    0x0800057e   0x0800057e   0x00000026   Code   RO         3830    .text               mf_w.l(f2d.o)
    0x080005a4   0x080005a4   0x00000038   Code   RO         3832    .text               mf_w.l(d2f.o)
    0x080005dc   0x080005dc   0x0000001e   Code   RO         3878    .text               mc_w.l(llshl.o)
    0x080005fa   0x080005fa   0x00000020   Code   RO         3880    .text               mc_w.l(llushr.o)
    0x0800061a   0x0800061a   0x00000024   Code   RO         3882    .text               mc_w.l(llsshr.o)
    0x0800063e   0x0800063e   0x00000000   Code   RO         3891    .text               mc_w.l(iusefp.o)
    0x0800063e   0x0800063e   0x0000006e   Code   RO         3892    .text               mf_w.l(fepilogue.o)
    0x080006ac   0x080006ac   0x000000ba   Code   RO         3894    .text               mf_w.l(depilogue.o)
    0x08000766   0x08000766   0x00000002   PAD
    0x08000768   0x08000768   0x00000024   Code   RO         3912    .text               mc_w.l(init.o)
    0x0800078c   0x0800078c   0x00000022   Code   RO         3914    .text               mf_w.l(dflti.o)
    0x080007ae   0x080007ae   0x0000001a   Code   RO         3916    .text               mf_w.l(dfltui.o)
    0x080007c8   0x080007c8   0x0000003e   Code   RO         3918    .text               mf_w.l(dfixi.o)
    0x08000806   0x08000806   0x00000002   Code   RO          429    i.BusFault_Handler  stm32f4xx_it.o
    0x08000808   0x08000808   0x0000000c   Code   RO          430    i.CAN1_RX0_IRQHandler  stm32f4xx_it.o
    0x08000814   0x08000814   0x00000064   Code   RO          229    i.CAN1_Tx           can.o
    0x08000878   0x08000878   0x0000000c   Code   RO          431    i.CAN2_RX0_IRQHandler  stm32f4xx_it.o
    0x08000884   0x08000884   0x0000002c   Code   RO          231    i.CAN_Init          can.o
    0x080008b0   0x080008b0   0x00000044   Code   RO          232    i.CAN_Receive       can.o
    0x080008f4   0x080008f4   0x0000007c   Code   RO         3611    i.CHASSIS_FOLLOW    chassis.o
    0x08000970   0x08000970   0x00000124   Code   RO         3612    i.CHASSIS_INITIALIZA  chassis.o
    0x08000a94   0x08000a94   0x00000028   Code   RO         3613    i.CHASSIS_OFFICE    chassis.o
    0x08000abc   0x08000abc   0x0000000c   Code   RO          432    i.DMA2_Stream2_IRQHandler  stm32f4xx_it.o
    0x08000ac8   0x08000ac8   0x00000028   Code   RO         1297    i.DMA_CalcBaseAndBitshift  stm32f4xx_hal_dma.o
    0x08000af0   0x08000af0   0x00000054   Code   RO         1298    i.DMA_CheckFifoParam  stm32f4xx_hal_dma.o
    0x08000b44   0x08000b44   0x00000002   Code   RO          433    i.DebugMon_Handler  stm32f4xx_it.o
    0x08000b46   0x08000b46   0x00000002   PAD
    0x08000b48   0x08000b48   0x00000108   Code   RO         3471    i.Determine_ID      referee_system.o
    0x08000c50   0x08000c50   0x00000004   Code   RO           13    i.Error_Handler     main.o
    0x08000c54   0x08000c54   0x0000002c   Code   RO         3474    i.Get_CRC16_Check_Sum  referee_system.o
    0x08000c80   0x08000c80   0x0000001c   Code   RO         3475    i.Get_CRC8_Check_Sum  referee_system.o
    0x08000c9c   0x08000c9c   0x00000024   Code   RO          605    i.HAL_CAN_ActivateNotification  stm32f4xx_hal_can.o
    0x08000cc0   0x08000cc0   0x000000d0   Code   RO          606    i.HAL_CAN_AddTxMessage  stm32f4xx_hal_can.o
    0x08000d90   0x08000d90   0x0000010c   Code   RO          607    i.HAL_CAN_ConfigFilter  stm32f4xx_hal_can.o
    0x08000e9c   0x08000e9c   0x00000002   Code   RO          610    i.HAL_CAN_ErrorCallback  stm32f4xx_hal_can.o
    0x08000e9e   0x08000e9e   0x000000f4   Code   RO          613    i.HAL_CAN_GetRxMessage  stm32f4xx_hal_can.o
    0x08000f92   0x08000f92   0x000001fc   Code   RO          617    i.HAL_CAN_IRQHandler  stm32f4xx_hal_can.o
    0x0800118e   0x0800118e   0x0000011a   Code   RO          618    i.HAL_CAN_Init      stm32f4xx_hal_can.o
    0x080012a8   0x080012a8   0x00000100   Code   RO          234    i.HAL_CAN_MspInit   can.o
    0x080013a8   0x080013a8   0x00000002   Code   RO          625    i.HAL_CAN_RxFifo0FullCallback  stm32f4xx_hal_can.o
    0x080013aa   0x080013aa   0x0000000e   Code   RO          235    i.HAL_CAN_RxFifo0MsgPendingCallback  can.o
    0x080013b8   0x080013b8   0x00000002   Code   RO          627    i.HAL_CAN_RxFifo1FullCallback  stm32f4xx_hal_can.o
    0x080013ba   0x080013ba   0x00000002   Code   RO          628    i.HAL_CAN_RxFifo1MsgPendingCallback  stm32f4xx_hal_can.o
    0x080013bc   0x080013bc   0x00000002   Code   RO          629    i.HAL_CAN_SleepCallback  stm32f4xx_hal_can.o
    0x080013be   0x080013be   0x00000002   PAD
    0x080013c0   0x080013c0   0x00000058   Code   RO          630    i.HAL_CAN_Start     stm32f4xx_hal_can.o
    0x08001418   0x08001418   0x00000002   Code   RO          632    i.HAL_CAN_TxMailbox0AbortCallback  stm32f4xx_hal_can.o
    0x0800141a   0x0800141a   0x00000002   Code   RO          633    i.HAL_CAN_TxMailbox0CompleteCallback  stm32f4xx_hal_can.o
    0x0800141c   0x0800141c   0x00000002   Code   RO          634    i.HAL_CAN_TxMailbox1AbortCallback  stm32f4xx_hal_can.o
    0x0800141e   0x0800141e   0x00000002   Code   RO          635    i.HAL_CAN_TxMailbox1CompleteCallback  stm32f4xx_hal_can.o
    0x08001420   0x08001420   0x00000002   Code   RO          636    i.HAL_CAN_TxMailbox2AbortCallback  stm32f4xx_hal_can.o
    0x08001422   0x08001422   0x00000002   Code   RO          637    i.HAL_CAN_TxMailbox2CompleteCallback  stm32f4xx_hal_can.o
    0x08001424   0x08001424   0x00000002   Code   RO          639    i.HAL_CAN_WakeUpFromRxMsgCallback  stm32f4xx_hal_can.o
    0x08001426   0x08001426   0x00000092   Code   RO         1300    i.HAL_DMA_Abort     stm32f4xx_hal_dma.o
    0x080014b8   0x080014b8   0x00000024   Code   RO         1301    i.HAL_DMA_Abort_IT  stm32f4xx_hal_dma.o
    0x080014dc   0x080014dc   0x000001a0   Code   RO         1305    i.HAL_DMA_IRQHandler  stm32f4xx_hal_dma.o
    0x0800167c   0x0800167c   0x000000d4   Code   RO         1306    i.HAL_DMA_Init      stm32f4xx_hal_dma.o
    0x08001750   0x08001750   0x000001f0   Code   RO         1193    i.HAL_GPIO_Init     stm32f4xx_hal_gpio.o
    0x08001940   0x08001940   0x0000000c   Code   RO         1731    i.HAL_GetTick       stm32f4xx_hal.o
    0x0800194c   0x0800194c   0x00000010   Code   RO         1737    i.HAL_IncTick       stm32f4xx_hal.o
    0x0800195c   0x0800195c   0x00000034   Code   RO         1738    i.HAL_Init          stm32f4xx_hal.o
    0x08001990   0x08001990   0x00000098   Code   RO          565    i.HAL_InitTick      stm32f4xx_hal_timebase_tim.o
    0x08001a28   0x08001a28   0x00000030   Code   RO          541    i.HAL_MspInit       stm32f4xx_hal_msp.o
    0x08001a58   0x08001a58   0x0000001a   Code   RO         1583    i.HAL_NVIC_EnableIRQ  stm32f4xx_hal_cortex.o
    0x08001a72   0x08001a72   0x00000002   PAD
    0x08001a74   0x08001a74   0x00000040   Code   RO         1589    i.HAL_NVIC_SetPriority  stm32f4xx_hal_cortex.o
    0x08001ab4   0x08001ab4   0x00000024   Code   RO         1590    i.HAL_NVIC_SetPriorityGrouping  stm32f4xx_hal_cortex.o
    0x08001ad8   0x08001ad8   0x00000134   Code   RO          839    i.HAL_RCC_ClockConfig  stm32f4xx_hal_rcc.o
    0x08001c0c   0x08001c0c   0x00000040   Code   RO          843    i.HAL_RCC_GetClockConfig  stm32f4xx_hal_rcc.o
    0x08001c4c   0x08001c4c   0x00000020   Code   RO          846    i.HAL_RCC_GetPCLK1Freq  stm32f4xx_hal_rcc.o
    0x08001c6c   0x08001c6c   0x00000020   Code   RO          847    i.HAL_RCC_GetPCLK2Freq  stm32f4xx_hal_rcc.o
    0x08001c8c   0x08001c8c   0x00000064   Code   RO          848    i.HAL_RCC_GetSysClockFreq  stm32f4xx_hal_rcc.o
    0x08001cf0   0x08001cf0   0x0000036c   Code   RO          851    i.HAL_RCC_OscConfig  stm32f4xx_hal_rcc.o
    0x0800205c   0x0800205c   0x00000002   Code   RO         2682    i.HAL_TIMEx_BreakCallback  stm32f4xx_hal_tim_ex.o
    0x0800205e   0x0800205e   0x00000002   Code   RO         2683    i.HAL_TIMEx_CommutCallback  stm32f4xx_hal_tim_ex.o
    0x08002060   0x08002060   0x00000090   Code   RO         2701    i.HAL_TIMEx_MasterConfigSynchronization  stm32f4xx_hal_tim_ex.o
    0x080020f0   0x080020f0   0x0000005a   Code   RO         1978    i.HAL_TIM_Base_Init  stm32f4xx_hal_tim.o
    0x0800214a   0x0800214a   0x00000002   PAD
    0x0800214c   0x0800214c   0x0000003c   Code   RO          333    i.HAL_TIM_Base_MspInit  tim.o
    0x08002188   0x08002188   0x00000080   Code   RO         1983    i.HAL_TIM_Base_Start_IT  stm32f4xx_hal_tim.o
    0x08002208   0x08002208   0x00000002   Code   RO         2012    i.HAL_TIM_IC_CaptureCallback  stm32f4xx_hal_tim.o
    0x0800220a   0x0800220a   0x00000130   Code   RO         2026    i.HAL_TIM_IRQHandler  stm32f4xx_hal_tim.o
    0x0800233a   0x0800233a   0x00000002   Code   RO         2029    i.HAL_TIM_OC_DelayElapsedCallback  stm32f4xx_hal_tim.o
    0x0800233c   0x0800233c   0x00000002   Code   RO         2056    i.HAL_TIM_PWM_PulseFinishedCallback  stm32f4xx_hal_tim.o
    0x0800233e   0x0800233e   0x00000002   PAD
    0x08002340   0x08002340   0x00000020   Code   RO           14    i.HAL_TIM_PeriodElapsedCallback  main.o
    0x08002360   0x08002360   0x00000002   Code   RO         2069    i.HAL_TIM_TriggerCallback  stm32f4xx_hal_tim.o
    0x08002362   0x08002362   0x00000002   Code   RO         2961    i.HAL_UARTEx_RxEventCallback  stm32f4xx_hal_uart.o
    0x08002364   0x08002364   0x00000002   Code   RO         2975    i.HAL_UART_ErrorCallback  stm32f4xx_hal_uart.o
    0x08002366   0x08002366   0x00000002   PAD
    0x08002368   0x08002368   0x00000270   Code   RO         2978    i.HAL_UART_IRQHandler  stm32f4xx_hal_uart.o
    0x080025d8   0x080025d8   0x00000064   Code   RO         2979    i.HAL_UART_Init     stm32f4xx_hal_uart.o
    0x0800263c   0x0800263c   0x000000f8   Code   RO          382    i.HAL_UART_MspInit  usart.o
    0x08002734   0x08002734   0x00000002   Code   RO         2985    i.HAL_UART_RxCpltCallback  stm32f4xx_hal_uart.o
    0x08002736   0x08002736   0x00000002   Code   RO         2990    i.HAL_UART_TxCpltCallback  stm32f4xx_hal_uart.o
    0x08002738   0x08002738   0x00000014   Code   RO         3615    i.HANG_SHOT_EXECUTE  chassis.o
    0x0800274c   0x0800274c   0x00000002   Code   RO          434    i.HardFault_Handler  stm32f4xx_it.o
    0x0800274e   0x0800274e   0x00000002   PAD
    0x08002750   0x08002750   0x00000058   Code   RO         3350    i.IDLE_UART_IRQHandler  uartidle.o
    0x080027a8   0x080027a8   0x00000020   Code   RO         3616    i.JUDEG_CHASSIS_ONLINE  chassis.o
    0x080027c8   0x080027c8   0x00000034   Code   RO         3617    i.JUDEG_MODE_KEY    chassis.o
    0x080027fc   0x080027fc   0x00000338   Code   RO         3618    i.JUDGE_MODE_RC     chassis.o
    0x08002b34   0x08002b34   0x000001d8   Code   RO         3476    i.Judege_read_data  referee_system.o
    0x08002d0c   0x08002d0c   0x00000074   Code   RO         3619    i.KEY_CONTROL       chassis.o
    0x08002d80   0x08002d80   0x00000020   Code   RO         3620    i.MODE_TOGGLE       chassis.o
    0x08002da0   0x08002da0   0x00000080   Code   RO         3621    i.MOVE_CONTROL      chassis.o
    0x08002e20   0x08002e20   0x000000dc   Code   RO         3414    i.MSP_motor         motor.o
    0x08002efc   0x08002efc   0x00000060   Code   RO          236    i.MX_CAN1_Init      can.o
    0x08002f5c   0x08002f5c   0x00000060   Code   RO          237    i.MX_CAN2_Init      can.o
    0x08002fbc   0x08002fbc   0x0000002c   Code   RO          308    i.MX_DMA_Init       dma.o
    0x08002fe8   0x08002fe8   0x00000070   Code   RO          205    i.MX_GPIO_Init      gpio.o
    0x08003058   0x08003058   0x00000044   Code   RO          334    i.MX_TIM6_Init      tim.o
    0x0800309c   0x0800309c   0x00000038   Code   RO          383    i.MX_USART1_UART_Init  usart.o
    0x080030d4   0x080030d4   0x00000038   Code   RO          384    i.MX_USART6_UART_Init  usart.o
    0x0800310c   0x0800310c   0x00000002   Code   RO          435    i.MemManage_Handler  stm32f4xx_it.o
    0x0800310e   0x0800310e   0x00000002   Code   RO          436    i.NMI_Handler       stm32f4xx_it.o
    0x08003110   0x08003110   0x000000d4   Code   RO         3384    i.PID_realize       pid.o
    0x080031e4   0x080031e4   0x00000054   Code   RO         3622    i.PLUCK             chassis.o
    0x08003238   0x08003238   0x00000002   Code   RO          437    i.PendSV_Handler    stm32f4xx_it.o
    0x0800323a   0x0800323a   0x00000002   PAD
    0x0800323c   0x0800323c   0x000001ac   Code   RO         3623    i.SMALL_SPIN_TOPS   chassis.o
    0x080033e8   0x080033e8   0x00000070   Code   RO         3624    i.SPEED_CONTROL     chassis.o
    0x08003458   0x08003458   0x00000002   Code   RO          438    i.SVC_Handler       stm32f4xx_it.o
    0x0800345a   0x0800345a   0x00000002   Code   RO          439    i.SysTick_Handler   stm32f4xx_it.o
    0x0800345c   0x0800345c   0x00000098   Code   RO           15    i.SystemClock_Config  main.o
    0x080034f4   0x080034f4   0x00000010   Code   RO         3743    i.SystemInit        system_stm32f4xx.o
    0x08003504   0x08003504   0x0000000c   Code   RO          440    i.TIM6_DAC_IRQHandler  stm32f4xx_it.o
    0x08003510   0x08003510   0x0000000c   Code   RO          441    i.TIM8_TRG_COM_TIM14_IRQHandler  stm32f4xx_it.o
    0x0800351c   0x0800351c   0x000000d8   Code   RO         2071    i.TIM_Base_SetConfig  stm32f4xx_hal_tim.o
    0x080035f4   0x080035f4   0x0000000c   Code   RO          335    i.TIM_Init          tim.o
    0x08003600   0x08003600   0x00000010   Code   RO         2992    i.UART_DMAAbortOnError  stm32f4xx_hal_uart.o
    0x08003610   0x08003610   0x0000004e   Code   RO         3002    i.UART_EndRxTransfer  stm32f4xx_hal_uart.o
    0x0800365e   0x0800365e   0x000000c2   Code   RO         3004    i.UART_Receive_IT   stm32f4xx_hal_uart.o
    0x08003720   0x08003720   0x0000010c   Code   RO         3005    i.UART_SetConfig    stm32f4xx_hal_uart.o
    0x0800382c   0x0800382c   0x00000018   Code   RO          442    i.USART1_IRQHandler  stm32f4xx_it.o
    0x08003844   0x08003844   0x00000080   Code   RO         3351    i.USART1_Init       uartidle.o
    0x080038c4   0x080038c4   0x00000002   Code   RO          443    i.UsageFault_Handler  stm32f4xx_it.o
    0x080038c6   0x080038c6   0x00000002   PAD
    0x080038c8   0x080038c8   0x0000003c   Code   RO         3480    i.Verify_CRC16_Check_Sum  referee_system.o
    0x08003904   0x08003904   0x00000026   Code   RO         3481    i.Verify_CRC8_Check_Sum  referee_system.o
    0x0800392a   0x0800392a   0x00000030   Code   RO         3908    i.__ARM_fpclassify  m_wm.l(fpclassify.o)
    0x0800395a   0x0800395a   0x00000020   Code   RO         1596    i.__NVIC_SetPriority  stm32f4xx_hal_cortex.o
    0x0800397a   0x0800397a   0x00000006   PAD
    0x08003980   0x08003980   0x000000c8   Code   RO         3777    i.__hardfp_cos      m_wm.l(cos.o)
    0x08003a48   0x08003a48   0x000000c8   Code   RO         3789    i.__hardfp_sin      m_wm.l(sin.o)
    0x08003b10   0x08003b10   0x00000438   Code   RO         3851    i.__ieee754_rem_pio2  m_wm.l(rred.o)
    0x08003f48   0x08003f48   0x00000170   Code   RO         3834    i.__kernel_cos      m_wm.l(cos_i.o)
    0x080040b8   0x080040b8   0x000000f8   Code   RO         3910    i.__kernel_poly     m_wm.l(poly.o)
    0x080041b0   0x080041b0   0x00000130   Code   RO         3856    i.__kernel_sin      m_wm.l(sin_i.o)
    0x080042e0   0x080042e0   0x00000014   Code   RO         3838    i.__mathlib_dbl_infnan  m_wm.l(dunder.o)
    0x080042f4   0x080042f4   0x00000004   PAD
    0x080042f8   0x080042f8   0x00000020   Code   RO         3840    i.__mathlib_dbl_invalid  m_wm.l(dunder.o)
    0x08004318   0x08004318   0x00000020   Code   RO         3843    i.__mathlib_dbl_underflow  m_wm.l(dunder.o)
    0x08004338   0x08004338   0x0000000e   Code   RO         3922    i.__scatterload_copy  mc_w.l(handlers.o)
    0x08004346   0x08004346   0x00000002   Code   RO         3923    i.__scatterload_null  mc_w.l(handlers.o)
    0x08004348   0x08004348   0x0000000e   Code   RO         3924    i.__scatterload_zeroinit  mc_w.l(handlers.o)
    0x08004356   0x08004356   0x00000002   PAD
    0x08004358   0x08004358   0x0000000c   Code   RO         3886    i.__set_errno       mc_w.l(errno.o)
    0x08004364   0x08004364   0x00000140   Code   RO         3625    i.chassis_can1_tx   chassis.o
    0x080044a4   0x080044a4   0x00000020   Code   RO         3626    i.chassis_control   chassis.o
    0x080044c4   0x080044c4   0x0000001a   Code   RO         3627    i.chassis_whole     chassis.o
    0x080044de   0x080044de   0x00000018   Code   RO         3904    i.fabs              m_wm.l(fabs.o)
    0x080044f6   0x080044f6   0x00000002   PAD
    0x080044f8   0x080044f8   0x0000002c   Code   RO         3415    i.get_first_last    motor.o
    0x08004524   0x08004524   0x00000018   Code   RO         3416    i.get_motor         motor.o
    0x0800453c   0x0800453c   0x00000036   Code   RO           16    i.main              main.o
    0x08004572   0x08004572   0x00000002   PAD
    0x08004574   0x08004574   0x00000078   Code   RO         3417    i.motor_angle       motor.o
    0x080045ec   0x080045ec   0x0000000e   Code   RO         3628    i.office_control    chassis.o
    0x080045fa   0x080045fa   0x00000008   Data   RO         1312    .constdata          stm32f4xx_hal_dma.o
    0x08004602   0x08004602   0x00000300   Data   RO         3488    .constdata          referee_system.o
    0x08004902   0x08004902   0x00000010   Data   RO         3744    .constdata          system_stm32f4xx.o
    0x08004912   0x08004912   0x00000008   Data   RO         3745    .constdata          system_stm32f4xx.o
    0x0800491a   0x0800491a   0x00000006   PAD
    0x08004920   0x08004920   0x00000030   Data   RO         3835    .constdata          m_wm.l(cos_i.o)
    0x08004950   0x08004950   0x000000c8   Data   RO         3853    .constdata          m_wm.l(rred.o)
    0x08004a18   0x08004a18   0x00000028   Data   RO         3857    .constdata          m_wm.l(sin_i.o)
    0x08004a40   0x08004a40   0x00000020   Data   RO         3920    Region$$Table       anon$$obj.o


    Execution Region RW_IRAM1 (Exec base: 0x20000000, Load base: 0x08004a60, Size: 0x00000d10, Max: 0x0001c000, ABSOLUTE)

    Exec Addr    Load Addr    Size         Type   Attr      Idx    E Section Name        Object

    0x20000000   0x08004a60   0x00000004   Data   RW          239    .data               can.o
    0x20000004   0x08004a64   0x0000000c   Data   RW         1745    .data               stm32f4xx_hal.o
    0x20000010   0x08004a70   0x00000008   Data   RW         3489    .data               referee_system.o
    0x20000018   0x08004a78   0x00000004   Data   RW         3746    .data               system_stm32f4xx.o
    0x2000001c   0x08004a7c   0x00000004   Data   RW         3887    .data               mc_w.l(errno.o)
    0x20000020        -       0x000000e0   Zero   RW          238    .bss                can.o
    0x20000100        -       0x00000048   Zero   RW          337    .bss                tim.o
    0x20000148        -       0x000000f0   Zero   RW          385    .bss                usart.o
    0x20000238        -       0x00000048   Zero   RW          568    .bss                stm32f4xx_hal_timebase_tim.o
    0x20000280        -       0x00000268   Zero   RW         3385    .bss                pid.o
    0x200004e8        -       0x000000a8   Zero   RW         3418    .bss                motor.o
    0x20000590        -       0x0000022a   Zero   RW         3483    .bss                referee_system.o
    0x200007ba        -       0x000000c8   Zero   RW         3484    .bss                referee_system.o
    0x20000882        -       0x00000024   Zero   RW         3587    .bss                rc.o
    0x200008a6   0x08004a80   0x00000002   PAD
    0x200008a8        -       0x00000064   Zero   RW         3629    .bss                chassis.o
    0x2000090c   0x08004a80   0x00000004   PAD
    0x20000910        -       0x00000400   Zero   RW            1    STACK               startup_stm32f405xx.o


    Execution Region RW_IRAM2 (Exec base: 0x2001c000, Load base: 0x08004a80, Size: 0x00000000, Max: 0x00004000, ABSOLUTE)

    **** No section assigned to this execution region ****


==============================================================================

Image component sizes


      Code (inc. data)   RO Data    RW Data    ZI Data      Debug   Object Name

       674         64          0          4        224       5217   can.o
      2676        222          0          0        100      12478   chassis.o
        44          4          0          0          0        746   dma.o
       112         10          0          0          0        903   gpio.o
       242         18          0          0          0     668458   main.o
       408         38          0          0        168       4752   motor.o
       212          8          0          0        616       1600   pid.o
         0          0          0          0         36       1721   rc.o
       906         38        768          8        754      17111   referee_system.o
        36          8        392          0       1024        832   startup_stm32f405xx.o
        80         14          0         12          0       8050   stm32f4xx_hal.o
      1658          6          0          0          0      14227   stm32f4xx_hal_can.o
       158         14          0          0          0      33034   stm32f4xx_hal_cortex.o
       934         16          8          0          0       5583   stm32f4xx_hal_dma.o
       496         46          0          0          0       1524   stm32f4xx_hal_gpio.o
        48          6          0          0          0        822   stm32f4xx_hal_msp.o
      1412         86          0          0          0       5869   stm32f4xx_hal_rcc.o
       746         74          0          0          0       6925   stm32f4xx_hal_tim.o
       148         28          0          0          0       2469   stm32f4xx_hal_tim_ex.o
       152         20          0          0         72       1440   stm32f4xx_hal_timebase_tim.o
      1288         16          0          0          0       8320   stm32f4xx_hal_uart.o
       102         36          0          0          0       6870   stm32f4xx_it.o
        16          4         24          4          0       1095   system_stm32f4xx.o
       140         24          0          0         72       1999   tim.o
       216         18          0          0          0       2231   uartidle.o
       360         46          0          0        240       2450   usart.o

    ----------------------------------------------------------------------
     13290        864       1230         28       3312     816726   Object Totals
         0          0         32          0          0          0   (incl. Generated)
        26          0          6          0          6          0   (incl. Padding)

    ----------------------------------------------------------------------

      Code (inc. data)   RO Data    RW Data    ZI Data      Debug   Library Member Name

       200         20          0          0          0        164   cos.o
       368         46         48          0          0        200   cos_i.o
        84         16          0          0          0        372   dunder.o
        24          0          0          0          0        124   fabs.o
        48          0          0          0          0        124   fpclassify.o
       248          0          0          0          0        152   poly.o
      1080        142        200          0          0        188   rred.o
       200         20          0          0          0        164   sin.o
       304         24         40          0          0        208   sin_i.o
         0          0          0          0          0          0   entry.o
         0          0          0          0          0          0   entry10a.o
         0          0          0          0          0          0   entry11a.o
         4          0          0          0          0          0   entry12b.o
         8          4          0          0          0          0   entry2.o
         4          0          0          0          0          0   entry5.o
         0          0          0          0          0          0   entry7b.o
         0          0          0          0          0          0   entry8b.o
         8          4          0          0          0          0   entry9a.o
        12          6          0          4          0         68   errno.o
        30          0          0          0          0          0   handlers.o
        36          8          0          0          0         68   init.o
         0          0          0          0          0          0   iusefp.o
        30          0          0          0          0         68   llshl.o
        36          0          0          0          0         68   llsshr.o
        32          0          0          0          0         68   llushr.o
        36          0          0          0          0         68   memcpya.o
        36          0          0          0          0        108   memseta.o
        98          0          0          0          0         92   uldiv.o
        56          0          0          0          0         88   d2f.o
       334          0          0          0          0        148   dadd.o
       222          0          0          0          0        100   ddiv.o
       186          0          0          0          0        176   depilogue.o
        62          0          0          0          0         80   dfixi.o
        34          0          0          0          0         76   dflti.o
        26          0          0          0          0         76   dfltui.o
       228          0          0          0          0         96   dmul.o
        38          0          0          0          0         68   f2d.o
       110          0          0          0          0        168   fepilogue.o

    ----------------------------------------------------------------------
      4232        290        288          4          0       3380   Library Totals
        10          0          0          0          0          0   (incl. Padding)

    ----------------------------------------------------------------------

      Code (inc. data)   RO Data    RW Data    ZI Data      Debug   Library Name

      2556        268        288          0          0       1696   m_wm.l
       370         22          0          4          0        608   mc_w.l
      1296          0          0          0          0       1076   mf_w.l

    ----------------------------------------------------------------------
      4232        290        288          4          0       3380   Library Totals

    ----------------------------------------------------------------------

==============================================================================


      Code (inc. data)   RO Data    RW Data    ZI Data      Debug   

     17522       1154       1518         32       3312     806630   Grand Totals
     17522       1154       1518         32       3312     806630   ELF Image Totals
     17522       1154       1518         32          0          0   ROM Totals

==============================================================================

    Total RO  Size (Code + RO Data)                19040 (  18.59kB)
    Total RW  Size (RW Data + ZI Data)              3344 (   3.27kB)
    Total ROM Size (Code + RO Data + RW Data)      19072 (  18.63kB)

==============================================================================

