Component: ARM Compiler 5.06 update 7 (build 960) Tool: armlink [4d3601]

==============================================================================

Section Cross References

    startup_stm32f405xx.o(RESET) refers to startup_stm32f405xx.o(STACK) for __initial_sp
    startup_stm32f405xx.o(RESET) refers to startup_stm32f405xx.o(.text) for Reset_Handler
    startup_stm32f405xx.o(RESET) refers to stm32f4xx_it.o(i.NMI_Handler) for NMI_Handler
    startup_stm32f405xx.o(RESET) refers to stm32f4xx_it.o(i.HardFault_Handler) for HardFault_Handler
    startup_stm32f405xx.o(RESET) refers to stm32f4xx_it.o(i.MemManage_Handler) for MemManage_Handler
    startup_stm32f405xx.o(RESET) refers to stm32f4xx_it.o(i.BusFault_Handler) for BusFault_Handler
    startup_stm32f405xx.o(RESET) refers to stm32f4xx_it.o(i.UsageFault_Handler) for UsageFault_Handler
    startup_stm32f405xx.o(RESET) refers to port.o(.emb_text) for SVC_Handler
    startup_stm32f405xx.o(RESET) refers to stm32f4xx_it.o(i.DebugMon_Handler) for DebugMon_Handler
    startup_stm32f405xx.o(RESET) refers to port.o(i.SysTick_Handler) for SysTick_Handler
    startup_stm32f405xx.o(RESET) refers to stm32f4xx_it.o(i.DMA1_Stream2_IRQHandler) for DMA1_Stream2_IRQHandler
    startup_stm32f405xx.o(RESET) refers to stm32f4xx_it.o(i.DMA1_Stream5_IRQHandler) for DMA1_Stream5_IRQHandler
    startup_stm32f405xx.o(RESET) refers to stm32f4xx_it.o(i.CAN1_RX0_IRQHandler) for CAN1_RX0_IRQHandler
    startup_stm32f405xx.o(RESET) refers to stm32f4xx_it.o(i.USART2_IRQHandler) for USART2_IRQHandler
    startup_stm32f405xx.o(RESET) refers to stm32f4xx_it.o(i.TIM8_TRG_COM_TIM14_IRQHandler) for TIM8_TRG_COM_TIM14_IRQHandler
    startup_stm32f405xx.o(RESET) refers to stm32f4xx_it.o(i.UART4_IRQHandler) for UART4_IRQHandler
    startup_stm32f405xx.o(RESET) refers to stm32f4xx_it.o(i.UART5_IRQHandler) for UART5_IRQHandler
    startup_stm32f405xx.o(RESET) refers to stm32f4xx_it.o(i.TIM7_IRQHandler) for TIM7_IRQHandler
    startup_stm32f405xx.o(RESET) refers to stm32f4xx_it.o(i.CAN2_RX0_IRQHandler) for CAN2_RX0_IRQHandler
    startup_stm32f405xx.o(RESET) refers to stm32f4xx_it.o(i.USART6_IRQHandler) for USART6_IRQHandler
    startup_stm32f405xx.o(.text) refers to system_stm32f4xx.o(i.SystemInit) for SystemInit
    startup_stm32f405xx.o(.text) refers to entry.o(.ARM.Collect$$$$00000000) for __main
    main.o(i.HAL_TIM_PeriodElapsedCallback) refers to stm32f4xx_hal.o(i.HAL_IncTick) for HAL_IncTick
    main.o(i.HAL_TIM_PeriodElapsedCallback) refers to stm32f4xx_hal_iwdg.o(i.HAL_IWDG_Refresh) for HAL_IWDG_Refresh
    main.o(i.HAL_TIM_PeriodElapsedCallback) refers to gyro.o(i.imu_data) for imu_data
    main.o(i.HAL_TIM_PeriodElapsedCallback) refers to gimbal.o(i.gimbal_whole) for gimbal_whole
    main.o(i.HAL_TIM_PeriodElapsedCallback) refers to iwdg.o(.bss) for hiwdg
    main.o(i.SystemClock_Config) refers to memseta.o(.text) for __aeabi_memclr4
    main.o(i.SystemClock_Config) refers to stm32f4xx_hal_rcc.o(i.HAL_RCC_OscConfig) for HAL_RCC_OscConfig
    main.o(i.SystemClock_Config) refers to stm32f4xx_hal_rcc.o(i.HAL_RCC_ClockConfig) for HAL_RCC_ClockConfig
    main.o(i.main) refers to stm32f4xx_hal.o(i.HAL_Init) for HAL_Init
    main.o(i.main) refers to main.o(i.SystemClock_Config) for SystemClock_Config
    main.o(i.main) refers to gpio.o(i.MX_GPIO_Init) for MX_GPIO_Init
    main.o(i.main) refers to dma.o(i.MX_DMA_Init) for MX_DMA_Init
    main.o(i.main) refers to can.o(i.MX_CAN1_Init) for MX_CAN1_Init
    main.o(i.main) refers to can.o(i.MX_CAN2_Init) for MX_CAN2_Init
    main.o(i.main) refers to tim.o(i.MX_TIM7_Init) for MX_TIM7_Init
    main.o(i.main) refers to usart.o(i.MX_USART2_UART_Init) for MX_USART2_UART_Init
    main.o(i.main) refers to usart.o(i.MX_UART4_Init) for MX_UART4_Init
    main.o(i.main) refers to usart.o(i.MX_USART6_UART_Init) for MX_USART6_UART_Init
    main.o(i.main) refers to usart.o(i.MX_UART5_Init) for MX_UART5_Init
    main.o(i.main) refers to freertos.o(i.MX_FREERTOS_Init) for MX_FREERTOS_Init
    main.o(i.main) refers to cmsis_os.o(i.osKernelStart) for osKernelStart
    gpio.o(i.MX_GPIO_Init) refers to memseta.o(.text) for __aeabi_memclr4
    gpio.o(i.MX_GPIO_Init) refers to stm32f4xx_hal_gpio.o(i.HAL_GPIO_Init) for HAL_GPIO_Init
    freertos.o(i.MX_FREERTOS_Init) refers to memcpya.o(.text) for __aeabi_memcpy4
    freertos.o(i.MX_FREERTOS_Init) refers to cmsis_os.o(i.osThreadCreate) for osThreadCreate
    freertos.o(i.MX_FREERTOS_Init) refers to freertos.o(.constdata) for .constdata
    freertos.o(i.MX_FREERTOS_Init) refers to freertos.o(.data) for .data
    freertos.o(i.StartDefaultTask) refers to cmsis_os.o(i.osDelay) for osDelay
    freertos.o(i.StartTask02) refers to usart.o(i.UART5_Init) for UART5_Init
    freertos.o(i.StartTask02) refers to can.o(i.CAN_Init) for CAN_Init
    freertos.o(i.StartTask02) refers to tim.o(i.TIM_Init) for TIM_Init
    freertos.o(i.StartTask02) refers to gyro.o(i.GYRO_Init) for GYRO_Init
[...]
    i.HAL_CAN_TxMailbox2CompleteCallback     0x080010ca   Section        0  stm32f4xx_hal_can.o(i.HAL_CAN_TxMailbox2CompleteCallback)
    i.HAL_CAN_WakeUpFromRxMsgCallback        0x080010cc   Section        0  stm32f4xx_hal_can.o(i.HAL_CAN_WakeUpFromRxMsgCallback)
    i.HAL_DMA_Abort                          0x080010ce   Section        0  stm32f4xx_hal_dma.o(i.HAL_DMA_Abort)
    i.HAL_DMA_Abort_IT                       0x08001160   Section        0  stm32f4xx_hal_dma.o(i.HAL_DMA_Abort_IT)
    i.HAL_DMA_IRQHandler                     0x08001184   Section        0  stm32f4xx_hal_dma.o(i.HAL_DMA_IRQHandler)
    i.HAL_DMA_Init                           0x08001324   Section        0  stm32f4xx_hal_dma.o(i.HAL_DMA_Init)
    i.HAL_GPIO_Init                          0x080013f8   Section        0  stm32f4xx_hal_gpio.o(i.HAL_GPIO_Init)
    i.HAL_GPIO_ReadPin                       0x080015e8   Section        0  stm32f4xx_hal_gpio.o(i.HAL_GPIO_ReadPin)
    i.HAL_GetTick                            0x080015f4   Section        0  stm32f4xx_hal.o(i.HAL_GetTick)
    i.HAL_IWDG_Refresh                       0x08001600   Section        0  stm32f4xx_hal_iwdg.o(i.HAL_IWDG_Refresh)
    i.HAL_IncTick                            0x0800160c   Section        0  stm32f4xx_hal.o(i.HAL_IncTick)
    i.HAL_Init                               0x0800161c   Section        0  stm32f4xx_hal.o(i.HAL_Init)
    i.HAL_InitTick                           0x08001650   Section        0  stm32f4xx_hal_timebase_tim.o(i.HAL_InitTick)
    i.HAL_MspInit                            0x080016e8   Section        0  stm32f4xx_hal_msp.o(i.HAL_MspInit)
    i.HAL_NVIC_EnableIRQ                     0x08001720   Section        0  stm32f4xx_hal_cortex.o(i.HAL_NVIC_EnableIRQ)
    i.HAL_NVIC_SetPriority                   0x0800173c   Section        0  stm32f4xx_hal_cortex.o(i.HAL_NVIC_SetPriority)
    i.HAL_NVIC_SetPriorityGrouping           0x0800177c   Section        0  stm32f4xx_hal_cortex.o(i.HAL_NVIC_SetPriorityGrouping)
    i.HAL_NVIC_SystemReset                   0x080017a0   Section        0  stm32f4xx_hal_cortex.o(i.HAL_NVIC_SystemReset)
    i.HAL_RCC_ClockConfig                    0x080017c4   Section        0  stm32f4xx_hal_rcc.o(i.HAL_RCC_ClockConfig)
    i.HAL_RCC_GetClockConfig                 0x080018f8   Section        0  stm32f4xx_hal_rcc.o(i.HAL_RCC_GetClockConfig)
    i.HAL_RCC_GetPCLK1Freq                   0x08001938   Section        0  stm32f4xx_hal_rcc.o(i.HAL_RCC_GetPCLK1Freq)
    i.HAL_RCC_GetPCLK2Freq                   0x08001958   Section        0  stm32f4xx_hal_rcc.o(i.HAL_RCC_GetPCLK2Freq)
    i.HAL_RCC_GetSysClockFreq                0x08001978   Section        0  stm32f4xx_hal_rcc.o(i.HAL_RCC_GetSysClockFreq)
    i.HAL_RCC_OscConfig                      0x080019dc   Section        0  stm32f4xx_hal_rcc.o(i.HAL_RCC_OscConfig)
    i.HAL_TIMEx_BreakCallback                0x08001d48   Section        0  stm32f4xx_hal_tim_ex.o(i.HAL_TIMEx_BreakCallback)
    i.HAL_TIMEx_CommutCallback               0x08001d4a   Section        0  stm32f4xx_hal_tim_ex.o(i.HAL_TIMEx_CommutCallback)
    i.HAL_TIMEx_MasterConfigSynchronization  0x08001d4c   Section        0  stm32f4xx_hal_tim_ex.o(i.HAL_TIMEx_MasterConfigSynchronization)
    i.HAL_TIM_Base_Init                      0x08001ddc   Section        0  stm32f4xx_hal_tim.o(i.HAL_TIM_Base_Init)
    i.HAL_TIM_Base_MspInit                   0x08001e38   Section        0  tim.o(i.HAL_TIM_Base_MspInit)
    i.HAL_TIM_Base_Start_IT                  0x08001e74   Section        0  stm32f4xx_hal_tim.o(i.HAL_TIM_Base_Start_IT)
    i.HAL_TIM_IC_CaptureCallback             0x08001ef4   Section        0  stm32f4xx_hal_tim.o(i.HAL_TIM_IC_CaptureCallback)
    i.HAL_TIM_IRQHandler                     0x08001ef6   Section        0  stm32f4xx_hal_tim.o(i.HAL_TIM_IRQHandler)
    i.HAL_TIM_OC_DelayElapsedCallback        0x08002026   Section        0  stm32f4xx_hal_tim.o(i.HAL_TIM_OC_DelayElapsedCallback)
    i.HAL_TIM_PWM_PulseFinishedCallback      0x08002028   Section        0  stm32f4xx_hal_tim.o(i.HAL_TIM_PWM_PulseFinishedCallback)
    i.HAL_TIM_PeriodElapsedCallback          0x0800202c   Section        0  main.o(i.HAL_TIM_PeriodElapsedCallback)
    i.HAL_TIM_TriggerCallback                0x08002064   Section        0  stm32f4xx_hal_tim.o(i.HAL_TIM_TriggerCallback)
    i.HAL_UARTEx_RxEventCallback             0x08002066   Section        0  stm32f4xx_hal_uart.o(i.HAL_UARTEx_RxEventCallback)
    i.HAL_UART_ErrorCallback                 0x08002068   Section        0  stm32f4xx_hal_uart.o(i.HAL_UART_ErrorCallback)
    i.HAL_UART_IRQHandler                    0x0800206c   Section        0  stm32f4xx_hal_uart.o(i.HAL_UART_IRQHandler)
    i.HAL_UART_Init                          0x080022dc   Section        0  stm32f4xx_hal_uart.o(i.HAL_UART_Init)
    i.HAL_UART_MspInit                       0x08002340   Section        0  usart.o(i.HAL_UART_MspInit)
    i.HAL_UART_Receive_IT                    0x0800254c   Section        0  stm32f4xx_hal_uart.o(i.HAL_UART_Receive_IT)
    i.HAL_UART_RxCpltCallback                0x08002568   Section        0  usart.o(i.HAL_UART_RxCpltCallback)
    i.HAL_UART_TxCpltCallback                0x08002590   Section        0  stm32f4xx_hal_uart.o(i.HAL_UART_TxCpltCallback)
    i.HANG_SHOT_EXECUTE                      0x08002594   Section        0  gimbal.o(i.HANG_SHOT_EXECUTE)
    i.HardFault_Handler                      0x0800261c   Section        0  stm32f4xx_it.o(i.HardFault_Handler)
    i.IDLE_UART_IRQHandler                   0x08002622   Section        0  uartidle.o(i.IDLE_UART_IRQHandler)
    i.JUDEG_GIMBAL_ONLINE                    0x08002638   Section        0  gimbal.o(i.JUDEG_GIMBAL_ONLINE)
    i.JUDEG_HANG_SHOT                        0x08002670   Section        0  gimbal.o(i.JUDEG_HANG_SHOT)
    i.JUDGE_MODE_KEY                         0x080026bc   Section        0  gimbal.o(i.JUDGE_MODE_KEY)
    i.JUDGE_MODE_RC                          0x08002718   Section        0  gimbal.o(i.JUDGE_MODE_RC)
    i.LowPassFilter                          0x080027a8   Section        0  gimbal.o(i.LowPassFilter)
    i.MODE_TOGGLE                            0x080027e4   Section        0  gimbal.o(i.MODE_TOGGLE)
    i.MSP_motor                              0x08002818   Section        0  motor.o(i.MSP_motor)
    i.MX_CAN1_Init                           0x0800286c   Section        0  can.o(i.MX_CAN1_Init)
    i.MX_CAN2_Init                           0x080028cc   Section        0  can.o(i.MX_CAN2_Init)
    i.MX_DMA_Init                            0x0800292c   Section        0  dma.o(i.MX_DMA_Init)
    i.MX_FREERTOS_Init                       0x08002968   Section        0  freertos.o(i.MX_FREERTOS_Init)
    i.MX_GPIO_Init                           0x080029a4   Section        0  gpio.o(i.MX_GPIO_Init)
    i.MX_TIM7_Init                           0x08002a24   Section        0  tim.o(i.MX_TIM7_Init)
    i.MX_UART4_Init                          0x08002a6c   Section        0  usart.o(i.MX_UART4_Init)
    i.MX_UART5_Init                          0x08002aa4   Section        0  usart.o(i.MX_UART5_Init)
    i.MX_USART2_UART_Init                    0x08002adc   Section        0  usart.o(i.MX_USART2_UART_Init)
    i.MX_USART6_UART_Init                    0x08002b20   Section        0  usart.o(i.MX_USART6_UART_Init)
    i.MemManage_Handler                      0x08002b58   Section        0  stm32f4xx_it.o(i.MemManage_Handler)
    i.NMI_Handler                            0x08002b5a   Section        0  stm32f4xx_it.o(i.NMI_Handler)
    i.NORMAL                                 0x08002b5c   Section        0  gimbal.o(i.NORMAL)
    i.Offline_Processing                     0x08002bc8   Section        0  gimbal.o(i.Offline_Processing)
    i.OnDataReceived                         0x08002c20   Section        0  imu_data_decode.o(i.OnDataReceived)
    OnDataReceived                           0x08002c21   Thumb Code   298  imu_data_decode.o(i.OnDataReceived)
    i.PID_realize                            0x08002d58   Section        0  pid.o(i.PID_realize)
    i.Packet_Decode                          0x08002e2c   Section        0  packet.o(i.Packet_Decode)
    i.Packet_DecodeInit                      0x08002f18   Section        0  packet.o(i.Packet_DecodeInit)
    i.RemoteDataProcess                      0x08002f30   Section        0  rc.o(i.RemoteDataProcess)
    i.StartDefaultTask                       0x08002fd8   Section        0  freertos.o(i.StartDefaultTask)
    i.StartTask02                            0x08002fe0   Section        0  freertos.o(i.StartTask02)
    i.SysTick_Handler                        0x08003014   Section        0  port.o(i.SysTick_Handler)
    i.SystemClock_Config                     0x08003040   Section        0  main.o(i.SystemClock_Config)
    i.SystemInit                             0x080030dc   Section        0  system_stm32f4xx.o(i.SystemInit)
    i.TIM7_IRQHandler                        0x080030ec   Section        0  stm32f4xx_it.o(i.TIM7_IRQHandler)
    i.TIM8_TRG_COM_TIM14_IRQHandler          0x080030f8   Section        0  stm32f4xx_it.o(i.TIM8_TRG_COM_TIM14_IRQHandler)
    i.TIM_Base_SetConfig                     0x08003104   Section        0  stm32f4xx_hal_tim.o(i.TIM_Base_SetConfig)
    i.TIM_Init                               0x080031dc   Section        0  tim.o(i.TIM_Init)
    i.UART4_IRQHandler                       0x080031e8   Section        0  stm32f4xx_it.o(i.UART4_IRQHandler)
    i.UART5_IRQHandler                       0x08003200   Section        0  stm32f4xx_it.o(i.UART5_IRQHandler)
    i.UART5_Init                             0x08003214   Section        0  usart.o(i.UART5_Init)
    i.UART_DMAAbortOnError                   0x08003228   Section        0  stm32f4xx_hal_uart.o(i.UART_DMAAbortOnError)
    UART_DMAAbortOnError                     0x08003229   Thumb Code    16  stm32f4xx_hal_uart.o(i.UART_DMAAbortOnError)
    i.UART_EndRxTransfer                     0x08003238   Section        0  stm32f4xx_hal_uart.o(i.UART_EndRxTransfer)
    UART_EndRxTransfer                       0x08003239   Thumb Code    78  stm32f4xx_hal_uart.o(i.UART_EndRxTransfer)
    i.UART_Receive_IT                        0x08003286   Section        0  stm32f4xx_hal_uart.o(i.UART_Receive_IT)
    UART_Receive_IT                          0x08003287   Thumb Code   194  stm32f4xx_hal_uart.o(i.UART_Receive_IT)
    i.UART_SetConfig                         0x08003348   Section        0  stm32f4xx_hal_uart.o(i.UART_SetConfig)
    UART_SetConfig                           0x08003349   Thumb Code   258  stm32f4xx_hal_uart.o(i.UART_SetConfig)
    i.UART_Start_Receive_IT                  0x08003454   Section        0  stm32f4xx_hal_uart.o(i.UART_Start_Receive_IT)
    i.USART2_IRQHandler                      0x0800348c   Section        0  stm32f4xx_it.o(i.USART2_IRQHandler)
    i.USART2_Init                            0x080034ac   Section        0  uartidle.o(i.USART2_Init)
    i.USART4_Init                            0x080034e8   Section        0  uartidle.o(i.USART4_Init)
    i.USART6_IRQHandler                      0x08003570   Section        0  stm32f4xx_it.o(i.USART6_IRQHandler)
    i.UsageFault_Handler                     0x0800357c   Section        0  stm32f4xx_it.o(i.UsageFault_Handler)
    i.VisionDataProgress                     0x08003580   Section        0  vision.o(i.VisionDataProgress)
    i.__NVIC_SetPriority                     0x080035f8   Section        0  stm32f4xx_hal_cortex.o(i.__NVIC_SetPriority)
    __NVIC_SetPriority                       0x080035f9   Thumb Code    32  stm32f4xx_hal_cortex.o(i.__NVIC_SetPriority)
    i.__scatterload_copy                     0x08003618   Section       14  handlers.o(i.__scatterload_copy)
    i.__scatterload_null                     0x08003626   Section        2  handlers.o(i.__scatterload_null)
    i.__scatterload_zeroinit                 0x08003628   Section       14  handlers.o(i.__scatterload_zeroinit)
    i.crc16_update                           0x08003636   Section        0  packet.o(i.crc16_update)
    crc16_update                             0x08003637   Thumb Code    46  packet.o(i.crc16_update)
    i.dma_m0_rxcplt_callback                 0x08003664   Section        0  uartidle.o(i.dma_m0_rxcplt_callback)
    dma_m0_rxcplt_callback                   0x08003665   Thumb Code    16  uartidle.o(i.dma_m0_rxcplt_callback)
    i.dma_m1_rxcplt_callback                 0x08003678   Section        0  uartidle.o(i.dma_m1_rxcplt_callback)
    dma_m1_rxcplt_callback                   0x08003679   Thumb Code    16  uartidle.o(i.dma_m1_rxcplt_callback)
    i.get_eular                              0x0800368c   Section        0  imu_data_decode.o(i.get_eular)
    i.get_id                                 0x0800369c   Section        0  imu_data_decode.o(i.get_id)
    i.get_motor                              0x080036ac   Section        0  motor.o(i.get_motor)
    i.get_quat                               0x080036c4   Section        0  imu_data_decode.o(i.get_quat)
    i.get_raw_acc                            0x080036d8   Section        0  imu_data_decode.o(i.get_raw_acc)
    i.get_raw_gyo                            0x080036ec   Section        0  imu_data_decode.o(i.get_raw_gyo)
    i.get_raw_mag                            0x08003700   Section        0  imu_data_decode.o(i.get_raw_mag)
    i.get_total_angle                        0x08003714   Section        0  gyro.o(i.get_total_angle)
    i.gimbal_TX                              0x0800377c   Section        0  gimbal.o(i.gimbal_TX)
    i.gimbal_can1_tx                         0x0800378c   Section        0  gimbal.o(i.gimbal_can1_tx)
    i.gimbal_can2_tx                         0x0800387c   Section        0  gimbal.o(i.gimbal_can2_tx)
    i.gimbal_control                         0x08003960   Section        0  gimbal.o(i.gimbal_control)
    i.gimbal_office                          0x0800398c   Section        0  gimbal.o(i.gimbal_office)
    i.gimbal_whole                           0x0800399a   Section        0  gimbal.o(i.gimbal_whole)
    i.imu_data                               0x080039ac   Section        0  gyro.o(i.imu_data)
    i.imu_data_decode_init                   0x080039e4   Section        0  imu_data_decode.o(i.imu_data_decode_init)
    i.main                                   0x080039fc   Section        0  main.o(i.main)
    i.makeFreeRtosPriority                   0x08003a32   Section        0  cmsis_os.o(i.makeFreeRtosPriority)
    makeFreeRtosPriority                     0x08003a33   Thumb Code    12  cmsis_os.o(i.makeFreeRtosPriority)
    i.osDelay                                0x08003a3e   Section        0  cmsis_os.o(i.osDelay)
    i.osKernelStart                          0x08003a4c   Section        0  cmsis_os.o(i.osKernelStart)
    i.osThreadCreate                         0x08003a56   Section        0  cmsis_os.o(i.osThreadCreate)
    i.pitch_limit                            0x08003aac   Section        0  gimbal.o(i.pitch_limit)
    i.prvAddCurrentTaskToDelayedList         0x08003af8   Section        0  tasks.o(i.prvAddCurrentTaskToDelayedList)
    prvAddCurrentTaskToDelayedList           0x08003af9   Thumb Code   102  tasks.o(i.prvAddCurrentTaskToDelayedList)
    i.prvAddNewTaskToReadyList               0x08003b68   Section        0  tasks.o(i.prvAddNewTaskToReadyList)
    prvAddNewTaskToReadyList                 0x08003b69   Thumb Code   194  tasks.o(i.prvAddNewTaskToReadyList)
    i.prvDeleteTCB                           0x08003c38   Section        0  tasks.o(i.prvDeleteTCB)
    prvDeleteTCB                             0x08003c39   Thumb Code    52  tasks.o(i.prvDeleteTCB)
    i.prvHeapInit                            0x08003c6c   Section        0  heap_4.o(i.prvHeapInit)
    prvHeapInit                              0x08003c6d   Thumb Code    66  heap_4.o(i.prvHeapInit)
    i.prvIdleTask                            0x08003cb8   Section        0  tasks.o(i.prvIdleTask)
    prvIdleTask                              0x08003cb9   Thumb Code    82  tasks.o(i.prvIdleTask)
    i.prvInitialiseNewTask                   0x08003d18   Section        0  tasks.o(i.prvInitialiseNewTask)
    prvInitialiseNewTask                     0x08003d19   Thumb Code   152  tasks.o(i.prvInitialiseNewTask)
    i.prvInsertBlockIntoFreeList             0x08003db0   Section        0  heap_4.o(i.prvInsertBlockIntoFreeList)
    prvInsertBlockIntoFreeList               0x08003db1   Thumb Code    72  heap_4.o(i.prvInsertBlockIntoFreeList)
    i.prvResetNextTaskUnblockTime            0x08003dfc   Section        0  tasks.o(i.prvResetNextTaskUnblockTime)
    prvResetNextTaskUnblockTime              0x08003dfd   Thumb Code    26  tasks.o(i.prvResetNextTaskUnblockTime)
    i.prvTaskExitError                       0x08003e1c   Section        0  port.o(i.prvTaskExitError)
    prvTaskExitError                         0x08003e1d   Thumb Code    36  port.o(i.prvTaskExitError)
    i.pvPortMalloc                           0x08003e44   Section        0  heap_4.o(i.pvPortMalloc)
    i.pxPortInitialiseStack                  0x08003f20   Section        0  port.o(i.pxPortInitialiseStack)
    i.rc_abs                                 0x08003f4c   Section        0  rc.o(i.rc_abs)
    i.uart_rx_idle_callback                  0x08003f5c   Section        0  uartidle.o(i.uart_rx_idle_callback)
    uart_rx_idle_callback                    0x08003f5d   Thumb Code   138  uartidle.o(i.uart_rx_idle_callback)
    i.uxListRemove                           0x08003ff8   Section        0  list.o(i.uxListRemove)
    i.vApplicationGetIdleTaskMemory          0x08004020   Section        0  freertos.o(i.vApplicationGetIdleTaskMemory)
    i.vListInitialise                        0x08004034   Section        0  list.o(i.vListInitialise)
    i.vListInitialiseItem                    0x0800404a   Section        0  list.o(i.vListInitialiseItem)
    i.vListInsert                            0x08004050   Section        0  list.o(i.vListInsert)
    i.vListInsertEnd                         0x08004080   Section        0  list.o(i.vListInsertEnd)
    i.vPortEnterCritical                     0x08004098   Section        0  port.o(i.vPortEnterCritical)
    i.vPortExitCritical                      0x080040d8   Section        0  port.o(i.vPortExitCritical)
    i.vPortFree                              0x08004100   Section        0  heap_4.o(i.vPortFree)
    i.vPortSetupTimerInterrupt               0x08004164   Section        0  port.o(i.vPortSetupTimerInterrupt)
    i.vTaskDelay                             0x08004188   Section        0  tasks.o(i.vTaskDelay)
    i.vTaskDelete                            0x080041d4   Section        0  tasks.o(i.vTaskDelete)
    i.vTaskStartScheduler                    0x08004280   Section        0  tasks.o(i.vTaskStartScheduler)
    i.vTaskSuspendAll                        0x080042ec   Section        0  tasks.o(i.vTaskSuspendAll)
    i.vTaskSwitchContext                     0x080042fc   Section        0  tasks.o(i.vTaskSwitchContext)
    i.xPortStartScheduler                    0x08004358   Section        0  port.o(i.xPortStartScheduler)
    i.xTaskCreate                            0x0800444c   Section        0  tasks.o(i.xTaskCreate)
    i.xTaskCreateStatic                      0x080044a6   Section        0  tasks.o(i.xTaskCreateStatic)
    i.xTaskIncrementTick                     0x080044fc   Section        0  tasks.o(i.xTaskIncrementTick)
    i.xTaskResumeAll                         0x080045c8   Section        0  tasks.o(i.xTaskResumeAll)
    .constdata                               0x0800468c   Section       56  freertos.o(.constdata)
    .constdata                               0x080046c4   Section        8  stm32f4xx_hal_dma.o(.constdata)
    flagBitshiftOffset                       0x080046c4   Data           8  stm32f4xx_hal_dma.o(.constdata)
    .constdata                               0x080046cc   Section       16  system_stm32f4xx.o(.constdata)
    .constdata                               0x080046dc   Section        8  system_stm32f4xx.o(.constdata)
    .conststring                             0x080046e4   Section       28  freertos.o(.conststring)
    .data                                    0x20000000   Section        8  freertos.o(.data)
    .data                                    0x20000008   Section        4  can.o(.data)
    HAL_RCC_CAN1_CLK_ENABLED                 0x20000008   Data           4  can.o(.data)
    .data                                    0x2000000c   Section        1  usart.o(.data)
    .data                                    0x20000010   Section       12  stm32f4xx_hal.o(.data)
    .data                                    0x2000001c   Section       20  imu_data_decode.o(.data)
    id                                       0x2000001c   Data           1  imu_data_decode.o(.data)
    acc                                      0x2000001e   Data           6  imu_data_decode.o(.data)
    gyo                                      0x20000024   Data           6  imu_data_decode.o(.data)
    mag                                      0x2000002a   Data           6  imu_data_decode.o(.data)
    .data                                    0x20000030   Section       20  packet.o(.data)
    status                                   0x20000030   Data           1  packet.o(.data)
    CRCReceived                              0x20000032   Data           2  packet.o(.data)
    CRCCalculated                            0x20000034   Data           2  packet.o(.data)
    crc_header                               0x20000036   Data           4  packet.o(.data)
    EventHandler                             0x2000003c   Data           4  packet.o(.data)
    RxPkt                                    0x20000040   Data           4  packet.o(.data)
    .data                                    0x20000044   Section        4  uartidle.o(.data)
    .data                                    0x20000048   Section        4  system_stm32f4xx.o(.data)
    .data                                    0x2000004c   Section       60  tasks.o(.data)
    uxDeletedTasksWaitingCleanUp             0x20000050   Data           4  tasks.o(.data)
    uxCurrentNumberOfTasks                   0x20000054   Data           4  tasks.o(.data)
    xTickCount                               0x20000058   Data           4  tasks.o(.data)
    uxTopReadyPriority                       0x2000005c   Data           4  tasks.o(.data)
    xSchedulerRunning                        0x20000060   Data           4  tasks.o(.data)
    xPendedTicks                             0x20000064   Data           4  tasks.o(.data)
    xYieldPending                            0x20000068   Data           4  tasks.o(.data)
    xNumOfOverflows                          0x2000006c   Data           4  tasks.o(.data)
    uxTaskNumber                             0x20000070   Data           4  tasks.o(.data)
    xNextTaskUnblockTime                     0x20000074   Data           4  tasks.o(.data)
    xIdleTaskHandle                          0x20000078   Data           4  tasks.o(.data)
    uxSchedulerSuspended                     0x2000007c   Data           4  tasks.o(.data)
    pxDelayedTaskList                        0x20000080   Data           4  tasks.o(.data)
    pxOverflowDelayedTaskList                0x20000084   Data           4  tasks.o(.data)
    .data                                    0x20000088   Section       32  heap_4.o(.data)
    pxEnd                                    0x20000088   Data           4  heap_4.o(.data)
    xFreeBytesRemaining                      0x2000008c   Data           4  heap_4.o(.data)
    xMinimumEverFreeBytesRemaining           0x20000090   Data           4  heap_4.o(.data)
    xNumberOfSuccessfulAllocations           0x20000094   Data           4  heap_4.o(.data)
    xNumberOfSuccessfulFrees                 0x20000098   Data           4  heap_4.o(.data)
    xBlockAllocatedBit                       0x2000009c   Data           4  heap_4.o(.data)
    xStart                                   0x200000a0   Data           8  heap_4.o(.data)
    .data                                    0x200000a8   Section       12  port.o(.data)
    ucMaxSysCallPriority                     0x200000a8   Data           1  port.o(.data)
    uxCriticalNesting                        0x200000ac   Data           4  port.o(.data)
    ulMaxPRIGROUPValue                       0x200000b0   Data           4  port.o(.data)
    .bss                                     0x200000b4   Section      596  freertos.o(.bss)
    xIdleTaskTCBBuffer                       0x200000b4   Data          84  freertos.o(.bss)
    xIdleStack                               0x20000108   Data         512  freertos.o(.bss)
    .bss                                     0x20000308   Section      224  can.o(.bss)
    .bss                                     0x200003e8   Section       12  iwdg.o(.bss)
    .bss                                     0x200003f4   Section       72  tim.o(.bss)
    .bss                                     0x2000043c   Section      480  usart.o(.bss)
    .bss                                     0x2000061c   Section       72  stm32f4xx_hal_timebase_tim.o(.bss)
    .bss                                     0x20000664   Section      168  imu_data_decode.o(.bss)
    RxPkt                                    0x20000664   Data         140  imu_data_decode.o(.bss)
    eular                                    0x200006f0   Data          12  imu_data_decode.o(.bss)
    quat                                     0x200006fc   Data          16  imu_data_decode.o(.bss)
    .bss                                     0x2000070c   Section       72  gyro.o(.bss)
    .bss                                     0x20000754   Section       36  rc.o(.bss)
    .bss                                     0x20000778   Section       52  vision.o(.bss)
    .bss                                     0x200007ac   Section       96  motor.o(.bss)
    .bss                                     0x2000080c   Section      616  pid.o(.bss)
    .bss                                     0x20000a74   Section       32  gimbal.o(.bss)
    .bss                                     0x20000a94   Section       48  uartidle.o(.bss)
    .bss                                     0x20000ac4   Section      240  tasks.o(.bss)
    pxReadyTasksLists                        0x20000ac4   Data         140  tasks.o(.bss)
    xDelayedTaskList1                        0x20000b50   Data          20  tasks.o(.bss)
    xDelayedTaskList2                        0x20000b64   Data          20  tasks.o(.bss)
    xPendingReadyList                        0x20000b78   Data          20  tasks.o(.bss)
    xTasksWaitingTermination                 0x20000b8c   Data          20  tasks.o(.bss)
    xSuspendedTaskList                       0x20000ba0   Data          20  tasks.o(.bss)
    .bss                                     0x20000bb4   Section    15360  heap_4.o(.bss)
    ucHeap                                   0x20000bb4   Data       15360  heap_4.o(.bss)
    STACK                                    0x200047b8   Section     1024  startup_stm32f405xx.o(STACK)

    Global Symbols

    Symbol Name                              Value     Ov Type        Size  Object(Section)

    BuildAttributes$$THM_ISAv4$E$P$D$K$B$S$7EM$VFPi3$EXTD16$VFPS$VFMA$PE$A:L22UL41UL21$X:L11$S22US41US21$IEEE1$IW$USESV6$~STKCKD$USESV7$~SHL$OSPACE$EBA8$MICROLIB$REQ8$PRES8$EABIv2 0x00000000   Number         0  anon$$obj.o ABSOLUTE
    __ARM_use_no_argv                        0x00000000   Number         0  main.o ABSOLUTE
    __arm_fini_                               - Undefined Weak Reference
    __cpp_initialize__aeabi_                  - Undefined Weak Reference
    __cxa_finalize                            - Undefined Weak Reference
    __decompress                              - Undefined Weak Reference
    _clock_init                               - Undefined Weak Reference
    _microlib_exit                            - Undefined Weak Reference
    __Vectors_Size                           0x00000188   Number         0  startup_stm32f405xx.o ABSOLUTE
    __Vectors                                0x08000000   Data           4  startup_stm32f405xx.o(RESET)
    __Vectors_End                            0x08000188   Data           0  startup_stm32f405xx.o(RESET)
    __main                                   0x08000189   Thumb Code     0  entry.o(.ARM.Collect$$$$00000000)
    _main_stk                                0x08000189   Thumb Code     0  entry2.o(.ARM.Collect$$$$00000001)
    _main_scatterload                        0x0800018d   Thumb Code     0  entry5.o(.ARM.Collect$$$$00000004)
    __main_after_scatterload                 0x08000191   Thumb Code     0  entry5.o(.ARM.Collect$$$$00000004)
    _main_clock                              0x08000191   Thumb Code     0  entry7b.o(.ARM.Collect$$$$00000008)
    _main_cpp_init                           0x08000191   Thumb Code     0  entry8b.o(.ARM.Collect$$$$0000000A)
    _main_init                               0x08000191   Thumb Code     0  entry9a.o(.ARM.Collect$$$$0000000B)
    __rt_lib_shutdown_fini                   0x08000199   Thumb Code     0  entry12b.o(.ARM.Collect$$$$0000000E)
    __rt_final_cpp                           0x0800019d   Thumb Code     0  entry10a.o(.ARM.Collect$$$$0000000F)
    __rt_final_exit                          0x0800019d   Thumb Code     0  entry11a.o(.ARM.Collect$$$$00000011)
    SVC_Handler                              0x080001a1   Thumb Code    28  port.o(.emb_text)
    __asm___6_port_c_39a90d8d__prvStartFirstTask 0x080001c1   Thumb Code    36  port.o(.emb_text)
    __asm___6_port_c_39a90d8d__prvEnableVFP  0x080001e9   Thumb Code    16  port.o(.emb_text)
    PendSV_Handler                           0x080001fd   Thumb Code    88  port.o(.emb_text)
    vPortGetIPSR                             0x08000259   Thumb Code     6  port.o(.emb_text)
    Reset_Handler                            0x08000261   Thumb Code     8  startup_stm32f405xx.o(.text)
    ADC_IRQHandler                           0x0800027b   Thumb Code     0  startup_stm32f405xx.o(.text)
    CAN1_RX1_IRQHandler                      0x0800027b   Thumb Code     0  startup_stm32f405xx.o(.text)
    CAN1_SCE_IRQHandler                      0x0800027b   Thumb Code     0  startup_stm32f405xx.o(.text)
    CAN1_TX_IRQHandler                       0x0800027b   Thumb Code     0  startup_stm32f405xx.o(.text)
    CAN2_RX1_IRQHandler                      0x0800027b   Thumb Code     0  startup_stm32f405xx.o(.text)
    CAN2_SCE_IRQHandler                      0x0800027b   Thumb Code     0  startup_stm32f405xx.o(.text)
    CAN2_TX_IRQHandler                       0x0800027b   Thumb Code     0  startup_stm32f405xx.o(.text)
    DMA1_Stream0_IRQHandler                  0x0800027b   Thumb Code     0  startup_stm32f405xx.o(.text)
    DMA1_Stream1_IRQHandler                  0x0800027b   Thumb Code     0  startup_stm32f405xx.o(.text)
    DMA1_Stream3_IRQHandler                  0x0800027b   Thumb Code     0  startup_stm32f405xx.o(.text)
    DMA1_Stream4_IRQHandler                  0x0800027b   Thumb Code     0  startup_stm32f405xx.o(.text)
    DMA1_Stream6_IRQHandler                  0x0800027b   Thumb Code     0  startup_stm32f405xx.o(.text)
    DMA1_Stream7_IRQHandler                  0x0800027b   Thumb Code     0  startup_stm32f405xx.o(.text)
    DMA2_Stream0_IRQHandler                  0x0800027b   Thumb Code     0  startup_stm32f405xx.o(.text)
    DMA2_Stream1_IRQHandler                  0x0800027b   Thumb Code     0  startup_stm32f405xx.o(.text)
    DMA2_Stream2_IRQHandler                  0x0800027b   Thumb Code     0  startup_stm32f405xx.o(.text)
    DMA2_Stream3_IRQHandler                  0x0800027b   Thumb Code     0  startup_stm32f405xx.o(.text)
    DMA2_Stream4_IRQHandler                  0x0800027b   Thumb Code     0  startup_stm32f405xx.o(.text)
    DMA2_Stream5_IRQHandler                  0x0800027b   Thumb Code     0  startup_stm32f405xx.o(.text)
    DMA2_Stream6_IRQHandler                  0x0800027b   Thumb Code     0  startup_stm32f405xx.o(.text)
    DMA2_Stream7_IRQHandler                  0x0800027b   Thumb Code     0  startup_stm32f405xx.o(.text)
    EXTI0_IRQHandler                         0x0800027b   Thumb Code     0  startup_stm32f405xx.o(.text)
    EXTI15_10_IRQHandler                     0x0800027b   Thumb Code     0  startup_stm32f405xx.o(.text)
    EXTI1_IRQHandler                         0x0800027b   Thumb Code     0  startup_stm32f405xx.o(.text)
    EXTI2_IRQHandler                         0x0800027b   Thumb Code     0  startup_stm32f405xx.o(.text)
    EXTI3_IRQHandler                         0x0800027b   Thumb Code     0  startup_stm32f405xx.o(.text)
    EXTI4_IRQHandler                         0x0800027b   Thumb Code     0  startup_stm32f405xx.o(.text)
    EXTI9_5_IRQHandler                       0x0800027b   Thumb Code     0  startup_stm32f405xx.o(.text)
    FLASH_IRQHandler                         0x0800027b   Thumb Code     0  startup_stm32f405xx.o(.text)
    FMC_IRQHandler                           0x0800027b   Thumb Code     0  startup_stm32f405xx.o(.text)
    FPU_IRQHandler                           0x0800027b   Thumb Code     0  startup_stm32f405xx.o(.text)
    HASH_RNG_IRQHandler                      0x0800027b   Thumb Code     0  startup_stm32f405xx.o(.text)
    I2C1_ER_IRQHandler                       0x0800027b   Thumb Code     0  startup_stm32f405xx.o(.text)
    I2C1_EV_IRQHandler                       0x0800027b   Thumb Code     0  startup_stm32f405xx.o(.text)
    I2C2_ER_IRQHandler                       0x0800027b   Thumb Code     0  startup_stm32f405xx.o(.text)
    I2C2_EV_IRQHandler                       0x0800027b   Thumb Code     0  startup_stm32f405xx.o(.text)
    I2C3_ER_IRQHandler                       0x0800027b   Thumb Code     0  startup_stm32f405xx.o(.text)
    I2C3_EV_IRQHandler                       0x0800027b   Thumb Code     0  startup_stm32f405xx.o(.text)
    OTG_FS_IRQHandler                        0x0800027b   Thumb Code     0  startup_stm32f405xx.o(.text)
    OTG_FS_WKUP_IRQHandler                   0x0800027b   Thumb Code     0  startup_stm32f405xx.o(.text)
    OTG_HS_EP1_IN_IRQHandler                 0x0800027b   Thumb Code     0  startup_stm32f405xx.o(.text)
    OTG_HS_EP1_OUT_IRQHandler                0x0800027b   Thumb Code     0  startup_stm32f405xx.o(.text)
    OTG_HS_IRQHandler                        0x0800027b   Thumb Code     0  startup_stm32f405xx.o(.text)
    OTG_HS_WKUP_IRQHandler                   0x0800027b   Thumb Code     0  startup_stm32f405xx.o(.text)
    PVD_IRQHandler                           0x0800027b   Thumb Code     0  startup_stm32f405xx.o(.text)
    RCC_IRQHandler                           0x0800027b   Thumb Code     0  startup_stm32f405xx.o(.text)
    RTC_Alarm_IRQHandler                     0x0800027b   Thumb Code     0  startup_stm32f405xx.o(.text)
    RTC_WKUP_IRQHandler                      0x0800027b   Thumb Code     0  startup_stm32f405xx.o(.text)
    SDIO_IRQHandler                          0x0800027b   Thumb Code     0  startup_stm32f405xx.o(.text)
    SPI1_IRQHandler                          0x0800027b   Thumb Code     0  startup_stm32f405xx.o(.text)
    SPI2_IRQHandler                          0x0800027b   Thumb Code     0  startup_stm32f405xx.o(.text)
    SPI3_IRQHandler                          0x0800027b   Thumb Code     0  startup_stm32f405xx.o(.text)
    TAMP_STAMP_IRQHandler                    0x0800027b   Thumb Code     0  startup_stm32f405xx.o(.text)
    TIM1_BRK_TIM9_IRQHandler                 0x0800027b   Thumb Code     0  startup_stm32f405xx.o(.text)
    TIM1_CC_IRQHandler                       0x0800027b   Thumb Code     0  startup_stm32f405xx.o(.text)
    TIM1_TRG_COM_TIM11_IRQHandler            0x0800027b   Thumb Code     0  startup_stm32f405xx.o(.text)
    TIM1_UP_TIM10_IRQHandler                 0x0800027b   Thumb Code     0  startup_stm32f405xx.o(.text)
    TIM2_IRQHandler                          0x0800027b   Thumb Code     0  startup_stm32f405xx.o(.text)
    TIM3_IRQHandler                          0x0800027b   Thumb Code     0  startup_stm32f405xx.o(.text)
    TIM4_IRQHandler                          0x0800027b   Thumb Code     0  startup_stm32f405xx.o(.text)
    TIM5_IRQHandler                          0x0800027b   Thumb Code     0  startup_stm32f405xx.o(.text)
    TIM6_DAC_IRQHandler                      0x0800027b   Thumb Code     0  startup_stm32f405xx.o(.text)
    TIM8_BRK_TIM12_IRQHandler                0x0800027b   Thumb Code     0  startup_stm32f405xx.o(.text)
    TIM8_CC_IRQHandler                       0x0800027b   Thumb Code     0  startup_stm32f405xx.o(.text)
    TIM8_UP_TIM13_IRQHandler                 0x0800027b   Thumb Code     0  startup_stm32f405xx.o(.text)
    USART1_IRQHandler                        0x0800027b   Thumb Code     0  startup_stm32f405xx.o(.text)
    USART3_IRQHandler                        0x0800027b   Thumb Code     0  startup_stm32f405xx.o(.text)
    WWDG_IRQHandler                          0x0800027b   Thumb Code     0  startup_stm32f405xx.o(.text)
    __aeabi_uldivmod                         0x08000285   Thumb Code    98  uldiv.o(.text)
    __aeabi_memcpy                           0x080002e7   Thumb Code    36  memcpya.o(.text)
    __aeabi_memcpy4                          0x080002e7   Thumb Code     0  memcpya.o(.text)
    __aeabi_memcpy8                          0x080002e7   Thumb Code     0  memcpya.o(.text)
    __aeabi_memset                           0x0800030b   Thumb Code    14  memseta.o(.text)
    __aeabi_memset4                          0x0800030b   Thumb Code     0  memseta.o(.text)
    __aeabi_memset8                          0x0800030b   Thumb Code     0  memseta.o(.text)
    __aeabi_memclr                           0x08000319   Thumb Code     4  memseta.o(.text)
    __aeabi_memclr4                          0x08000319   Thumb Code     0  memseta.o(.text)
    __aeabi_memclr8                          0x08000319   Thumb Code     0  memseta.o(.text)
    memset                                   0x0800031d   Thumb Code    18  memseta.o(.text)
    __aeabi_llsl                             0x0800032f   Thumb Code    30  llshl.o(.text)
    _ll_shift_l                              0x0800032f   Thumb Code     0  llshl.o(.text)
    __aeabi_llsr                             0x0800034d   Thumb Code    32  llushr.o(.text)
    _ll_ushift_r                             0x0800034d   Thumb Code     0  llushr.o(.text)
    __scatterload                            0x0800036d   Thumb Code    28  init.o(.text)
    __scatterload_rt2                        0x0800036d   Thumb Code     0  init.o(.text)
    BusFault_Handler                         0x08000391   Thumb Code     2  stm32f4xx_it.o(i.BusFault_Handler)
    CAN1_RX0_IRQHandler                      0x08000395   Thumb Code     6  stm32f4xx_it.o(i.CAN1_RX0_IRQHandler)
    CAN1_Tx                                  0x080003a1   Thumb Code    96  can.o(i.CAN1_Tx)
    CAN2_RX0_IRQHandler                      0x08000405   Thumb Code     6  stm32f4xx_it.o(i.CAN2_RX0_IRQHandler)
    CAN2_Tx                                  0x08000411   Thumb Code    96  can.o(i.CAN2_Tx)
    CAN2_Tx_u8                               0x08000475   Thumb Code    88  can.o(i.CAN2_Tx_u8)
    CAN_Init                                 0x080004d1   Thumb Code    38  can.o(i.CAN_Init)
    CAN_Receive                              0x080004fd   Thumb Code    56  can.o(i.CAN_Receive)
    DMA1_Stream2_IRQHandler                  0x08000541   Thumb Code     6  stm32f4xx_it.o(i.DMA1_Stream2_IRQHandler)
    DMA1_Stream5_IRQHandler                  0x0800054d   Thumb Code     6  stm32f4xx_it.o(i.DMA1_Stream5_IRQHandler)
    DebugMon_Handler                         0x08000819   Thumb Code     2  stm32f4xx_it.o(i.DebugMon_Handler)
    Error_Handler                            0x0800081b   Thumb Code     4  main.o(i.Error_Handler)
    GIMBAL_INITIALIZA                        0x08000821   Thumb Code   234  gimbal.o(i.GIMBAL_INITIALIZA)
    GYRO_Init                                0x08000941   Thumb Code     4  gyro.o(i.GYRO_Init)
    HAL_CAN_ActivateNotification             0x08000945   Thumb Code    36  stm32f4xx_hal_can.o(i.HAL_CAN_ActivateNotification)
    HAL_CAN_AddTxMessage                     0x08000969   Thumb Code   208  stm32f4xx_hal_can.o(i.HAL_CAN_AddTxMessage)
    HAL_CAN_ConfigFilter                     0x08000a39   Thumb Code   262  stm32f4xx_hal_can.o(i.HAL_CAN_ConfigFilter)
    HAL_CAN_ErrorCallback                    0x08000b45   Thumb Code     2  stm32f4xx_hal_can.o(i.HAL_CAN_ErrorCallback)
    HAL_CAN_GetRxMessage                     0x08000b47   Thumb Code   244  stm32f4xx_hal_can.o(i.HAL_CAN_GetRxMessage)
    HAL_CAN_IRQHandler                       0x08000c3b   Thumb Code   508  stm32f4xx_hal_can.o(i.HAL_CAN_IRQHandler)
    HAL_CAN_Init                             0x08000e37   Thumb Code   282  stm32f4xx_hal_can.o(i.HAL_CAN_Init)
    HAL_CAN_MspInit                          0x08000f51   Thumb Code   232  can.o(i.HAL_CAN_MspInit)
    HAL_CAN_RxFifo0FullCallback              0x08001051   Thumb Code     2  stm32f4xx_hal_can.o(i.HAL_CAN_RxFifo0FullCallback)
    HAL_CAN_RxFifo0MsgPendingCallback        0x08001053   Thumb Code    14  can.o(i.HAL_CAN_RxFifo0MsgPendingCallback)
    HAL_CAN_RxFifo1FullCallback              0x08001061   Thumb Code     2  stm32f4xx_hal_can.o(i.HAL_CAN_RxFifo1FullCallback)
    HAL_CAN_RxFifo1MsgPendingCallback        0x08001063   Thumb Code     2  stm32f4xx_hal_can.o(i.HAL_CAN_RxFifo1MsgPendingCallback)
    HAL_CAN_SleepCallback                    0x08001065   Thumb Code     2  stm32f4xx_hal_can.o(i.HAL_CAN_SleepCallback)
    HAL_CAN_Start                            0x08001069   Thumb Code    88  stm32f4xx_hal_can.o(i.HAL_CAN_Start)
    HAL_CAN_TxMailbox0AbortCallback          0x080010c1   Thumb Code     2  stm32f4xx_hal_can.o(i.HAL_CAN_TxMailbox0AbortCallback)
    HAL_CAN_TxMailbox0CompleteCallback       0x080010c3   Thumb Code     2  stm32f4xx_hal_can.o(i.HAL_CAN_TxMailbox0CompleteCallback)
    HAL_CAN_TxMailbox1AbortCallback          0x080010c5   Thumb Code     2  stm32f4xx_hal_can.o(i.HAL_CAN_TxMailbox1AbortCallback)
    HAL_CAN_TxMailbox1CompleteCallback       0x080010c7   Thumb Code     2  stm32f4xx_hal_can.o(i.HAL_CAN_TxMailbox1CompleteCallback)
    HAL_CAN_TxMailbox2AbortCallback          0x080010c9   Thumb Code     2  stm32f4xx_hal_can.o(i.HAL_CAN_TxMailbox2AbortCallback)
    HAL_CAN_TxMailbox2CompleteCallback       0x080010cb   Thumb Code     2  stm32f4xx_hal_can.o(i.HAL_CAN_TxMailbox2CompleteCallback)
    HAL_CAN_WakeUpFromRxMsgCallback          0x080010cd   Thumb Code     2  stm32f4xx_hal_can.o(i.HAL_CAN_WakeUpFromRxMsgCallback)
    HAL_DMA_Abort                            0x080010cf   Thumb Code   146  stm32f4xx_hal_dma.o(i.HAL_DMA_Abort)
    HAL_DMA_Abort_IT                         0x08001161   Thumb Code    36  stm32f4xx_hal_dma.o(i.HAL_DMA_Abort_IT)
    HAL_DMA_IRQHandler                       0x08001185   Thumb Code   412  stm32f4xx_hal_dma.o(i.HAL_DMA_IRQHandler)
    HAL_DMA_Init                             0x08001325   Thumb Code   206  stm32f4xx_hal_dma.o(i.HAL_DMA_Init)
    HAL_GPIO_Init                            0x080013f9   Thumb Code   450  stm32f4xx_hal_gpio.o(i.HAL_GPIO_Init)
    HAL_GPIO_ReadPin                         0x080015e9   Thumb Code    10  stm32f4xx_hal_gpio.o(i.HAL_GPIO_ReadPin)
    HAL_GetTick                              0x080015f5   Thumb Code     6  stm32f4xx_hal.o(i.HAL_GetTick)
    HAL_IWDG_Refresh                         0x08001601   Thumb Code    12  stm32f4xx_hal_iwdg.o(i.HAL_IWDG_Refresh)
    HAL_IncTick                              0x0800160d   Thumb Code    12  stm32f4xx_hal.o(i.HAL_IncTick)
    HAL_Init                                 0x0800161d   Thumb Code    48  stm32f4xx_hal.o(i.HAL_Init)
    HAL_InitTick                             0x08001651   Thumb Code   132  stm32f4xx_hal_timebase_tim.o(i.HAL_InitTick)
    HAL_MspInit                              0x080016e9   Thumb Code    52  stm32f4xx_hal_msp.o(i.HAL_MspInit)
    HAL_NVIC_EnableIRQ                       0x08001721   Thumb Code    26  stm32f4xx_hal_cortex.o(i.HAL_NVIC_EnableIRQ)
    HAL_NVIC_SetPriority                     0x0800173d   Thumb Code    60  stm32f4xx_hal_cortex.o(i.HAL_NVIC_SetPriority)
    HAL_NVIC_SetPriorityGrouping             0x0800177d   Thumb Code    26  stm32f4xx_hal_cortex.o(i.HAL_NVIC_SetPriorityGrouping)
    HAL_NVIC_SystemReset                     0x080017a1   Thumb Code    26  stm32f4xx_hal_cortex.o(i.HAL_NVIC_SystemReset)
    HAL_RCC_ClockConfig                      0x080017c5   Thumb Code   288  stm32f4xx_hal_rcc.o(i.HAL_RCC_ClockConfig)
    HAL_RCC_GetClockConfig                   0x080018f9   Thumb Code    54  stm32f4xx_hal_rcc.o(i.HAL_RCC_GetClockConfig)
    HAL_RCC_GetPCLK1Freq                     0x08001939   Thumb Code    20  stm32f4xx_hal_rcc.o(i.HAL_RCC_GetPCLK1Freq)
    HAL_RCC_GetPCLK2Freq                     0x08001959   Thumb Code    20  stm32f4xx_hal_rcc.o(i.HAL_RCC_GetPCLK2Freq)
    HAL_RCC_GetSysClockFreq                  0x08001979   Thumb Code    88  stm32f4xx_hal_rcc.o(i.HAL_RCC_GetSysClockFreq)
    HAL_RCC_OscConfig                        0x080019dd   Thumb Code   856  stm32f4xx_hal_rcc.o(i.HAL_RCC_OscConfig)
    HAL_TIMEx_BreakCallback                  0x08001d49   Thumb Code     2  stm32f4xx_hal_tim_ex.o(i.HAL_TIMEx_BreakCallback)
    HAL_TIMEx_CommutCallback                 0x08001d4b   Thumb Code     2  stm32f4xx_hal_tim_ex.o(i.HAL_TIMEx_CommutCallback)
    HAL_TIMEx_MasterConfigSynchronization    0x08001d4d   Thumb Code   116  stm32f4xx_hal_tim_ex.o(i.HAL_TIMEx_MasterConfigSynchronization)
    HAL_TIM_Base_Init                        0x08001ddd   Thumb Code    90  stm32f4xx_hal_tim.o(i.HAL_TIM_Base_Init)
    HAL_TIM_Base_MspInit                     0x08001e39   Thumb Code    50  tim.o(i.HAL_TIM_Base_MspInit)
    HAL_TIM_Base_Start_IT                    0x08001e75   Thumb Code   100  stm32f4xx_hal_tim.o(i.HAL_TIM_Base_Start_IT)
    HAL_TIM_IC_CaptureCallback               0x08001ef5   Thumb Code     2  stm32f4xx_hal_tim.o(i.HAL_TIM_IC_CaptureCallback)
    HAL_TIM_IRQHandler                       0x08001ef7   Thumb Code   304  stm32f4xx_hal_tim.o(i.HAL_TIM_IRQHandler)
    HAL_TIM_OC_DelayElapsedCallback          0x08002027   Thumb Code     2  stm32f4xx_hal_tim.o(i.HAL_TIM_OC_DelayElapsedCallback)
    HAL_TIM_PWM_PulseFinishedCallback        0x08002029   Thumb Code     2  stm32f4xx_hal_tim.o(i.HAL_TIM_PWM_PulseFinishedCallback)
    HAL_TIM_PeriodElapsedCallback            0x0800202d   Thumb Code    44  main.o(i.HAL_TIM_PeriodElapsedCallback)
    HAL_TIM_TriggerCallback                  0x08002065   Thumb Code     2  stm32f4xx_hal_tim.o(i.HAL_TIM_TriggerCallback)
    HAL_UARTEx_RxEventCallback               0x08002067   Thumb Code     2  stm32f4xx_hal_uart.o(i.HAL_UARTEx_RxEventCallback)
    HAL_UART_ErrorCallback                   0x08002069   Thumb Code     2  stm32f4xx_hal_uart.o(i.HAL_UART_ErrorCallback)
    HAL_UART_IRQHandler                      0x0800206d   Thumb Code   618  stm32f4xx_hal_uart.o(i.HAL_UART_IRQHandler)
    HAL_UART_Init                            0x080022dd   Thumb Code   100  stm32f4xx_hal_uart.o(i.HAL_UART_Init)
    HAL_UART_MspInit                         0x08002341   Thumb Code   482  usart.o(i.HAL_UART_MspInit)
    HAL_UART_Receive_IT                      0x0800254d   Thumb Code    28  stm32f4xx_hal_uart.o(i.HAL_UART_Receive_IT)
    HAL_UART_RxCpltCallback                  0x08002569   Thumb Code    32  usart.o(i.HAL_UART_RxCpltCallback)
    HAL_UART_TxCpltCallback                  0x08002591   Thumb Code     2  stm32f4xx_hal_uart.o(i.HAL_UART_TxCpltCallback)
    HANG_SHOT_EXECUTE                        0x08002595   Thumb Code   126  gimbal.o(i.HANG_SHOT_EXECUTE)
    HardFault_Handler                        0x0800261d   Thumb Code     6  stm32f4xx_it.o(i.HardFault_Handler)
    IDLE_UART_IRQHandler                     0x08002623   Thumb Code    20  uartidle.o(i.IDLE_UART_IRQHandler)
    JUDEG_GIMBAL_ONLINE                      0x08002639   Thumb Code    46  gimbal.o(i.JUDEG_GIMBAL_ONLINE)
    JUDEG_HANG_SHOT                          0x08002671   Thumb Code    66  gimbal.o(i.JUDEG_HANG_SHOT)
    JUDGE_MODE_KEY                           0x080026bd   Thumb Code    76  gimbal.o(i.JUDGE_MODE_KEY)
    JUDGE_MODE_RC                            0x08002719   Thumb Code   128  gimbal.o(i.JUDGE_MODE_RC)
    LowPassFilter                            0x080027a9   Thumb Code    52  gimbal.o(i.LowPassFilter)
    MODE_TOGGLE                              0x080027e5   Thumb Code    42  gimbal.o(i.MODE_TOGGLE)
    MSP_motor                                0x08002819   Thumb Code    74  motor.o(i.MSP_motor)
    MX_CAN1_Init                             0x0800286d   Thumb Code    86  can.o(i.MX_CAN1_Init)
    MX_CAN2_Init                             0x080028cd   Thumb Code    88  can.o(i.MX_CAN2_Init)
    MX_DMA_Init                              0x0800292d   Thumb Code    56  dma.o(i.MX_DMA_Init)
    MX_FREERTOS_Init                         0x08002969   Thumb Code    52  freertos.o(i.MX_FREERTOS_Init)
    MX_GPIO_Init                             0x080029a5   Thumb Code   118  gpio.o(i.MX_GPIO_Init)
    MX_TIM7_Init                             0x08002a25   Thumb Code    62  tim.o(i.MX_TIM7_Init)
    MX_UART4_Init                            0x08002a6d   Thumb Code    48  usart.o(i.MX_UART4_Init)
    MX_UART5_Init                            0x08002aa5   Thumb Code    48  usart.o(i.MX_UART5_Init)
    MX_USART2_UART_Init                      0x08002add   Thumb Code    54  usart.o(i.MX_USART2_UART_Init)
    MX_USART6_UART_Init                      0x08002b21   Thumb Code    48  usart.o(i.MX_USART6_UART_Init)
    MemManage_Handler                        0x08002b59   Thumb Code     2  stm32f4xx_it.o(i.MemManage_Handler)
    NMI_Handler                              0x08002b5b   Thumb Code     2  stm32f4xx_it.o(i.NMI_Handler)
    NORMAL                                   0x08002b5d   Thumb Code    90  gimbal.o(i.NORMAL)
    Offline_Processing                       0x08002bc9   Thumb Code    74  gimbal.o(i.Offline_Processing)
    PID_realize                              0x08002d59   Thumb Code   204  pid.o(i.PID_realize)
    Packet_Decode                            0x08002e2d   Thumb Code   232  packet.o(i.Packet_Decode)
    Packet_DecodeInit                        0x08002f19   Thumb Code    18  packet.o(i.Packet_DecodeInit)
    RemoteDataProcess                        0x08002f31   Thumb Code   162  rc.o(i.RemoteDataProcess)
    StartDefaultTask                         0x08002fd9   Thumb Code     8  freertos.o(i.StartDefaultTask)
    StartTask02                              0x08002fe1   Thumb Code    46  freertos.o(i.StartTask02)
    SysTick_Handler                          0x08003015   Thumb Code    38  port.o(i.SysTick_Handler)
    SystemClock_Config                       0x08003041   Thumb Code   148  main.o(i.SystemClock_Config)
    SystemInit                               0x080030dd   Thumb Code    12  system_stm32f4xx.o(i.SystemInit)
    TIM7_IRQHandler                          0x080030ed   Thumb Code     6  stm32f4xx_it.o(i.TIM7_IRQHandler)
    TIM8_TRG_COM_TIM14_IRQHandler            0x080030f9   Thumb Code     6  stm32f4xx_it.o(i.TIM8_TRG_COM_TIM14_IRQHandler)
    TIM_Base_SetConfig                       0x08003105   Thumb Code   170  stm32f4xx_hal_tim.o(i.TIM_Base_SetConfig)
    TIM_Init                                 0x080031dd   Thumb Code     6  tim.o(i.TIM_Init)
    UART4_IRQHandler                         0x080031e9   Thumb Code    18  stm32f4xx_it.o(i.UART4_IRQHandler)
    UART5_IRQHandler                         0x08003201   Thumb Code    12  stm32f4xx_it.o(i.UART5_IRQHandler)
    UART5_Init                               0x08003215   Thumb Code    10  usart.o(i.UART5_Init)
    UART_Start_Receive_IT                    0x08003455   Thumb Code    54  stm32f4xx_hal_uart.o(i.UART_Start_Receive_IT)
    USART2_IRQHandler                        0x0800348d   Thumb Code    24  stm32f4xx_it.o(i.USART2_IRQHandler)
    USART2_Init                              0x080034ad   Thumb Code    52  uartidle.o(i.USART2_Init)
    USART4_Init                              0x080034e9   Thumb Code   126  uartidle.o(i.USART4_Init)
    USART6_IRQHandler                        0x08003571   Thumb Code     6  stm32f4xx_it.o(i.USART6_IRQHandler)
    UsageFault_Handler                       0x0800357d   Thumb Code     2  stm32f4xx_it.o(i.UsageFault_Handler)
    VisionDataProgress                       0x08003581   Thumb Code   110  vision.o(i.VisionDataProgress)
    __scatterload_copy                       0x08003619   Thumb Code    14  handlers.o(i.__scatterload_copy)
    __scatterload_null                       0x08003627   Thumb Code     2  handlers.o(i.__scatterload_null)
    __scatterload_zeroinit                   0x08003629   Thumb Code    14  handlers.o(i.__scatterload_zeroinit)
    get_eular                                0x0800368d   Thumb Code    12  imu_data_decode.o(i.get_eular)
    get_id                                   0x0800369d   Thumb Code    10  imu_data_decode.o(i.get_id)
    get_motor                                0x080036ad   Thumb Code    24  motor.o(i.get_motor)
    get_quat                                 0x080036c5   Thumb Code    14  imu_data_decode.o(i.get_quat)
    get_raw_acc                              0x080036d9   Thumb Code    16  imu_data_decode.o(i.get_raw_acc)
    get_raw_gyo                              0x080036ed   Thumb Code    14  imu_data_decode.o(i.get_raw_gyo)
    get_raw_mag                              0x08003701   Thumb Code    16  imu_data_decode.o(i.get_raw_mag)
    get_total_angle                          0x08003715   Thumb Code    90  gyro.o(i.get_total_angle)
    gimbal_TX                                0x0800377d   Thumb Code    14  gimbal.o(i.gimbal_TX)
    gimbal_can1_tx                           0x0800378d   Thumb Code   224  gimbal.o(i.gimbal_can1_tx)
    gimbal_can2_tx                           0x0800387d   Thumb Code   212  gimbal.o(i.gimbal_can2_tx)
    gimbal_control                           0x08003961   Thumb Code    34  gimbal.o(i.gimbal_control)
    gimbal_office                            0x0800398d   Thumb Code    14  gimbal.o(i.gimbal_office)
    gimbal_whole                             0x0800399b   Thumb Code    18  gimbal.o(i.gimbal_whole)
    imu_data                                 0x080039ad   Thumb Code    52  gyro.o(i.imu_data)
    imu_data_decode_init                     0x080039e5   Thumb Code    14  imu_data_decode.o(i.imu_data_decode_init)
    main                                     0x080039fd   Thumb Code    54  main.o(i.main)
    osDelay                                  0x08003a3f   Thumb Code    14  cmsis_os.o(i.osDelay)
    osKernelStart                            0x08003a4d   Thumb Code    10  cmsis_os.o(i.osKernelStart)
    osThreadCreate                           0x08003a57   Thumb Code    84  cmsis_os.o(i.osThreadCreate)
    pitch_limit                              0x08003aad   Thumb Code    72  gimbal.o(i.pitch_limit)
    pvPortMalloc                             0x08003e45   Thumb Code   216  heap_4.o(i.pvPortMalloc)
    pxPortInitialiseStack                    0x08003f21   Thumb Code    40  port.o(i.pxPortInitialiseStack)
    rc_abs                                   0x08003f4d   Thumb Code    16  rc.o(i.rc_abs)
    uxListRemove                             0x08003ff9   Thumb Code    38  list.o(i.uxListRemove)
    vApplicationGetIdleTaskMemory            0x08004021   Thumb Code    16  freertos.o(i.vApplicationGetIdleTaskMemory)
    vListInitialise                          0x08004035   Thumb Code    22  list.o(i.vListInitialise)
    vListInitialiseItem                      0x0800404b   Thumb Code     6  list.o(i.vListInitialiseItem)
    vListInsert                              0x08004051   Thumb Code    48  list.o(i.vListInsert)
    vListInsertEnd                           0x08004081   Thumb Code    24  list.o(i.vListInsertEnd)
    vPortEnterCritical                       0x08004099   Thumb Code    54  port.o(i.vPortEnterCritical)
    vPortExitCritical                        0x080040d9   Thumb Code    34  port.o(i.vPortExitCritical)
    vPortFree                                0x08004101   Thumb Code    94  heap_4.o(i.vPortFree)
    vPortSetupTimerInterrupt                 0x08004165   Thumb Code    32  port.o(i.vPortSetupTimerInterrupt)
    vTaskDelay                               0x08004189   Thumb Code    66  tasks.o(i.vTaskDelay)
    vTaskDelete                              0x080041d5   Thumb Code   158  tasks.o(i.vTaskDelete)
    vTaskStartScheduler                      0x08004281   Thumb Code    90  tasks.o(i.vTaskStartScheduler)
    vTaskSuspendAll                          0x080042ed   Thumb Code    10  tasks.o(i.vTaskSuspendAll)
    vTaskSwitchContext                       0x080042fd   Thumb Code    82  tasks.o(i.vTaskSwitchContext)
    xPortStartScheduler                      0x08004359   Thumb Code   222  port.o(i.xPortStartScheduler)
    xTaskCreate                              0x0800444d   Thumb Code    90  tasks.o(i.xTaskCreate)
    xTaskCreateStatic                        0x080044a7   Thumb Code    86  tasks.o(i.xTaskCreateStatic)
    xTaskIncrementTick                       0x080044fd   Thumb Code   194  tasks.o(i.xTaskIncrementTick)
    xTaskResumeAll                           0x080045c9   Thumb Code   182  tasks.o(i.xTaskResumeAll)
    AHBPrescTable                            0x080046cc   Data          16  system_stm32f4xx.o(.constdata)
    APBPrescTable                            0x080046dc   Data           8  system_stm32f4xx.o(.constdata)
    Region$$Table$$Base                      0x08004700   Number         0  anon$$obj.o(Region$$Table)
    Region$$Table$$Limit                     0x08004720   Number         0  anon$$obj.o(Region$$Table)
    defaultTaskHandle                        0x20000000   Data           4  freertos.o(.data)
    IniyializaTaskHandle                     0x20000004   Data           4  freertos.o(.data)
    Gyro_Rx                                  0x2000000c   Data           1  usart.o(.data)
    uwTickFreq                               0x20000010   Data           1  stm32f4xx_hal.o(.data)
    uwTickPrio                               0x20000014   Data           4  stm32f4xx_hal.o(.data)
    uwTick                                   0x20000018   Data           4  stm32f4xx_hal.o(.data)
    d                                        0x20000044   Data           4  uartidle.o(.data)
    SystemCoreClock                          0x20000048   Data           4  system_stm32f4xx.o(.data)
    pxCurrentTCB                             0x2000004c   Data           4  tasks.o(.data)
    CAN                                      0x20000308   Data         144  can.o(.bss)
    hcan1                                    0x20000398   Data          40  can.o(.bss)
    hcan2                                    0x200003c0   Data          40  can.o(.bss)
    hiwdg                                    0x200003e8   Data          12  iwdg.o(.bss)
    htim7                                    0x200003f4   Data          72  tim.o(.bss)
    huart4                                   0x2000043c   Data          72  usart.o(.bss)
    huart5                                   0x20000484   Data          72  usart.o(.bss)
    huart2                                   0x200004cc   Data          72  usart.o(.bss)
    huart6                                   0x20000514   Data          72  usart.o(.bss)
    hdma_uart4_rx                            0x2000055c   Data          96  usart.o(.bss)
    hdma_usart2_rx                           0x200005bc   Data          96  usart.o(.bss)
    htim14                                   0x2000061c   Data          72  stm32f4xx_hal_timebase_tim.o(.bss)
    gyro                                     0x2000070c   Data          72  gyro.o(.bss)
    RC_Ctl                                   0x20000754   Data          36  rc.o(.bss)
    Vision                                   0x20000778   Data          52  vision.o(.bss)
    Motor                                    0x200007ac   Data          96  motor.o(.bss)
    pid                                      0x2000080c   Data         616  pid.o(.bss)
    Gimbal                                   0x20000a74   Data          32  gimbal.o(.bss)
    rc_rxbuf                                 0x20000a94   Data          48  uartidle.o(.bss)
    __initial_sp                             0x20004bb8   Data           0  startup_stm32f405xx.o(STACK)



==============================================================================

Memory Map of the image

  Image Entry point : 0x08000189

  Load Region LR_IROM1 (Base: 0x08000000, Size: 0x000047d4, Max: 0x00100000, ABSOLUTE)

    Execution Region ER_IROM1 (Exec base: 0x08000000, Load base: 0x08000000, Size: 0x00004720, Max: 0x00100000, ABSOLUTE)

    Exec Addr    Load Addr    Size         Type   Attr      Idx    E Section Name        Object

    0x08000000   0x08000000   0x00000188   Data   RO            3    RESET               startup_stm32f405xx.o
    0x08000188   0x08000188   0x00000000   Code   RO         5399  * .ARM.Collect$$$$00000000  mc_w.l(entry.o)
    0x08000188   0x08000188   0x00000004   Code   RO         5412    .ARM.Collect$$$$00000001  mc_w.l(entry2.o)
    0x0800018c   0x0800018c   0x00000004   Code   RO         5415    .ARM.Collect$$$$00000004  mc_w.l(entry5.o)
    0x08000190   0x08000190   0x00000000   Code   RO         5417    .ARM.Collect$$$$00000008  mc_w.l(entry7b.o)
    0x08000190   0x08000190   0x00000000   Code   RO         5419    .ARM.Collect$$$$0000000A  mc_w.l(entry8b.o)
    0x08000190   0x08000190   0x00000008   Code   RO         5420    .ARM.Collect$$$$0000000B  mc_w.l(entry9a.o)
    0x08000198   0x08000198   0x00000004   Code   RO         5427    .ARM.Collect$$$$0000000E  mc_w.l(entry12b.o)
    0x0800019c   0x0800019c   0x00000000   Code   RO         5422    .ARM.Collect$$$$0000000F  mc_w.l(entry10a.o)
    0x0800019c   0x0800019c   0x00000000   Code   RO         5424    .ARM.Collect$$$$00000011  mc_w.l(entry11a.o)
    0x0800019c   0x0800019c   0x00000004   Code   RO         5413    .ARM.Collect$$$$00002712  mc_w.l(entry2.o)
    0x080001a0   0x080001a0   0x000000be   Code   RO         5322    .emb_text           port.o
    0x0800025e   0x0800025e   0x00000002   PAD
    0x08000260   0x08000260   0x00000024   Code   RO            4    .text               startup_stm32f405xx.o
    0x08000284   0x08000284   0x00000062   Code   RO         5402    .text               mc_w.l(uldiv.o)
    0x080002e6   0x080002e6   0x00000024   Code   RO         5404    .text               mc_w.l(memcpya.o)
    0x0800030a   0x0800030a   0x00000024   Code   RO         5408    .text               mc_w.l(memseta.o)
    0x0800032e   0x0800032e   0x0000001e   Code   RO         5428    .text               mc_w.l(llshl.o)
    0x0800034c   0x0800034c   0x00000020   Code   RO         5430    .text               mc_w.l(llushr.o)
    0x0800036c   0x0800036c   0x00000024   Code   RO         5432    .text               mc_w.l(init.o)
    0x08000390   0x08000390   0x00000002   Code   RO          608    i.BusFault_Handler  stm32f4xx_it.o
    0x08000392   0x08000392   0x00000002   PAD
    0x08000394   0x08000394   0x0000000c   Code   RO          609    i.CAN1_RX0_IRQHandler  stm32f4xx_it.o
    0x080003a0   0x080003a0   0x00000064   Code   RO          345    i.CAN1_Tx           can.o
    0x08000404   0x08000404   0x0000000c   Code   RO          610    i.CAN2_RX0_IRQHandler  stm32f4xx_it.o
    0x08000410   0x08000410   0x00000064   Code   RO          346    i.CAN2_Tx           can.o
    0x08000474   0x08000474   0x0000005c   Code   RO          347    i.CAN2_Tx_u8        can.o
    0x080004d0   0x080004d0   0x0000002c   Code   RO          348    i.CAN_Init          can.o
    0x080004fc   0x080004fc   0x00000044   Code   RO          349    i.CAN_Receive       can.o
    0x08000540   0x08000540   0x0000000c   Code   RO          611    i.DMA1_Stream2_IRQHandler  stm32f4xx_it.o
    0x0800054c   0x0800054c   0x0000000c   Code   RO          612    i.DMA1_Stream5_IRQHandler  stm32f4xx_it.o
    0x08000558   0x08000558   0x00000244   Code   RO         4005    i.DMAEx_MultiBufferStart_NoIT  uartidle.o
    0x0800079c   0x0800079c   0x00000028   Code   RO         1483    i.DMA_CalcBaseAndBitshift  stm32f4xx_hal_dma.o
    0x080007c4   0x080007c4   0x00000054   Code   RO         1484    i.DMA_CheckFifoParam  stm32f4xx_hal_dma.o
    0x08000818   0x08000818   0x00000002   Code   RO          613    i.DebugMon_Handler  stm32f4xx_it.o
    0x0800081a   0x0800081a   0x00000004   Code   RO           13    i.Error_Handler     main.o
    0x0800081e   0x0800081e   0x00000002   PAD
    0x08000820   0x08000820   0x00000120   Code   RO         3839    i.GIMBAL_INITIALIZA  gimbal.o
    0x08000940   0x08000940   0x00000004   Code   RO         3652    i.GYRO_Init         gyro.o
    0x08000944   0x08000944   0x00000024   Code   RO          791    i.HAL_CAN_ActivateNotification  stm32f4xx_hal_can.o
    0x08000968   0x08000968   0x000000d0   Code   RO          792    i.HAL_CAN_AddTxMessage  stm32f4xx_hal_can.o
    0x08000a38   0x08000a38   0x0000010c   Code   RO          793    i.HAL_CAN_ConfigFilter  stm32f4xx_hal_can.o
    0x08000b44   0x08000b44   0x00000002   Code   RO          796    i.HAL_CAN_ErrorCallback  stm32f4xx_hal_can.o
    0x08000b46   0x08000b46   0x000000f4   Code   RO          799    i.HAL_CAN_GetRxMessage  stm32f4xx_hal_can.o
    0x08000c3a   0x08000c3a   0x000001fc   Code   RO          803    i.HAL_CAN_IRQHandler  stm32f4xx_hal_can.o
    0x08000e36   0x08000e36   0x0000011a   Code   RO          804    i.HAL_CAN_Init      stm32f4xx_hal_can.o
    0x08000f50   0x08000f50   0x00000100   Code   RO          351    i.HAL_CAN_MspInit   can.o
    0x08001050   0x08001050   0x00000002   Code   RO          811    i.HAL_CAN_RxFifo0FullCallback  stm32f4xx_hal_can.o
    0x08001052   0x08001052   0x0000000e   Code   RO          352    i.HAL_CAN_RxFifo0MsgPendingCallback  can.o
    0x08001060   0x08001060   0x00000002   Code   RO          813    i.HAL_CAN_RxFifo1FullCallback  stm32f4xx_hal_can.o
    0x08001062   0x08001062   0x00000002   Code   RO          814    i.HAL_CAN_RxFifo1MsgPendingCallback  stm32f4xx_hal_can.o
    0x08001064   0x08001064   0x00000002   Code   RO          815    i.HAL_CAN_SleepCallback  stm32f4xx_hal_can.o
    0x08001066   0x08001066   0x00000002   PAD
    0x08001068   0x08001068   0x00000058   Code   RO          816    i.HAL_CAN_Start     stm32f4xx_hal_can.o
    0x080010c0   0x080010c0   0x00000002   Code   RO          818    i.HAL_CAN_TxMailbox0AbortCallback  stm32f4xx_hal_can.o
    0x080010c2   0x080010c2   0x00000002   Code   RO          819    i.HAL_CAN_TxMailbox0CompleteCallback  stm32f4xx_hal_can.o
    0x080010c4   0x080010c4   0x00000002   Code   RO          820    i.HAL_CAN_TxMailbox1AbortCallback  stm32f4xx_hal_can.o
    0x080010c6   0x080010c6   0x00000002   Code   RO          821    i.HAL_CAN_TxMailbox1CompleteCallback  stm32f4xx_hal_can.o
    0x080010c8   0x080010c8   0x00000002   Code   RO          822    i.HAL_CAN_TxMailbox2AbortCallback  stm32f4xx_hal_can.o
    0x080010ca   0x080010ca   0x00000002   Code   RO          823    i.HAL_CAN_TxMailbox2CompleteCallback  stm32f4xx_hal_can.o
    0x080010cc   0x080010cc   0x00000002   Code   RO          825    i.HAL_CAN_WakeUpFromRxMsgCallback  stm32f4xx_hal_can.o
    0x080010ce   0x080010ce   0x00000092   Code   RO         1486    i.HAL_DMA_Abort     stm32f4xx_hal_dma.o
    0x08001160   0x08001160   0x00000024   Code   RO         1487    i.HAL_DMA_Abort_IT  stm32f4xx_hal_dma.o
    0x08001184   0x08001184   0x000001a0   Code   RO         1491    i.HAL_DMA_IRQHandler  stm32f4xx_hal_dma.o
    0x08001324   0x08001324   0x000000d4   Code   RO         1492    i.HAL_DMA_Init      stm32f4xx_hal_dma.o
    0x080013f8   0x080013f8   0x000001f0   Code   RO         1379    i.HAL_GPIO_Init     stm32f4xx_hal_gpio.o
    0x080015e8   0x080015e8   0x0000000a   Code   RO         1381    i.HAL_GPIO_ReadPin  stm32f4xx_hal_gpio.o
    0x080015f2   0x080015f2   0x00000002   PAD
    0x080015f4   0x080015f4   0x0000000c   Code   RO         1917    i.HAL_GetTick       stm32f4xx_hal.o
    0x08001600   0x08001600   0x0000000c   Code   RO         2163    i.HAL_IWDG_Refresh  stm32f4xx_hal_iwdg.o
    0x0800160c   0x0800160c   0x00000010   Code   RO         1923    i.HAL_IncTick       stm32f4xx_hal.o
    0x0800161c   0x0800161c   0x00000034   Code   RO         1924    i.HAL_Init          stm32f4xx_hal.o
    0x08001650   0x08001650   0x00000098   Code   RO          751    i.HAL_InitTick      stm32f4xx_hal_timebase_tim.o
    0x080016e8   0x080016e8   0x00000038   Code   RO          727    i.HAL_MspInit       stm32f4xx_hal_msp.o
    0x08001720   0x08001720   0x0000001a   Code   RO         1769    i.HAL_NVIC_EnableIRQ  stm32f4xx_hal_cortex.o
    0x0800173a   0x0800173a   0x00000002   PAD
    0x0800173c   0x0800173c   0x00000040   Code   RO         1775    i.HAL_NVIC_SetPriority  stm32f4xx_hal_cortex.o
    0x0800177c   0x0800177c   0x00000024   Code   RO         1776    i.HAL_NVIC_SetPriorityGrouping  stm32f4xx_hal_cortex.o
    0x080017a0   0x080017a0   0x00000024   Code   RO         1777    i.HAL_NVIC_SystemReset  stm32f4xx_hal_cortex.o
    0x080017c4   0x080017c4   0x00000134   Code   RO         1025    i.HAL_RCC_ClockConfig  stm32f4xx_hal_rcc.o
    0x080018f8   0x080018f8   0x00000040   Code   RO         1029    i.HAL_RCC_GetClockConfig  stm32f4xx_hal_rcc.o
    0x08001938   0x08001938   0x00000020   Code   RO         1032    i.HAL_RCC_GetPCLK1Freq  stm32f4xx_hal_rcc.o
    0x08001958   0x08001958   0x00000020   Code   RO         1033    i.HAL_RCC_GetPCLK2Freq  stm32f4xx_hal_rcc.o
    0x08001978   0x08001978   0x00000064   Code   RO         1034    i.HAL_RCC_GetSysClockFreq  stm32f4xx_hal_rcc.o
    0x080019dc   0x080019dc   0x0000036c   Code   RO         1037    i.HAL_RCC_OscConfig  stm32f4xx_hal_rcc.o
    0x08001d48   0x08001d48   0x00000002   Code   RO         2898    i.HAL_TIMEx_BreakCallback  stm32f4xx_hal_tim_ex.o
    0x08001d4a   0x08001d4a   0x00000002   Code   RO         2899    i.HAL_TIMEx_CommutCallback  stm32f4xx_hal_tim_ex.o
    0x08001d4c   0x08001d4c   0x00000090   Code   RO         2917    i.HAL_TIMEx_MasterConfigSynchronization  stm32f4xx_hal_tim_ex.o
    0x08001ddc   0x08001ddc   0x0000005a   Code   RO         2194    i.HAL_TIM_Base_Init  stm32f4xx_hal_tim.o
    0x08001e36   0x08001e36   0x00000002   PAD
    0x08001e38   0x08001e38   0x0000003c   Code   RO          485    i.HAL_TIM_Base_MspInit  tim.o
    0x08001e74   0x08001e74   0x00000080   Code   RO         2199    i.HAL_TIM_Base_Start_IT  stm32f4xx_hal_tim.o
    0x08001ef4   0x08001ef4   0x00000002   Code   RO         2228    i.HAL_TIM_IC_CaptureCallback  stm32f4xx_hal_tim.o
    0x08001ef6   0x08001ef6   0x00000130   Code   RO         2242    i.HAL_TIM_IRQHandler  stm32f4xx_hal_tim.o
    0x08002026   0x08002026   0x00000002   Code   RO         2245    i.HAL_TIM_OC_DelayElapsedCallback  stm32f4xx_hal_tim.o
    0x08002028   0x08002028   0x00000002   Code   RO         2272    i.HAL_TIM_PWM_PulseFinishedCallback  stm32f4xx_hal_tim.o
    0x0800202a   0x0800202a   0x00000002   PAD
    0x0800202c   0x0800202c   0x00000038   Code   RO           14    i.HAL_TIM_PeriodElapsedCallback  main.o
    0x08002064   0x08002064   0x00000002   Code   RO         2285    i.HAL_TIM_TriggerCallback  stm32f4xx_hal_tim.o
    0x08002066   0x08002066   0x00000002   Code   RO         3177    i.HAL_UARTEx_RxEventCallback  stm32f4xx_hal_uart.o
    0x08002068   0x08002068   0x00000002   Code   RO         3191    i.HAL_UART_ErrorCallback  stm32f4xx_hal_uart.o
    0x0800206a   0x0800206a   0x00000002   PAD
    0x0800206c   0x0800206c   0x00000270   Code   RO         3194    i.HAL_UART_IRQHandler  stm32f4xx_hal_uart.o
    0x080022dc   0x080022dc   0x00000064   Code   RO         3195    i.HAL_UART_Init     stm32f4xx_hal_uart.o
    0x08002340   0x08002340   0x0000020c   Code   RO          533    i.HAL_UART_MspInit  usart.o
    0x0800254c   0x0800254c   0x0000001c   Code   RO         3200    i.HAL_UART_Receive_IT  stm32f4xx_hal_uart.o
    0x08002568   0x08002568   0x00000028   Code   RO          534    i.HAL_UART_RxCpltCallback  usart.o
    0x08002590   0x08002590   0x00000002   Code   RO         3206    i.HAL_UART_TxCpltCallback  stm32f4xx_hal_uart.o
    0x08002592   0x08002592   0x00000002   PAD
    0x08002594   0x08002594   0x00000088   Code   RO         3840    i.HANG_SHOT_EXECUTE  gimbal.o
    0x0800261c   0x0800261c   0x00000006   Code   RO          614    i.HardFault_Handler  stm32f4xx_it.o
    0x08002622   0x08002622   0x00000014   Code   RO         4006    i.IDLE_UART_IRQHandler  uartidle.o
    0x08002636   0x08002636   0x00000002   PAD
    0x08002638   0x08002638   0x00000038   Code   RO         3841    i.JUDEG_GIMBAL_ONLINE  gimbal.o
    0x08002670   0x08002670   0x0000004c   Code   RO         3842    i.JUDEG_HANG_SHOT   gimbal.o
    0x080026bc   0x080026bc   0x0000005c   Code   RO         3843    i.JUDGE_MODE_KEY    gimbal.o
    0x08002718   0x08002718   0x00000090   Code   RO         3844    i.JUDGE_MODE_RC     gimbal.o
    0x080027a8   0x080027a8   0x0000003c   Code   RO         3845    i.LowPassFilter     gimbal.o
    0x080027e4   0x080027e4   0x00000034   Code   RO         3846    i.MODE_TOGGLE       gimbal.o
    0x08002818   0x08002818   0x00000054   Code   RO         3772    i.MSP_motor         motor.o
    0x0800286c   0x0800286c   0x00000060   Code   RO          353    i.MX_CAN1_Init      can.o
    0x080028cc   0x080028cc   0x00000060   Code   RO          354    i.MX_CAN2_Init      can.o
    0x0800292c   0x0800292c   0x0000003c   Code   RO          430    i.MX_DMA_Init       dma.o
    0x08002968   0x08002968   0x0000003c   Code   RO          289    i.MX_FREERTOS_Init  freertos.o
    0x080029a4   0x080029a4   0x00000080   Code   RO          265    i.MX_GPIO_Init      gpio.o
    0x08002a24   0x08002a24   0x00000048   Code   RO          486    i.MX_TIM7_Init      tim.o
    0x08002a6c   0x08002a6c   0x00000038   Code   RO          535    i.MX_UART4_Init     usart.o
    0x08002aa4   0x08002aa4   0x00000038   Code   RO          536    i.MX_UART5_Init     usart.o
    0x08002adc   0x08002adc   0x00000044   Code   RO          537    i.MX_USART2_UART_Init  usart.o
    0x08002b20   0x08002b20   0x00000038   Code   RO          538    i.MX_USART6_UART_Init  usart.o
    0x08002b58   0x08002b58   0x00000002   Code   RO          615    i.MemManage_Handler  stm32f4xx_it.o
    0x08002b5a   0x08002b5a   0x00000002   Code   RO          616    i.NMI_Handler       stm32f4xx_it.o
    0x08002b5c   0x08002b5c   0x0000006c   Code   RO         3847    i.NORMAL            gimbal.o
    0x08002bc8   0x08002bc8   0x00000058   Code   RO         3848    i.Offline_Processing  gimbal.o
    0x08002c20   0x08002c20   0x00000138   Code   RO         3525    i.OnDataReceived    imu_data_decode.o
    0x08002d58   0x08002d58   0x000000d4   Code   RO         3808    i.PID_realize       pid.o
    0x08002e2c   0x08002e2c   0x000000ec   Code   RO         3598    i.Packet_Decode     packet.o
    0x08002f18   0x08002f18   0x00000018   Code   RO         3599    i.Packet_DecodeInit  packet.o
    0x08002f30   0x08002f30   0x000000a8   Code   RO         3698    i.RemoteDataProcess  rc.o
    0x08002fd8   0x08002fd8   0x00000008   Code   RO          290    i.StartDefaultTask  freertos.o
    0x08002fe0   0x08002fe0   0x00000034   Code   RO          291    i.StartTask02       freertos.o
    0x08003014   0x08003014   0x0000002c   Code   RO         5323    i.SysTick_Handler   port.o
    0x08003040   0x08003040   0x0000009c   Code   RO           15    i.SystemClock_Config  main.o
    0x080030dc   0x080030dc   0x00000010   Code   RO         4071    i.SystemInit        system_stm32f4xx.o
    0x080030ec   0x080030ec   0x0000000c   Code   RO          617    i.TIM7_IRQHandler   stm32f4xx_it.o
    0x080030f8   0x080030f8   0x0000000c   Code   RO          618    i.TIM8_TRG_COM_TIM14_IRQHandler  stm32f4xx_it.o
    0x08003104   0x08003104   0x000000d8   Code   RO         2287    i.TIM_Base_SetConfig  stm32f4xx_hal_tim.o
    0x080031dc   0x080031dc   0x0000000c   Code   RO          487    i.TIM_Init          tim.o
    0x080031e8   0x080031e8   0x00000018   Code   RO          619    i.UART4_IRQHandler  stm32f4xx_it.o
    0x08003200   0x08003200   0x00000014   Code   RO          620    i.UART5_IRQHandler  stm32f4xx_it.o
    0x08003214   0x08003214   0x00000014   Code   RO          539    i.UART5_Init        usart.o
    0x08003228   0x08003228   0x00000010   Code   RO         3208    i.UART_DMAAbortOnError  stm32f4xx_hal_uart.o
    0x08003238   0x08003238   0x0000004e   Code   RO         3218    i.UART_EndRxTransfer  stm32f4xx_hal_uart.o
    0x08003286   0x08003286   0x000000c2   Code   RO         3220    i.UART_Receive_IT   stm32f4xx_hal_uart.o
    0x08003348   0x08003348   0x0000010c   Code   RO         3221    i.UART_SetConfig    stm32f4xx_hal_uart.o
    0x08003454   0x08003454   0x00000036   Code   RO         3223    i.UART_Start_Receive_IT  stm32f4xx_hal_uart.o
    0x0800348a   0x0800348a   0x00000002   PAD
    0x0800348c   0x0800348c   0x00000020   Code   RO          621    i.USART2_IRQHandler  stm32f4xx_it.o
    0x080034ac   0x080034ac   0x0000003c   Code   RO         4007    i.USART2_Init       uartidle.o
    0x080034e8   0x080034e8   0x00000088   Code   RO         4008    i.USART4_Init       uartidle.o
    0x08003570   0x08003570   0x0000000c   Code   RO          622    i.USART6_IRQHandler  stm32f4xx_it.o
    0x0800357c   0x0800357c   0x00000002   Code   RO          623    i.UsageFault_Handler  stm32f4xx_it.o
    0x0800357e   0x0800357e   0x00000002   PAD
    0x08003580   0x08003580   0x00000078   Code   RO         3734    i.VisionDataProgress  vision.o
    0x080035f8   0x080035f8   0x00000020   Code   RO         1782    i.__NVIC_SetPriority  stm32f4xx_hal_cortex.o
    0x08003618   0x08003618   0x0000000e   Code   RO         5436    i.__scatterload_copy  mc_w.l(handlers.o)
    0x08003626   0x08003626   0x00000002   Code   RO         5437    i.__scatterload_null  mc_w.l(handlers.o)
    0x08003628   0x08003628   0x0000000e   Code   RO         5438    i.__scatterload_zeroinit  mc_w.l(handlers.o)
    0x08003636   0x08003636   0x0000002e   Code   RO         3601    i.crc16_update      packet.o
    0x08003664   0x08003664   0x00000014   Code   RO         4009    i.dma_m0_rxcplt_callback  uartidle.o
    0x08003678   0x08003678   0x00000014   Code   RO         4010    i.dma_m1_rxcplt_callback  uartidle.o
    0x0800368c   0x0800368c   0x00000010   Code   RO         3526    i.get_eular         imu_data_decode.o
    0x0800369c   0x0800369c   0x00000010   Code   RO         3527    i.get_id            imu_data_decode.o
    0x080036ac   0x080036ac   0x00000018   Code   RO         3773    i.get_motor         motor.o
    0x080036c4   0x080036c4   0x00000014   Code   RO         3528    i.get_quat          imu_data_decode.o
    0x080036d8   0x080036d8   0x00000014   Code   RO         3529    i.get_raw_acc       imu_data_decode.o
    0x080036ec   0x080036ec   0x00000014   Code   RO         3530    i.get_raw_gyo       imu_data_decode.o
    0x08003700   0x08003700   0x00000014   Code   RO         3531    i.get_raw_mag       imu_data_decode.o
    0x08003714   0x08003714   0x00000068   Code   RO         3653    i.get_total_angle   gyro.o
    0x0800377c   0x0800377c   0x0000000e   Code   RO         3849    i.gimbal_TX         gimbal.o
    0x0800378a   0x0800378a   0x00000002   PAD
    0x0800378c   0x0800378c   0x000000f0   Code   RO         3850    i.gimbal_can1_tx    gimbal.o
    0x0800387c   0x0800387c   0x000000e4   Code   RO         3851    i.gimbal_can2_tx    gimbal.o
    0x08003960   0x08003960   0x0000002c   Code   RO         3852    i.gimbal_control    gimbal.o
    0x0800398c   0x0800398c   0x0000000e   Code   RO         3853    i.gimbal_office     gimbal.o
    0x0800399a   0x0800399a   0x00000012   Code   RO         3854    i.gimbal_whole      gimbal.o
    0x080039ac   0x080039ac   0x00000038   Code   RO         3654    i.imu_data          gyro.o
    0x080039e4   0x080039e4   0x00000018   Code   RO         3532    i.imu_data_decode_init  imu_data_decode.o
    0x080039fc   0x080039fc   0x00000036   Code   RO           16    i.main              main.o
    0x08003a32   0x08003a32   0x0000000c   Code   RO         4888    i.makeFreeRtosPriority  cmsis_os.o
    0x08003a3e   0x08003a3e   0x0000000e   Code   RO         4890    i.osDelay           cmsis_os.o
    0x08003a4c   0x08003a4c   0x0000000a   Code   RO         4893    i.osKernelStart     cmsis_os.o
    0x08003a56   0x08003a56   0x00000054   Code   RO         4927    i.osThreadCreate    cmsis_os.o
    0x08003aaa   0x08003aaa   0x00000002   PAD
    0x08003aac   0x08003aac   0x0000004c   Code   RO         3855    i.pitch_limit       gimbal.o
    0x08003af8   0x08003af8   0x00000070   Code   RO         4570    i.prvAddCurrentTaskToDelayedList  tasks.o
    0x08003b68   0x08003b68   0x000000d0   Code   RO         4571    i.prvAddNewTaskToReadyList  tasks.o
    0x08003c38   0x08003c38   0x00000034   Code   RO         4572    i.prvDeleteTCB      tasks.o
    0x08003c6c   0x08003c6c   0x0000004c   Code   RO         5255    i.prvHeapInit       heap_4.o
    0x08003cb8   0x08003cb8   0x00000060   Code   RO         4573    i.prvIdleTask       tasks.o
    0x08003d18   0x08003d18   0x00000098   Code   RO         4574    i.prvInitialiseNewTask  tasks.o
    0x08003db0   0x08003db0   0x0000004c   Code   RO         5256    i.prvInsertBlockIntoFreeList  heap_4.o
    0x08003dfc   0x08003dfc   0x00000020   Code   RO         4575    i.prvResetNextTaskUnblockTime  tasks.o
    0x08003e1c   0x08003e1c   0x00000028   Code   RO         5324    i.prvTaskExitError  port.o
    0x08003e44   0x08003e44   0x000000dc   Code   RO         5257    i.pvPortMalloc      heap_4.o
    0x08003f20   0x08003f20   0x0000002c   Code   RO         5325    i.pxPortInitialiseStack  port.o
    0x08003f4c   0x08003f4c   0x00000010   Code   RO         3699    i.rc_abs            rc.o
    0x08003f5c   0x08003f5c   0x0000009c   Code   RO         4011    i.uart_rx_idle_callback  uartidle.o
    0x08003ff8   0x08003ff8   0x00000026   Code   RO         4209    i.uxListRemove      list.o
    0x0800401e   0x0800401e   0x00000002   PAD
    0x08004020   0x08004020   0x00000014   Code   RO          292    i.vApplicationGetIdleTaskMemory  freertos.o
    0x08004034   0x08004034   0x00000016   Code   RO         4210    i.vListInitialise   list.o
    0x0800404a   0x0800404a   0x00000006   Code   RO         4211    i.vListInitialiseItem  list.o
    0x08004050   0x08004050   0x00000030   Code   RO         4212    i.vListInsert       list.o
    0x08004080   0x08004080   0x00000018   Code   RO         4213    i.vListInsertEnd    list.o
    0x08004098   0x08004098   0x00000040   Code   RO         5327    i.vPortEnterCritical  port.o
    0x080040d8   0x080040d8   0x00000028   Code   RO         5328    i.vPortExitCritical  port.o
    0x08004100   0x08004100   0x00000064   Code   RO         5258    i.vPortFree         heap_4.o
    0x08004164   0x08004164   0x00000024   Code   RO         5329    i.vPortSetupTimerInterrupt  port.o
    0x08004188   0x08004188   0x0000004c   Code   RO         4584    i.vTaskDelay        tasks.o
    0x080041d4   0x080041d4   0x000000ac   Code   RO         4585    i.vTaskDelete       tasks.o
    0x08004280   0x08004280   0x0000006c   Code   RO         4597    i.vTaskStartScheduler  tasks.o
    0x080042ec   0x080042ec   0x00000010   Code   RO         4599    i.vTaskSuspendAll   tasks.o
    0x080042fc   0x080042fc   0x0000005c   Code   RO         4600    i.vTaskSwitchContext  tasks.o
    0x08004358   0x08004358   0x000000f4   Code   RO         5331    i.xPortStartScheduler  port.o
    0x0800444c   0x0800444c   0x0000005a   Code   RO         4603    i.xTaskCreate       tasks.o
    0x080044a6   0x080044a6   0x00000056   Code   RO         4604    i.xTaskCreateStatic  tasks.o
    0x080044fc   0x080044fc   0x000000cc   Code   RO         4611    i.xTaskIncrementTick  tasks.o
    0x080045c8   0x080045c8   0x000000c4   Code   RO         4617    i.xTaskResumeAll    tasks.o
    0x0800468c   0x0800468c   0x00000038   Data   RO          294    .constdata          freertos.o
    0x080046c4   0x080046c4   0x00000008   Data   RO         1498    .constdata          stm32f4xx_hal_dma.o
    0x080046cc   0x080046cc   0x00000010   Data   RO         4072    .constdata          system_stm32f4xx.o
    0x080046dc   0x080046dc   0x00000008   Data   RO         4073    .constdata          system_stm32f4xx.o
    0x080046e4   0x080046e4   0x0000001c   Data   RO          295    .conststring        freertos.o
    0x08004700   0x08004700   0x00000020   Data   RO         5434    Region$$Table       anon$$obj.o


    Execution Region RW_IRAM1 (Exec base: 0x20000000, Load base: 0x08004720, Size: 0x00004bb8, Max: 0x0001c000, ABSOLUTE)

    Exec Addr    Load Addr    Size         Type   Attr      Idx    E Section Name        Object

    0x20000000   0x08004720   0x00000008   Data   RW          296    .data               freertos.o
    0x20000008   0x08004728   0x00000004   Data   RW          356    .data               can.o
    0x2000000c   0x0800472c   0x00000001   Data   RW          541    .data               usart.o
    0x2000000d   0x0800472d   0x00000003   PAD
    0x20000010   0x08004730   0x0000000c   Data   RW         1931    .data               stm32f4xx_hal.o
    0x2000001c   0x0800473c   0x00000014   Data   RW         3534    .data               imu_data_decode.o
    0x20000030   0x08004750   0x00000014   Data   RW         3602    .data               packet.o
    0x20000044   0x08004764   0x00000004   Data   RW         4014    .data               uartidle.o
    0x20000048   0x08004768   0x00000004   Data   RW         4074    .data               system_stm32f4xx.o
    0x2000004c   0x0800476c   0x0000003c   Data   RW         4620    .data               tasks.o
    0x20000088   0x080047a8   0x00000020   Data   RW         5264    .data               heap_4.o
    0x200000a8   0x080047c8   0x0000000c   Data   RW         5332    .data               port.o
    0x200000b4        -       0x00000254   Zero   RW          293    .bss                freertos.o
    0x20000308        -       0x000000e0   Zero   RW          355    .bss                can.o
    0x200003e8        -       0x0000000c   Zero   RW          455    .bss                iwdg.o
    0x200003f4        -       0x00000048   Zero   RW          488    .bss                tim.o
    0x2000043c        -       0x000001e0   Zero   RW          540    .bss                usart.o
    0x2000061c        -       0x00000048   Zero   RW          754    .bss                stm32f4xx_hal_timebase_tim.o
    0x20000664        -       0x000000a8   Zero   RW         3533    .bss                imu_data_decode.o
    0x2000070c        -       0x00000048   Zero   RW         3655    .bss                gyro.o
    0x20000754        -       0x00000024   Zero   RW         3700    .bss                rc.o
    0x20000778        -       0x00000034   Zero   RW         3736    .bss                vision.o
    0x200007ac        -       0x00000060   Zero   RW         3774    .bss                motor.o
    0x2000080c        -       0x00000268   Zero   RW         3809    .bss                pid.o
    0x20000a74        -       0x00000020   Zero   RW         3856    .bss                gimbal.o
    0x20000a94        -       0x00000030   Zero   RW         4013    .bss                uartidle.o
    0x20000ac4        -       0x000000f0   Zero   RW         4619    .bss                tasks.o
    0x20000bb4        -       0x00003c00   Zero   RW         5263    .bss                heap_4.o
    0x200047b4   0x080047d4   0x00000004   PAD
    0x200047b8        -       0x00000400   Zero   RW            1    STACK               startup_stm32f405xx.o


    Execution Region RW_IRAM2 (Exec base: 0x2001c000, Load base: 0x080047d4, Size: 0x00000000, Max: 0x00004000, ABSOLUTE)

    **** No section assigned to this execution region ****


==============================================================================

Image component sizes


      Code (inc. data)   RO Data    RW Data    ZI Data      Debug   Object Name

       866         72          0          4        224       6508   can.o
       120          0          0          0          0      23281   cmsis_os.o
        60          4          0          0          0        750   dma.o
         0          0          0          0          0      16920   event_groups.o
       140         18         84          8        596       3153   freertos.o
      1734        212          0          0         32      11163   gimbal.o
       128         10          0          0          0        939   gpio.o
       164         18          0          0         72       2220   gyro.o
       472         24          0         32      15360       7395   heap_4.o
       448         54          0         20        168       6549   imu_data_decode.o
         0          0          0          0         12        188   iwdg.o
       138          0          0          0          0       3526   list.o
       270         20          0          0          0     692759   main.o
       108         10          0          0         96       2068   motor.o
       306         18          0         20          0       3000   packet.o
       212          8          0          0        616       1672   pid.o
       702         72          0         12          0      10932   port.o
       184          6          0          0         36       3166   rc.o
        36          8        392          0       1024        832   startup_stm32f405xx.o
        80         14          0         12          0       8042   stm32f4xx_hal.o
      1658          6          0          0          0      14211   stm32f4xx_hal_can.o
       194         24          0          0          0      33625   stm32f4xx_hal_cortex.o
       934         16          8          0          0       5583   stm32f4xx_hal_dma.o
       506         46          0          0          0       2179   stm32f4xx_hal_gpio.o
        12          0          0          0          0       1103   stm32f4xx_hal_iwdg.o
        56          4          0          0          0        826   stm32f4xx_hal_msp.o
      1412         86          0          0          0       5861   stm32f4xx_hal_rcc.o
       746         74          0          0          0       6925   stm32f4xx_hal_tim.o
       148         28          0          0          0       2465   stm32f4xx_hal_tim_ex.o
       152         20          0          0         72       1440   stm32f4xx_hal_timebase_tim.o
      1368         16          0          0          0       9200   stm32f4xx_hal_uart.o
       176         64          0          0          0       7405   stm32f4xx_it.o
        16          4         24          4          0       1091   system_stm32f4xx.o
      1692        126          0         60        240      20292   tasks.o
       144         26          0          0         72       1965   tim.o
       992         60          0          4         48       5415   uartidle.o
       820         98          0          1        480       4977   usart.o
       120         10          0          0         52       1823   vision.o

    ----------------------------------------------------------------------
     17346       1276        540        180      19204     931449   Object Totals
         0          0         32          0          0          0   (incl. Generated)
        32          0          0          3          4          0   (incl. Padding)

    ----------------------------------------------------------------------

      Code (inc. data)   RO Data    RW Data    ZI Data      Debug   Library Member Name

         0          0          0          0          0          0   entry.o
         0          0          0          0          0          0   entry10a.o
         0          0          0          0          0          0   entry11a.o
         4          0          0          0          0          0   entry12b.o
         8          4          0          0          0          0   entry2.o
         4          0          0          0          0          0   entry5.o
         0          0          0          0          0          0   entry7b.o
         0          0          0          0          0          0   entry8b.o
         8          4          0          0          0          0   entry9a.o
        30          0          0          0          0          0   handlers.o
        36          8          0          0          0         68   init.o
        30          0          0          0          0         68   llshl.o
        32          0          0          0          0         68   llushr.o
        36          0          0          0          0         68   memcpya.o
        36          0          0          0          0        108   memseta.o
        98          0          0          0          0         92   uldiv.o

    ----------------------------------------------------------------------
       322         16          0          0          0        472   Library Totals
         0          0          0          0          0          0   (incl. Padding)

    ----------------------------------------------------------------------

      Code (inc. data)   RO Data    RW Data    ZI Data      Debug   Library Name

       322         16          0          0          0        472   mc_w.l

    ----------------------------------------------------------------------
       322         16          0          0          0        472   Library Totals

    ----------------------------------------------------------------------

==============================================================================


      Code (inc. data)   RO Data    RW Data    ZI Data      Debug   

     17668       1292        540        180      19204     914269   Grand Totals
     17668       1292        540        180      19204     914269   ELF Image Totals
     17668       1292        540        180          0          0   ROM Totals

==============================================================================

    Total RO  Size (Code + RO Data)                18208 (  17.78kB)
    Total RW  Size (RW Data + ZI Data)             19384 (  18.93kB)
    Total ROM Size (Code + RO Data + RW Data)      18388 (  17.96kB)

==============================================================================

